<html>
<body>
<pre>
<h1>µVision Build Log</h1>
<h2>Tool Versions:</h2>
IDE-Version: µVision V5.39.0.0
Copyright (C) 2023 ARM Ltd and ARM Germany GmbH. All rights reserved.
License Information: nguyen trong_thuy, non, LIC=----
 
Tool Versions:
Toolchain:       MDK-Lite  Version: 5.39.0.0
Toolchain Path:  C:\Keil_v5\ARM\ARMCLANG\Bin
C Compiler:      ArmClang.exe V6.21
Assembler:       Armasm.exe V6.21
Linker/Locator:  ArmLink.exe V6.21
Library Manager: ArmAr.exe V6.21
Hex Converter:   FromElf.exe V6.21
CPU DLL:         SARMCM3.DLL V5.39.0.0
Dialog DLL:      DARMSTM.DLL V1.69.1.0
Target DLL:      UL2CM3.DLL V1.164.9.0
Dialog DLL:      TCM.DLL V1.56.4.0
 
<h2>Project:</h2>
E:\2.Embedded\microtroller\3.stm32fx\reg\stm32f10x\3.UART_USART\030__STM32F1_UART_USART_COMMUNICATION_BASICS_SETUP_Transmit_Tx and_Receive_Rx\030__STM32F1_UART_USART_COMMUNICATION_BASICS_SETUP_Transmit_Tx and_Receive_Rx.uvprojx
Project File Date:  02/24/2024

<h2>Output:</h2>
*** Using Compiler 'V6.21', folder: 'C:\Keil_v5\ARM\ARMCLANG\Bin'
Rebuild target 'Target 1'
assembling startup_stm32f10x_md.s...
main.c(1): warning: In file included from...
C:/Users/ASUS/AppData/Local/Arm/Packs/Keil/STM32F1xx_DFP/2.4.1/Device/Include\stm32f10x.h(18): warning: invalid UTF-8 in comment [-Winvalid-utf8]
   18 |   *              - To use or not the peripheral<92>s drivers in application code(i.e. 
      |                                                ^
C:/Users/ASUS/AppData/Local/Arm/Packs/Keil/STM32F1xx_DFP/2.4.1/Device/Include\stm32f10x.h(19): warning: invalid UTF-8 in comment [-Winvalid-utf8]
   19 |   *                code will be based on direct access to peripheral<92>s registers 
      |                                                                     ^
C:/Users/ASUS/AppData/Local/Arm/Packs/Keil/STM32F1xx_DFP/2.4.1/Device/Include\stm32f10x.h(26): warning: invalid UTF-8 in comment [-Winvalid-utf8]
   26 |   *           - Macros to access peripheral<92>s registers hardware
      |                                            ^
main.c(3): warning: In file included from...
./systick_time.h(6): warning: no newline at end of file [-Wnewline-eof]
    6 | void systick_int(unsigned short uart_1_mgr[], unsigned short uart_2_mgr[], unsigned short uart_3_mgr[]);
      |                                                                                                         ^
4 warnings generated.
compiling main.c...
systick_time.c(9): warning: In file included from...
./systick_time.h(6): warning: no newline at end of file [-Wnewline-eof]
    6 | void systick_int(unsigned short uart_1_mgr[], unsigned short uart_2_mgr[], unsigned short uart_3_mgr[]);
      |                                                                                                         ^
systick_time.c(10): warning: In file included from...
C:/Users/ASUS/AppData/Local/Arm/Packs/Keil/STM32F1xx_DFP/2.4.1/Device/Include\stm32f10x.h(18): warning: invalid UTF-8 in comment [-Winvalid-utf8]
   18 |   *              - To use or not the peripheral<92>s drivers in application code(i.e. 
      |                                                ^
C:/Users/ASUS/AppData/Local/Arm/Packs/Keil/STM32F1xx_DFP/2.4.1/Device/Include\stm32f10x.h(19): warning: invalid UTF-8 in comment [-Winvalid-utf8]
   19 |   *                code will be based on direct access to peripheral<92>s registers 
      |                                                                     ^
C:/Users/ASUS/AppData/Local/Arm/Packs/Keil/STM32F1xx_DFP/2.4.1/Device/Include\stm32f10x.h(26): warning: invalid UTF-8 in comment [-Winvalid-utf8]
   26 |   *           - Macros to access peripheral<92>s registers hardware
      |                                            ^
systick_time.c(24): warning: invalid UTF-8 in comment [-Winvalid-utf8]
   24 |                         1: Counting down to zero to asserts the SysTick exception request.      // <D0>em nguoc ve 0 can xac nhan y<EA>u cau ngoai le SysTick
      |                                                                                                    ^
systick_time.c(24): warning: invalid UTF-8 in comment [-Winvalid-utf8]
   24 |                         1: Counting down to zero to asserts the SysTick exception request.      // <D0>em nguoc ve 0 can xac nhan y<EA>u cau ngoai le SysTick
      |                                                                                                                                    ^
systick_time.c(55): warning: In file included from...
./systick_time.h(6): warning: no newline at end of file [-Wnewline-eof]
    6 | void systick_int(unsigned short uart_1_mgr[], unsigned short uart_2_mgr[], unsigned short uart_3_mgr[]);
      |                                                                                                         ^
systick_time.c(95): warning: unsafe buffer access [-Wunsafe-buffer-usage]
   95 |                 if(uart_1_mgr[6] == 0){
      |                    ^~~~~~~~~~
systick_time.c(97): warning: unsafe buffer access [-Wunsafe-buffer-usage]
   97 |                         uart_1_mgr[1] = 1;
      |                         ^~~~~~~~~~
systick_time.c(98): warning: unsafe buffer access [-Wunsafe-buffer-usage]
   98 |                         uart_1_mgr[5] = 0;
      |                         ^~~~~~~~~~
systick_time.c(101): warning: unsafe buffer access [-Wunsafe-buffer-usage]
  101 |                         uart_1_mgr[6]--;
      |                         ^~~~~~~~~~
systick_time.c(104): warning: unsafe buffer access [-Wunsafe-buffer-usage]
  104 |                 if(uart_2_mgr[6] == 0){
      |                    ^~~~~~~~~~
systick_time.c(106): warning: unsafe buffer access [-Wunsafe-buffer-usage]
  106 |                         uart_2_mgr[1] = 1;
      |                         ^~~~~~~~~~
systick_time.c(107): warning: unsafe buffer access [-Wunsafe-buffer-usage]
  107 |                         uart_2_mgr[5] = 0;
      |                         ^~~~~~~~~~
systick_time.c(110): warning: unsafe buffer access [-Wunsafe-buffer-usage]
  110 |                         uart_2_mgr[6]--;
      |                         ^~~~~~~~~~
systick_time.c(113): warning: unsafe buffer access [-Wunsafe-buffer-usage]
  113 |                 if(uart_3_mgr[6] == 0){
      |                    ^~~~~~~~~~
systick_time.c(115): warning: unsafe buffer access [-Wunsafe-buffer-usage]
  115 |                         uart_3_mgr[1] = 1;
      |                         ^~~~~~~~~~
systick_time.c(116): warning: unsafe buffer access [-Wunsafe-buffer-usage]
  116 |                         uart_3_mgr[5] = 0;
      |                         ^~~~~~~~~~
systick_time.c(119): warning: unsafe buffer access [-Wunsafe-buffer-usage]
  119 |                         uart_3_mgr[6]--;
      |                         ^~~~~~~~~~
19 warnings generated.
compiling systick_time.c...
RTE/Device/STM32F103C8/system_stm32f10x.c(64): warning: In file included from...
C:/Users/ASUS/AppData/Local/Arm/Packs/Keil/STM32F1xx_DFP/2.4.1/Device/Include\stm32f10x.h(18): warning: invalid UTF-8 in comment [-Winvalid-utf8]
   18 |   *              - To use or not the peripheral<92>s drivers in application code(i.e. 
      |                                                ^
C:/Users/ASUS/AppData/Local/Arm/Packs/Keil/STM32F1xx_DFP/2.4.1/Device/Include\stm32f10x.h(19): warning: invalid UTF-8 in comment [-Winvalid-utf8]
   19 |   *                code will be based on direct access to peripheral<92>s registers 
      |                                                                     ^
C:/Users/ASUS/AppData/Local/Arm/Packs/Keil/STM32F1xx_DFP/2.4.1/Device/Include\stm32f10x.h(26): warning: invalid UTF-8 in comment [-Winvalid-utf8]
   26 |   *           - Macros to access peripheral<92>s registers hardware
      |                                            ^
RTE/Device/STM32F103C8/system_stm32f10x.c(166): warning: no previous extern declaration for non-static variable 'AHBPrescTable' [-Wmissing-variable-declarations]
  166 | __I uint8_t AHBPrescTable[16] = {0, 0, 0, 0, 0, 0, 0, 0, 1, 2, 3, 4, 6, 7, 8, 9};
      |             ^
RTE/Device/STM32F103C8/system_stm32f10x.c(166): note: declare 'static' if the variable is not intended to be used outside of this translation unit
  166 | __I uint8_t AHBPrescTable[16] = {0, 0, 0, 0, 0, 0, 0, 0, 1, 2, 3, 4, 6, 7, 8, 9};
      |     ^
RTE/Device/STM32F103C8/system_stm32f10x.c(408): warning: unsafe buffer access [-Wunsafe-buffer-usage]
  408 |   tmp = AHBPrescTable[((RCC->CFGR & RCC_CFGR_HPRE) >> 4)];
      |         ^~~~~~~~~~~~~
5 warnings generated.
compiling system_stm32f10x.c...
gp_driver.c(2): warning: In file included from...
C:/Users/ASUS/AppData/Local/Arm/Packs/Keil/STM32F1xx_DFP/2.4.1/Device/Include\stm32f10x.h(18): warning: invalid UTF-8 in comment [-Winvalid-utf8]
   18 |   *              - To use or not the peripheral<92>s drivers in application code(i.e. 
      |                                                ^
C:/Users/ASUS/AppData/Local/Arm/Packs/Keil/STM32F1xx_DFP/2.4.1/Device/Include\stm32f10x.h(19): warning: invalid UTF-8 in comment [-Winvalid-utf8]
   19 |   *                code will be based on direct access to peripheral<92>s registers 
      |                                                                     ^
C:/Users/ASUS/AppData/Local/Arm/Packs/Keil/STM32F1xx_DFP/2.4.1/Device/Include\stm32f10x.h(26): warning: invalid UTF-8 in comment [-Winvalid-utf8]
   26 |   *           - Macros to access peripheral<92>s registers hardware
      |                                            ^
gp_driver.c(87): warning: invalid UTF-8 in comment [-Winvalid-utf8]
   87 |                 EXTI->IMR(Interrupt mask register): Kiem soat viec cho ph<E9>p hoac ngan chan tung duong ngat ngoai tao ra mot yeu cau ngat cho CPU
      |                                                                          ^
gp_driver.c(124): warning: invalid UTF-8 in comment [-Winvalid-utf8]
  124 |         //NVIC_EnableIRQ(EXTI0_IRQn); // K<ED>ch hoat ngat EXTI0 trong bo dieu khien ngat (NVIC)
      |                                           ^
gp_driver.c(106): warning: mixing declarations and code is incompatible with standards before C99 [-Wdeclaration-after-statement]
  106 |         unsigned int x = (((Port == 2))?1:0) + ((Port == 3)? 2:0);
      |                      ^
gp_driver.c(108): warning: unsafe buffer access [-Wunsafe-buffer-usage]
  108 |         AFIO->EXTICR[Pin] = x;
      |         ^~~~~~~~~~~~
C:/Users/ASUS/AppData/Local/Arm/Packs/Keil/STM32F1xx_DFP/2.4.1/Device/Include\stm32f10x.h(1414): note: expanded from macro 'AFIO'
 1414 | #define AFIO                ((AFIO_TypeDef *) AFIO_BASE)
      |                             ^
7 warnings generated.
compiling gp_driver.c...
linking...
Program Size: Code=1564 RO-data=268 RW-data=4 ZI-data=1632  
".\Objects\030__STM32F1_UART_USART_COMMUNICATION_BASICS_SETUP_Transmit_Tx and_Receive_Rx.axf" - 0 Error(s), 35 Warning(s).

<h2>Software Packages used:</h2>

Package Vendor: ARM
                http://www.keil.com/pack/ARM.CMSIS.5.9.0.pack
                ARM::CMSIS@5.9.0
                CMSIS (Common Microcontroller Software Interface Standard)
   * Component: CORE Version: 5.6.0

Package Vendor: Keil
                https://www.keil.com/pack/Keil.STM32F1xx_DFP.2.4.1.pack
                Keil::STM32F1xx_DFP@2.4.1
                STMicroelectronics STM32F1 Series Device Support, Drivers and Examples
   * Component: Startup Version: 1.0.0

<h2>Collection of Component include folders:</h2>
  ./RTE/Device/STM32F103C8
  ./RTE/_Target_1
  C:/Users/ASUS/AppData/Local/Arm/Packs/ARM/CMSIS/5.9.0/CMSIS/Core/Include
  C:/Users/ASUS/AppData/Local/Arm/Packs/Keil/STM32F1xx_DFP/2.4.1/Device/Include

<h2>Collection of Component Files used:</h2>

   * Component: ARM::CMSIS:CORE@5.6.0

   * Component: Keil::Device:Startup@1.0.0
      Source file:   Device/Source/ARM/STM32F1xx_OPT.s
      Include file:  RTE_Driver/Config/RTE_Device.h
      Source file:   Device/Source/ARM/startup_stm32f10x_md.s
      Source file:   Device/Source/system_stm32f10x.c
Build Time Elapsed:  00:00:00
</pre>
</body>
</html>
