Component: Arm Compiler for Embedded 6.21 Tool: armlink [5ec1fa00]

==============================================================================

Section Cross References

    main.o(.text.main) refers to systick_time.o(.text.Systick_init) for Systick_init
    main.o(.text.main) refers to uart_driver.o(.text.UART_init) for UART_init
    main.o(.text.main) refers to systick_time.o(.text.Delayms) for Delayms
    main.o(.text.main) refers to esp01_lib.o(.text.esp_menu) for esp_menu
    main.o(.text.main) refers to main.o(.data.uart_2_mgr) for uart_2_mgr
    main.o(.text.main) refers to main.o(.bss.UART2_msg) for UART2_msg
    main.o(.text.main) refers to uart_driver.o(.text.UART_SEND) for UART_SEND
    main.o(.text.main) refers to help_func.o(.text.str_empty) for str_empty
    main.o(.text.main) refers to main.o(.data.uart_3_mgr) for uart_3_mgr
    main.o(.text.main) refers to main.o(.bss.UART3_msg) for UART3_msg
    main.o(.ARM.exidx.text.main) refers to main.o(.text.main) for [Anonymous Symbol]
    main.o(.text.USART2_IRQHandler) refers to main.o(.data.uart_2_mgr) for uart_2_mgr
    main.o(.text.USART2_IRQHandler) refers to main.o(.bss.UART2_msg) for UART2_msg
    main.o(.text.USART2_IRQHandler) refers to uart_driver.o(.text.UART_ISR) for UART_ISR
    main.o(.ARM.exidx.text.USART2_IRQHandler) refers to main.o(.text.USART2_IRQHandler) for [Anonymous Symbol]
    main.o(.text.USART3_IRQHandler) refers to main.o(.data.uart_3_mgr) for uart_3_mgr
    main.o(.text.USART3_IRQHandler) refers to main.o(.bss.UART3_msg) for UART3_msg
    main.o(.text.USART3_IRQHandler) refers to uart_driver.o(.text.UART_ISR) for UART_ISR
    main.o(.ARM.exidx.text.USART3_IRQHandler) refers to main.o(.text.USART3_IRQHandler) for [Anonymous Symbol]
    main.o(.text.SysTick_Handler) refers to main.o(.data.uart_1_mgr) for uart_1_mgr
    main.o(.text.SysTick_Handler) refers to main.o(.data.uart_2_mgr) for uart_2_mgr
    main.o(.text.SysTick_Handler) refers to main.o(.data.uart_3_mgr) for uart_3_mgr
    main.o(.text.SysTick_Handler) refers to systick_time.o(.text.systick_int) for systick_int
    main.o(.ARM.exidx.text.SysTick_Handler) refers to main.o(.text.SysTick_Handler) for [Anonymous Symbol]
    gp_driver.o(.ARM.exidx.text.init_gp) refers to gp_driver.o(.text.init_gp) for [Anonymous Symbol]
    gp_driver.o(.ARM.exidx.text.R_GP) refers to gp_driver.o(.text.R_GP) for [Anonymous Symbol]
    gp_driver.o(.ARM.exidx.text.W_GP) refers to gp_driver.o(.text.W_GP) for [Anonymous Symbol]
    help_func.o(.ARM.exidx.text.str_len) refers to help_func.o(.text.str_len) for [Anonymous Symbol]
    help_func.o(.text.find_str) refers to help_func.o(.text.str_len) for str_len
    help_func.o(.ARM.exidx.text.find_str) refers to help_func.o(.text.find_str) for [Anonymous Symbol]
    help_func.o(.text.find_strL) refers to help_func.o(.text.str_len) for str_len
    help_func.o(.text.find_strL) refers to help_func.o(.text.find_str) for find_str
    help_func.o(.ARM.exidx.text.find_strL) refers to help_func.o(.text.find_strL) for [Anonymous Symbol]
    help_func.o(.ARM.exidx.text.Concatstr) refers to help_func.o(.text.Concatstr) for [Anonymous Symbol]
    help_func.o(.ARM.exidx.text.int_cvt_char) refers to help_func.o(.text.int_cvt_char) for [Anonymous Symbol]
    help_func.o(.text.char_cvt_int) refers to help_func.o(.text.str_len) for str_len
    help_func.o(.text.char_cvt_int) refers to help_func.o(.rodata.str1.1) for .L.str
    help_func.o(.text.char_cvt_int) refers to help_func.o(.text.find_str) for find_str
    help_func.o(.ARM.exidx.text.char_cvt_int) refers to help_func.o(.text.char_cvt_int) for [Anonymous Symbol]
    help_func.o(.ARM.exidx.text.str_empty) refers to help_func.o(.text.str_empty) for [Anonymous Symbol]
    systick_time.o(.ARM.exidx.text.Systick_init) refers to systick_time.o(.text.Systick_init) for [Anonymous Symbol]
    systick_time.o(.ARM.exidx.text.DelayMilis) refers to systick_time.o(.text.DelayMilis) for [Anonymous Symbol]
    systick_time.o(.text.Delayms) refers to systick_time.o(.text.DelayMilis) for DelayMilis
    systick_time.o(.ARM.exidx.text.Delayms) refers to systick_time.o(.text.Delayms) for [Anonymous Symbol]
    systick_time.o(.ARM.exidx.text.systick_int_start) refers to systick_time.o(.text.systick_int_start) for [Anonymous Symbol]
    systick_time.o(.text.systick_int) refers to systick_time.o(.text.Systick_init) for Systick_init
    systick_time.o(.ARM.exidx.text.systick_int) refers to systick_time.o(.text.systick_int) for [Anonymous Symbol]
    uart_driver.o(.text.UART_BRR) refers to dflt_clz.o(x$fpl$dfltu) for __aeabi_ui2d
    uart_driver.o(.text.UART_BRR) refers to ddiv.o(x$fpl$ddiv) for __aeabi_ddiv
    uart_driver.o(.text.UART_BRR) refers to daddsub_clz.o(x$fpl$dsub) for __aeabi_dsub
    uart_driver.o(.text.UART_BRR) refers to dmul.o(x$fpl$dmul) for __aeabi_dmul
    uart_driver.o(.text.UART_BRR) refers to dfixu.o(x$fpl$dfixu) for __aeabi_d2uiz
    uart_driver.o(.text.UART_BRR) refers to dcmp.o(x$fpl$fcmp) for __aeabi_dcmple
    uart_driver.o(.ARM.exidx.text.UART_BRR) refers to uart_driver.o(.text.UART_BRR) for [Anonymous Symbol]
    uart_driver.o(.text.UART_init) refers to uart_driver.o(.text.UART_BRR) for UART_BRR
    uart_driver.o(.text.UART_init) refers to gp_driver.o(.text.init_gp) for init_gp
    uart_driver.o(.text.UART_init) refers to uart_driver.o(.text.__NVIC_EnableIRQ) for __NVIC_EnableIRQ
    uart_driver.o(.ARM.exidx.text.UART_init) refers to uart_driver.o(.text.UART_init) for [Anonymous Symbol]
    uart_driver.o(.ARM.exidx.text.__NVIC_EnableIRQ) refers to uart_driver.o(.text.__NVIC_EnableIRQ) for [Anonymous Symbol]
    uart_driver.o(.ARM.exidx.text.UART_Rx) refers to uart_driver.o(.text.UART_Rx) for [Anonymous Symbol]
    uart_driver.o(.ARM.exidx.text.UART_Tx) refers to uart_driver.o(.text.UART_Tx) for [Anonymous Symbol]
    uart_driver.o(.text.UART_SEND) refers to uart_driver.o(.text.UART_Tx) for UART_Tx
    uart_driver.o(.ARM.exidx.text.UART_SEND) refers to uart_driver.o(.text.UART_SEND) for [Anonymous Symbol]
    uart_driver.o(.text.UART_ISR) refers to uart_driver.o(.text.UART_Rx) for UART_Rx
    uart_driver.o(.text.UART_ISR) refers to systick_time.o(.text.systick_int_start) for systick_int_start
    uart_driver.o(.text.UART_ISR) refers to uart_driver.o(.text.UART_Tx) for UART_Tx
    uart_driver.o(.ARM.exidx.text.UART_ISR) refers to uart_driver.o(.text.UART_ISR) for [Anonymous Symbol]
    uart_driver.o(.text.UART_MSG) refers to uart_driver.o(.text.UART_SEND) for UART_SEND
    uart_driver.o(.ARM.exidx.text.UART_MSG) refers to uart_driver.o(.text.UART_MSG) for [Anonymous Symbol]
    esp01_lib.o(.text.esp_init) refers to esp01_lib.o(.rodata.str1.1) for .L.str.3
    esp01_lib.o(.text.esp_init) refers to esp01_lib.o(.text.esp_master_cmd) for esp_master_cmd
    esp01_lib.o(.text.esp_init) refers to esp01_lib.o(.text.esp_net_auto_connect) for esp_net_auto_connect
    esp01_lib.o(.text.esp_init) refers to esp01_lib.o(.text.esp_menu) for esp_menu
    esp01_lib.o(.text.esp_init) refers to uart_driver.o(.text.UART_SEND) for UART_SEND
    esp01_lib.o(.ARM.exidx.text.esp_init) refers to esp01_lib.o(.text.esp_init) for [Anonymous Symbol]
    esp01_lib.o(.text.esp_master_cmd) refers to esp01_lib.o(.text.esp_core_cmd) for esp_core_cmd
    esp01_lib.o(.text.esp_master_cmd) refers to uart_driver.o(.text.UART_SEND) for UART_SEND
    esp01_lib.o(.ARM.exidx.text.esp_master_cmd) refers to esp01_lib.o(.text.esp_master_cmd) for [Anonymous Symbol]
    esp01_lib.o(.text.esp_net_auto_connect) refers to esp01_lib.o(.rodata..L__const.esp_net_auto_connect.ESP_cmd) for .L__const.esp_net_auto_connect.ESP_cmd
    esp01_lib.o(.text.esp_net_auto_connect) refers to rt_memcpy_v6.o(.text) for __aeabi_memcpy
    esp01_lib.o(.text.esp_net_auto_connect) refers to help_func.o(.text.Concatstr) for Concatstr
    esp01_lib.o(.text.esp_net_auto_connect) refers to esp01_lib.o(.rodata.str1.1) for .L.str.44
    esp01_lib.o(.text.esp_net_auto_connect) refers to esp01_lib.o(.text.esp_master_cmd) for esp_master_cmd
    esp01_lib.o(.ARM.exidx.text.esp_net_auto_connect) refers to esp01_lib.o(.text.esp_net_auto_connect) for [Anonymous Symbol]
    esp01_lib.o(.text.esp_menu) refers to esp01_lib.o(.rodata.str1.1) for .L.str.38
    esp01_lib.o(.text.esp_menu) refers to uart_driver.o(.text.UART_SEND) for UART_SEND
    esp01_lib.o(.ARM.exidx.text.esp_menu) refers to esp01_lib.o(.text.esp_menu) for [Anonymous Symbol]
    esp01_lib.o(.text.esp_setup) refers to esp01_lib.o(.rodata.str1.1) for .L.str.11
    esp01_lib.o(.text.esp_setup) refers to help_func.o(.text.find_strL) for find_strL
    esp01_lib.o(.text.esp_setup) refers to esp01_lib.o(.text.esp_master_cmd) for esp_master_cmd
    esp01_lib.o(.text.esp_setup) refers to esp01_lib.o(.text.esp_menu) for esp_menu
    esp01_lib.o(.text.esp_setup) refers to uart_driver.o(.text.UART_SEND) for UART_SEND
    esp01_lib.o(.text.esp_setup) refers to help_func.o(.text.str_empty) for str_empty
    esp01_lib.o(.text.esp_setup) refers to esp01_lib.o(.text.esp_man_mode) for esp_man_mode
    esp01_lib.o(.text.esp_setup) refers to esp01_lib.o(.text.esp_net_auto_connect) for esp_net_auto_connect
    esp01_lib.o(.text.esp_setup) refers to esp01_lib.o(.text.esp_net_manual_connect) for esp_net_manual_connect
    esp01_lib.o(.ARM.exidx.text.esp_setup) refers to esp01_lib.o(.text.esp_setup) for [Anonymous Symbol]
    esp01_lib.o(.text.esp_man_mode) refers to esp01_lib.o(.rodata.str1.1) for .L.str.39
    esp01_lib.o(.text.esp_man_mode) refers to uart_driver.o(.text.UART_SEND) for UART_SEND
    esp01_lib.o(.text.esp_man_mode) refers to help_func.o(.text.find_strL) for find_strL
    esp01_lib.o(.text.esp_man_mode) refers to help_func.o(.text.Concatstr) for Concatstr
    esp01_lib.o(.text.esp_man_mode) refers to help_func.o(.text.str_empty) for str_empty
    esp01_lib.o(.ARM.exidx.text.esp_man_mode) refers to esp01_lib.o(.text.esp_man_mode) for [Anonymous Symbol]
    esp01_lib.o(.text.esp_net_manual_connect) refers to esp01_lib.o(.rodata..L__const.esp_net_manual_connect.ESP_cmd) for .L__const.esp_net_manual_connect.ESP_cmd
    esp01_lib.o(.text.esp_net_manual_connect) refers to rt_memcpy_v6.o(.text) for __aeabi_memcpy
    esp01_lib.o(.text.esp_net_manual_connect) refers to esp01_lib.o(.rodata.str1.1) for .L.str.51
    esp01_lib.o(.text.esp_net_manual_connect) refers to uart_driver.o(.text.UART_MSG) for UART_MSG
    esp01_lib.o(.text.esp_net_manual_connect) refers to help_func.o(.text.Concatstr) for Concatstr
    esp01_lib.o(.text.esp_net_manual_connect) refers to help_func.o(.text.str_empty) for str_empty
    esp01_lib.o(.text.esp_net_manual_connect) refers to esp01_lib.o(.text.esp_master_cmd) for esp_master_cmd
    esp01_lib.o(.ARM.exidx.text.esp_net_manual_connect) refers to esp01_lib.o(.text.esp_net_manual_connect) for [Anonymous Symbol]
    esp01_lib.o(.text.esp_core_cmd) refers to uart_driver.o(.text.UART_MSG) for UART_MSG
    esp01_lib.o(.text.esp_core_cmd) refers to uart_driver.o(.text.UART_SEND) for UART_SEND
    esp01_lib.o(.text.esp_core_cmd) refers to help_func.o(.text.find_str) for find_str
    esp01_lib.o(.text.esp_core_cmd) refers to help_func.o(.text.str_empty) for str_empty
    esp01_lib.o(.ARM.exidx.text.esp_core_cmd) refers to esp01_lib.o(.text.esp_core_cmd) for [Anonymous Symbol]
    startup_stm32f10x_md.o(STACK) refers (Special) to heapauxi.o(.text) for __use_two_region_memory
    startup_stm32f10x_md.o(HEAP) refers (Special) to heapauxi.o(.text) for __use_two_region_memory
    startup_stm32f10x_md.o(RESET) refers (Special) to heapauxi.o(.text) for __use_two_region_memory
    startup_stm32f10x_md.o(RESET) refers to startup_stm32f10x_md.o(STACK) for __initial_sp
    startup_stm32f10x_md.o(RESET) refers to startup_stm32f10x_md.o(.text) for Reset_Handler
    startup_stm32f10x_md.o(RESET) refers to main.o(.text.SysTick_Handler) for SysTick_Handler
    startup_stm32f10x_md.o(RESET) refers to main.o(.text.USART2_IRQHandler) for USART2_IRQHandler
    startup_stm32f10x_md.o(RESET) refers to main.o(.text.USART3_IRQHandler) for USART3_IRQHandler
    startup_stm32f10x_md.o(.text) refers (Special) to heapauxi.o(.text) for __use_two_region_memory
    startup_stm32f10x_md.o(.text) refers to system_stm32f10x.o(.text.SystemInit) for SystemInit
    startup_stm32f10x_md.o(.text) refers to __main.o(!!!main) for __main
    startup_stm32f10x_md.o(.text) refers to startup_stm32f10x_md.o(HEAP) for Heap_Mem
    startup_stm32f10x_md.o(.text) refers to startup_stm32f10x_md.o(STACK) for Stack_Mem
    system_stm32f10x.o(.text.SystemInit) refers to system_stm32f10x.o(.text.SetSysClock) for SetSysClock
    system_stm32f10x.o(.ARM.exidx.text.SystemInit) refers to system_stm32f10x.o(.text.SystemInit) for [Anonymous Symbol]
    system_stm32f10x.o(.text.SetSysClock) refers to system_stm32f10x.o(.text.SetSysClockTo72) for SetSysClockTo72
    system_stm32f10x.o(.ARM.exidx.text.SetSysClock) refers to system_stm32f10x.o(.text.SetSysClock) for [Anonymous Symbol]
    system_stm32f10x.o(.text.SystemCoreClockUpdate) refers to system_stm32f10x.o(.data.SystemCoreClock) for SystemCoreClock
    system_stm32f10x.o(.text.SystemCoreClockUpdate) refers to system_stm32f10x.o(.rodata.AHBPrescTable) for AHBPrescTable
    system_stm32f10x.o(.ARM.exidx.text.SystemCoreClockUpdate) refers to system_stm32f10x.o(.text.SystemCoreClockUpdate) for [Anonymous Symbol]
    system_stm32f10x.o(.ARM.exidx.text.SetSysClockTo72) refers to system_stm32f10x.o(.text.SetSysClockTo72) for [Anonymous Symbol]
    rt_memcpy_v6.o(.text) refers to rt_memcpy_w.o(.text) for __aeabi_memcpy4
    __main.o(!!!main) refers to __rtentry.o(.ARM.Collect$$rtentry$$00000000) for __rt_entry
    daddsub_clz.o(x$fpl$dadd) refers (Special) to usenofp.o(x$fpl$usenofp) for __I$use$fp
    daddsub_clz.o(x$fpl$dadd) refers to daddsub_clz.o(x$fpl$dsub) for _dsub1
    daddsub_clz.o(x$fpl$dadd) refers to dretinf.o(x$fpl$dretinf) for __fpl_dretinf
    daddsub_clz.o(x$fpl$dadd) refers to dnaninf.o(x$fpl$dnaninf) for __fpl_dnaninf
    daddsub_clz.o(x$fpl$drsb) refers (Special) to usenofp.o(x$fpl$usenofp) for __I$use$fp
    daddsub_clz.o(x$fpl$drsb) refers to daddsub_clz.o(x$fpl$dadd) for _dadd1
    daddsub_clz.o(x$fpl$drsb) refers to daddsub_clz.o(x$fpl$dsub) for _dsub1
    daddsub_clz.o(x$fpl$dsub) refers (Special) to usenofp.o(x$fpl$usenofp) for __I$use$fp
    daddsub_clz.o(x$fpl$dsub) refers to daddsub_clz.o(x$fpl$dadd) for _dadd1
    daddsub_clz.o(x$fpl$dsub) refers to dnaninf.o(x$fpl$dnaninf) for __fpl_dnaninf
    dcmp.o(x$fpl$fcmp) refers (Special) to usenofp.o(x$fpl$usenofp) for __I$use$fp
    dcmp.o(x$fpl$fcmp) refers to deqf.o(x$fpl$deqf) for _dcmpeq
    dcmp.o(x$fpl$fcmp) refers to dgeqf.o(x$fpl$dgeqf) for _dcmpge
    dcmp.o(x$fpl$fcmp) refers to dleqf.o(x$fpl$dleqf) for _dcmple
    ddiv.o(x$fpl$drdiv) refers (Special) to usenofp.o(x$fpl$usenofp) for __I$use$fp
    ddiv.o(x$fpl$drdiv) refers to ddiv.o(x$fpl$ddiv) for ddiv_entry
    ddiv.o(x$fpl$ddiv) refers (Special) to usenofp.o(x$fpl$usenofp) for __I$use$fp
    ddiv.o(x$fpl$ddiv) refers to dretinf.o(x$fpl$dretinf) for __fpl_dretinf
    ddiv.o(x$fpl$ddiv) refers to dnaninf.o(x$fpl$dnaninf) for __fpl_dnaninf
    dfixu.o(x$fpl$dfixu) refers (Special) to usenofp.o(x$fpl$usenofp) for __I$use$fp
    dfixu.o(x$fpl$dfixu) refers to dnaninf.o(x$fpl$dnaninf) for __fpl_dnaninf
    dfixu.o(x$fpl$dfixur) refers (Special) to usenofp.o(x$fpl$usenofp) for __I$use$fp
    dfixu.o(x$fpl$dfixur) refers to dnaninf.o(x$fpl$dnaninf) for __fpl_dnaninf
    dflt_clz.o(x$fpl$dfltu) refers (Special) to usenofp.o(x$fpl$usenofp) for __I$use$fp
    dflt_clz.o(x$fpl$dflt) refers (Special) to usenofp.o(x$fpl$usenofp) for __I$use$fp
    dflt_clz.o(x$fpl$dfltn) refers (Special) to usenofp.o(x$fpl$usenofp) for __I$use$fp
    dmul.o(x$fpl$dmul) refers (Special) to usenofp.o(x$fpl$usenofp) for __I$use$fp
    dmul.o(x$fpl$dmul) refers to dretinf.o(x$fpl$dretinf) for __fpl_dretinf
    dmul.o(x$fpl$dmul) refers to dnaninf.o(x$fpl$dnaninf) for __fpl_dnaninf
    __rtentry.o(.ARM.Collect$$rtentry$$00000000) refers (Special) to __rtentry2.o(.ARM.Collect$$rtentry$$0000000A) for __rt_entry_li
    __rtentry.o(.ARM.Collect$$rtentry$$00000000) refers (Special) to __rtentry2.o(.ARM.Collect$$rtentry$$0000000D) for __rt_entry_main
    __rtentry.o(.ARM.Collect$$rtentry$$00000000) refers (Special) to __rtentry2.o(.ARM.Collect$$rtentry$$0000000C) for __rt_entry_postli_1
    __rtentry.o(.ARM.Collect$$rtentry$$00000000) refers (Special) to __rtentry2.o(.ARM.Collect$$rtentry$$00000009) for __rt_entry_postsh_1
    __rtentry.o(.ARM.Collect$$rtentry$$00000000) refers (Special) to __rtentry2.o(.ARM.Collect$$rtentry$$00000002) for __rt_entry_presh_1
    __rtentry.o(.ARM.Collect$$rtentry$$00000000) refers (Special) to __rtentry4.o(.ARM.Collect$$rtentry$$00000004) for __rt_entry_sh
    deqf.o(x$fpl$deqf) refers (Special) to usenofp.o(x$fpl$usenofp) for __I$use$fp
    deqf.o(x$fpl$deqf) refers to dnaninf.o(x$fpl$dnaninf) for __fpl_dnaninf
    deqf.o(x$fpl$deqf) refers to dcmpi.o(x$fpl$dcmpinf) for __fpl_dcmp_Inf
    dgeqf.o(x$fpl$dgeqf) refers (Special) to usenofp.o(x$fpl$usenofp) for __I$use$fp
    dgeqf.o(x$fpl$dgeqf) refers to dnaninf.o(x$fpl$dnaninf) for __fpl_dnaninf
    dgeqf.o(x$fpl$dgeqf) refers to dcmpi.o(x$fpl$dcmpinf) for __fpl_dcmp_Inf
    dleqf.o(x$fpl$dleqf) refers (Special) to usenofp.o(x$fpl$usenofp) for __I$use$fp
    dleqf.o(x$fpl$dleqf) refers to dnaninf.o(x$fpl$dnaninf) for __fpl_dnaninf
    dleqf.o(x$fpl$dleqf) refers to dcmpi.o(x$fpl$dcmpinf) for __fpl_dcmp_Inf
    dnaninf.o(x$fpl$dnaninf) refers (Special) to usenofp.o(x$fpl$usenofp) for __I$use$fp
    dretinf.o(x$fpl$dretinf) refers (Special) to usenofp.o(x$fpl$usenofp) for __I$use$fp
    __rtentry2.o(.ARM.Collect$$rtentry$$00000008) refers to boardinit2.o(.text) for _platform_post_stackheap_init
    __rtentry2.o(.ARM.Collect$$rtentry$$0000000A) refers to libinit.o(.ARM.Collect$$libinit$$00000000) for __rt_lib_init
    __rtentry2.o(.ARM.Collect$$rtentry$$0000000B) refers to boardinit3.o(.text) for _platform_post_lib_init
    __rtentry2.o(.ARM.Collect$$rtentry$$0000000D) refers to main.o(.text.main) for main
    __rtentry2.o(.ARM.Collect$$rtentry$$0000000D) refers to exit.o(.text) for exit
    __rtentry2.o(.ARM.exidx) refers to __rtentry2.o(.ARM.Collect$$rtentry$$00000001) for .ARM.Collect$$rtentry$$00000001
    __rtentry2.o(.ARM.exidx) refers to __rtentry2.o(.ARM.Collect$$rtentry$$00000008) for .ARM.Collect$$rtentry$$00000008
    __rtentry2.o(.ARM.exidx) refers to __rtentry2.o(.ARM.Collect$$rtentry$$0000000A) for .ARM.Collect$$rtentry$$0000000A
    __rtentry2.o(.ARM.exidx) refers to __rtentry2.o(.ARM.Collect$$rtentry$$0000000B) for .ARM.Collect$$rtentry$$0000000B
    __rtentry2.o(.ARM.exidx) refers to __rtentry2.o(.ARM.Collect$$rtentry$$0000000D) for .ARM.Collect$$rtentry$$0000000D
    __rtentry4.o(.ARM.Collect$$rtentry$$00000004) refers to sys_stackheap_outer.o(.text) for __user_setup_stackheap
    __rtentry4.o(.ARM.exidx) refers to __rtentry4.o(.ARM.Collect$$rtentry$$00000004) for .ARM.Collect$$rtentry$$00000004
    dcmpi.o(x$fpl$dcmpinf) refers (Special) to usenofp.o(x$fpl$usenofp) for __I$use$fp
    sys_stackheap_outer.o(.text) refers to libspace.o(.text) for __user_perproc_libspace
    sys_stackheap_outer.o(.text) refers to startup_stm32f10x_md.o(.text) for __user_initial_stackheap
    exit.o(.text) refers to rtexit.o(.ARM.Collect$$rtexit$$00000000) for __rt_exit
    libinit.o(.ARM.Collect$$libinit$$00000000) refers (Special) to libinit2.o(.ARM.Collect$$libinit$$00000030) for __rt_lib_init_alloca_1
    libinit.o(.ARM.Collect$$libinit$$00000000) refers (Special) to libinit2.o(.ARM.Collect$$libinit$$0000002E) for __rt_lib_init_argv_1
    libinit.o(.ARM.Collect$$libinit$$00000000) refers (Special) to libinit2.o(.ARM.Collect$$libinit$$0000001D) for __rt_lib_init_atexit_1
    libinit.o(.ARM.Collect$$libinit$$00000000) refers (Special) to libinit2.o(.ARM.Collect$$libinit$$00000023) for __rt_lib_init_clock_1
    libinit.o(.ARM.Collect$$libinit$$00000000) refers (Special) to libinit2.o(.ARM.Collect$$libinit$$00000034) for __rt_lib_init_cpp_1
    libinit.o(.ARM.Collect$$libinit$$00000000) refers (Special) to libinit2.o(.ARM.Collect$$libinit$$00000032) for __rt_lib_init_exceptions_1
    libinit.o(.ARM.Collect$$libinit$$00000000) refers (Special) to libinit2.o(.ARM.Collect$$libinit$$00000002) for __rt_lib_init_fp_1
    libinit.o(.ARM.Collect$$libinit$$00000000) refers (Special) to libinit2.o(.ARM.Collect$$libinit$$00000021) for __rt_lib_init_fp_trap_1
    libinit.o(.ARM.Collect$$libinit$$00000000) refers (Special) to libinit2.o(.ARM.Collect$$libinit$$00000025) for __rt_lib_init_getenv_1
    libinit.o(.ARM.Collect$$libinit$$00000000) refers (Special) to libinit2.o(.ARM.Collect$$libinit$$0000000C) for __rt_lib_init_heap_1
    libinit.o(.ARM.Collect$$libinit$$00000000) refers (Special) to libinit2.o(.ARM.Collect$$libinit$$00000013) for __rt_lib_init_lc_collate_1
    libinit.o(.ARM.Collect$$libinit$$00000000) refers (Special) to libinit2.o(.ARM.Collect$$libinit$$00000015) for __rt_lib_init_lc_ctype_1
    libinit.o(.ARM.Collect$$libinit$$00000000) refers (Special) to libinit2.o(.ARM.Collect$$libinit$$00000017) for __rt_lib_init_lc_monetary_1
    libinit.o(.ARM.Collect$$libinit$$00000000) refers (Special) to libinit2.o(.ARM.Collect$$libinit$$00000019) for __rt_lib_init_lc_numeric_1
    libinit.o(.ARM.Collect$$libinit$$00000000) refers (Special) to libinit2.o(.ARM.Collect$$libinit$$0000001B) for __rt_lib_init_lc_time_1
    libinit.o(.ARM.Collect$$libinit$$00000000) refers (Special) to libinit2.o(.ARM.Collect$$libinit$$00000006) for __rt_lib_init_preinit_1
    libinit.o(.ARM.Collect$$libinit$$00000000) refers (Special) to libinit2.o(.ARM.Collect$$libinit$$00000010) for __rt_lib_init_rand_1
    libinit.o(.ARM.Collect$$libinit$$00000000) refers (Special) to libinit2.o(.ARM.Collect$$libinit$$00000004) for __rt_lib_init_relocate_pie_1
    libinit.o(.ARM.Collect$$libinit$$00000000) refers (Special) to libinit2.o(.ARM.Collect$$libinit$$00000035) for __rt_lib_init_return
    libinit.o(.ARM.Collect$$libinit$$00000000) refers (Special) to libinit2.o(.ARM.Collect$$libinit$$0000001F) for __rt_lib_init_signal_1
    libinit.o(.ARM.Collect$$libinit$$00000000) refers (Special) to libinit2.o(.ARM.Collect$$libinit$$00000027) for __rt_lib_init_stdio_1
    libinit.o(.ARM.Collect$$libinit$$00000000) refers (Special) to libinit2.o(.ARM.Collect$$libinit$$0000000E) for __rt_lib_init_user_alloc_1
    libspace.o(.text) refers to libspace.o(.bss) for __libspace_start
    rtexit.o(.ARM.Collect$$rtexit$$00000000) refers (Special) to rtexit2.o(.ARM.Collect$$rtexit$$00000004) for __rt_exit_exit
    rtexit.o(.ARM.Collect$$rtexit$$00000000) refers (Special) to rtexit2.o(.ARM.Collect$$rtexit$$00000003) for __rt_exit_ls
    rtexit.o(.ARM.Collect$$rtexit$$00000000) refers (Special) to rtexit2.o(.ARM.Collect$$rtexit$$00000002) for __rt_exit_prels_1
    rtexit.o(.ARM.exidx) refers (Special) to rtexit2.o(.ARM.Collect$$rtexit$$00000004) for __rt_exit_exit
    rtexit.o(.ARM.exidx) refers (Special) to rtexit2.o(.ARM.Collect$$rtexit$$00000003) for __rt_exit_ls
    rtexit.o(.ARM.exidx) refers (Special) to rtexit2.o(.ARM.Collect$$rtexit$$00000002) for __rt_exit_prels_1
    rtexit.o(.ARM.exidx) refers to rtexit.o(.ARM.Collect$$rtexit$$00000000) for .ARM.Collect$$rtexit$$00000000
    libinit2.o(.ARM.Collect$$libinit$$00000012) refers to libinit2.o(.ARM.Collect$$libinit$$00000011) for .ARM.Collect$$libinit$$00000011
    libinit2.o(.ARM.Collect$$libinit$$00000014) refers to libinit2.o(.ARM.Collect$$libinit$$00000011) for .ARM.Collect$$libinit$$00000011
    libinit2.o(.ARM.Collect$$libinit$$00000016) refers to libinit2.o(.ARM.Collect$$libinit$$00000011) for .ARM.Collect$$libinit$$00000011
    libinit2.o(.ARM.Collect$$libinit$$00000018) refers to libinit2.o(.ARM.Collect$$libinit$$00000011) for .ARM.Collect$$libinit$$00000011
    libinit2.o(.ARM.Collect$$libinit$$0000001A) refers to libinit2.o(.ARM.Collect$$libinit$$00000011) for .ARM.Collect$$libinit$$00000011
    libinit2.o(.ARM.Collect$$libinit$$00000028) refers to argv_veneer.o(.emb_text) for __ARM_argv_veneer
    libinit2.o(.ARM.Collect$$libinit$$00000029) refers to argv_veneer.o(.emb_text) for __ARM_argv_veneer
    rtexit2.o(.ARM.Collect$$rtexit$$00000003) refers to libshutdown.o(.ARM.Collect$$libshutdown$$00000000) for __rt_lib_shutdown
    rtexit2.o(.ARM.Collect$$rtexit$$00000004) refers to sys_exit.o(.text) for _sys_exit
    rtexit2.o(.ARM.exidx) refers to rtexit2.o(.ARM.Collect$$rtexit$$00000001) for .ARM.Collect$$rtexit$$00000001
    rtexit2.o(.ARM.exidx) refers to rtexit2.o(.ARM.Collect$$rtexit$$00000003) for .ARM.Collect$$rtexit$$00000003
    rtexit2.o(.ARM.exidx) refers to rtexit2.o(.ARM.Collect$$rtexit$$00000004) for .ARM.Collect$$rtexit$$00000004
    argv_veneer.o(.emb_text) refers to no_argv.o(.text) for __ARM_get_argv
    sys_exit.o(.text) refers (Special) to use_no_semi.o(.text) for __I$use$semihosting
    sys_exit.o(.text) refers (Special) to indicate_semi.o(.text) for __semihosting_library_function
    sys_exit_hlt.o(.text) refers (Special) to use_no_semi.o(.text) for __I$use$semihosting
    sys_exit_hlt.o(.text) refers (Special) to indicate_semi.o(.text) for __semihosting_library_function
    _get_argv_nomalloc.o(.text) refers (Special) to hrguard.o(.text) for __heap_region$guard
    _get_argv_nomalloc.o(.text) refers to defsig_rtmem_outer.o(.text) for __rt_SIGRTMEM
    _get_argv_nomalloc.o(.text) refers to sys_command.o(.text) for _sys_command_string
    libshutdown.o(.ARM.Collect$$libshutdown$$00000000) refers (Special) to libshutdown2.o(.ARM.Collect$$libshutdown$$00000002) for __rt_lib_shutdown_cpp_1
    libshutdown.o(.ARM.Collect$$libshutdown$$00000000) refers (Special) to libshutdown2.o(.ARM.Collect$$libshutdown$$00000007) for __rt_lib_shutdown_fp_trap_1
    libshutdown.o(.ARM.Collect$$libshutdown$$00000000) refers (Special) to libshutdown2.o(.ARM.Collect$$libshutdown$$0000000F) for __rt_lib_shutdown_heap_1
    libshutdown.o(.ARM.Collect$$libshutdown$$00000000) refers (Special) to libshutdown2.o(.ARM.Collect$$libshutdown$$00000010) for __rt_lib_shutdown_return
    libshutdown.o(.ARM.Collect$$libshutdown$$00000000) refers (Special) to libshutdown2.o(.ARM.Collect$$libshutdown$$0000000A) for __rt_lib_shutdown_signal_1
    libshutdown.o(.ARM.Collect$$libshutdown$$00000000) refers (Special) to libshutdown2.o(.ARM.Collect$$libshutdown$$00000004) for __rt_lib_shutdown_stdio_1
    libshutdown.o(.ARM.Collect$$libshutdown$$00000000) refers (Special) to libshutdown2.o(.ARM.Collect$$libshutdown$$0000000C) for __rt_lib_shutdown_user_alloc_1
    sys_command.o(.text) refers (Special) to use_no_semi.o(.text) for __I$use$semihosting
    sys_command.o(.text) refers (Special) to indicate_semi.o(.text) for __semihosting_library_function
    sys_command_hlt.o(.text) refers (Special) to use_no_semi.o(.text) for __I$use$semihosting
    sys_command_hlt.o(.text) refers (Special) to indicate_semi.o(.text) for __semihosting_library_function
    defsig_rtmem_outer.o(.text) refers to defsig_rtmem_inner.o(.text) for __rt_SIGRTMEM_inner
    defsig_rtmem_outer.o(.text) refers to defsig_exit.o(.text) for __sig_exit
    defsig_rtmem_formal.o(.text) refers to rt_raise.o(.text) for __rt_raise
    rt_raise.o(.text) refers to __raise.o(.text) for __raise
    rt_raise.o(.text) refers to sys_exit.o(.text) for _sys_exit
    defsig_exit.o(.text) refers to sys_exit.o(.text) for _sys_exit
    defsig_rtmem_inner.o(.text) refers to defsig_general.o(.text) for __default_signal_display
    __raise.o(.text) refers to defsig.o(CL$$defsig) for __default_signal_handler
    defsig_general.o(.text) refers to sys_wrch.o(.text) for _ttywrch
    sys_wrch.o(.text) refers (Special) to use_no_semi.o(.text) for __I$use$semihosting
    sys_wrch.o(.text) refers (Special) to indicate_semi.o(.text) for __semihosting_library_function
    sys_wrch_hlt.o(.text) refers (Special) to use_no_semi.o(.text) for __I$use$semihosting
    sys_wrch_hlt.o(.text) refers (Special) to indicate_semi.o(.text) for __semihosting_library_function
    defsig.o(CL$$defsig) refers to defsig_rtmem_inner.o(.text) for __rt_SIGRTMEM_inner
    defsig_abrt_inner.o(.text) refers to defsig_general.o(.text) for __default_signal_display
    defsig_fpe_inner.o(.text) refers to defsig_general.o(.text) for __default_signal_display
    defsig_rtred_inner.o(.text) refers to defsig_general.o(.text) for __default_signal_display
    defsig_stak_inner.o(.text) refers to defsig_general.o(.text) for __default_signal_display
    defsig_pvfn_inner.o(.text) refers to defsig_general.o(.text) for __default_signal_display
    defsig_cppl_inner.o(.text) refers to defsig_general.o(.text) for __default_signal_display
    defsig_segv_inner.o(.text) refers to defsig_general.o(.text) for __default_signal_display
    defsig_other.o(.text) refers to defsig_general.o(.text) for __default_signal_display


==============================================================================

Removing Unused input sections from the image.

    Removing main.o(.text), (0 bytes).
    Removing main.o(.ARM.exidx.text.main), (8 bytes).
    Removing main.o(.ARM.exidx.text.USART2_IRQHandler), (8 bytes).
    Removing main.o(.ARM.exidx.text.USART3_IRQHandler), (8 bytes).
    Removing main.o(.ARM.exidx.text.SysTick_Handler), (8 bytes).
    Removing main.o(.bss.UART1_signal), (2 bytes).
    Removing main.o(.bss.UART1_counter), (4 bytes).
    Removing main.o(.bss.UART1_bgd), (2 bytes).
    Removing main.o(.bss.UART2_signal), (2 bytes).
    Removing main.o(.bss.UART2_counter), (4 bytes).
    Removing main.o(.bss.UART2_bgd), (2 bytes).
    Removing main.o(.bss.UART3_signal), (2 bytes).
    Removing main.o(.bss.UART3_counter), (4 bytes).
    Removing main.o(.bss.UART3_bgd), (2 bytes).
    Removing main.o(.bss.UART1_msg), (100 bytes).
    Removing main.o(.ARM.use_no_argv), (4 bytes).
    Removing gp_driver.o(.text), (0 bytes).
    Removing gp_driver.o(.ARM.exidx.text.init_gp), (8 bytes).
    Removing gp_driver.o(.text.R_GP), (134 bytes).
    Removing gp_driver.o(.ARM.exidx.text.R_GP), (8 bytes).
    Removing gp_driver.o(.text.W_GP), (176 bytes).
    Removing gp_driver.o(.ARM.exidx.text.W_GP), (8 bytes).
    Removing help_func.o(.text), (0 bytes).
    Removing help_func.o(.text.str_len), (34 bytes).
    Removing help_func.o(.ARM.exidx.text.str_len), (8 bytes).
    Removing help_func.o(.text.find_str), (162 bytes).
    Removing help_func.o(.ARM.exidx.text.find_str), (8 bytes).
    Removing help_func.o(.text.find_strL), (66 bytes).
    Removing help_func.o(.ARM.exidx.text.find_strL), (8 bytes).
    Removing help_func.o(.text.Concatstr), (70 bytes).
    Removing help_func.o(.ARM.exidx.text.Concatstr), (8 bytes).
    Removing help_func.o(.text.int_cvt_char), (136 bytes).
    Removing help_func.o(.ARM.exidx.text.int_cvt_char), (8 bytes).
    Removing help_func.o(.text.char_cvt_int), (158 bytes).
    Removing help_func.o(.ARM.exidx.text.char_cvt_int), (8 bytes).
    Removing help_func.o(.ARM.exidx.text.str_empty), (8 bytes).
    Removing help_func.o(.rodata.str1.1), (10 bytes).
    Removing systick_time.o(.text), (0 bytes).
    Removing systick_time.o(.ARM.exidx.text.Systick_init), (8 bytes).
    Removing systick_time.o(.ARM.exidx.text.DelayMilis), (8 bytes).
    Removing systick_time.o(.ARM.exidx.text.Delayms), (8 bytes).
    Removing systick_time.o(.ARM.exidx.text.systick_int_start), (8 bytes).
    Removing systick_time.o(.ARM.exidx.text.systick_int), (8 bytes).
    Removing uart_driver.o(.text), (0 bytes).
    Removing uart_driver.o(.ARM.exidx.text.UART_BRR), (8 bytes).
    Removing uart_driver.o(.ARM.exidx.text.UART_init), (8 bytes).
    Removing uart_driver.o(.ARM.exidx.text.__NVIC_EnableIRQ), (8 bytes).
    Removing uart_driver.o(.ARM.exidx.text.UART_Rx), (8 bytes).
    Removing uart_driver.o(.ARM.exidx.text.UART_Tx), (8 bytes).
    Removing uart_driver.o(.ARM.exidx.text.UART_SEND), (8 bytes).
    Removing uart_driver.o(.ARM.exidx.text.UART_ISR), (8 bytes).
    Removing uart_driver.o(.text.UART_MSG), (84 bytes).
    Removing uart_driver.o(.ARM.exidx.text.UART_MSG), (8 bytes).
    Removing esp01_lib.o(.text), (0 bytes).
    Removing esp01_lib.o(.text.esp_init), (186 bytes).
    Removing esp01_lib.o(.ARM.exidx.text.esp_init), (8 bytes).
    Removing esp01_lib.o(.text.esp_master_cmd), (128 bytes).
    Removing esp01_lib.o(.ARM.exidx.text.esp_master_cmd), (8 bytes).
    Removing esp01_lib.o(.text.esp_net_auto_connect), (294 bytes).
    Removing esp01_lib.o(.ARM.exidx.text.esp_net_auto_connect), (8 bytes).
    Removing esp01_lib.o(.ARM.exidx.text.esp_menu), (8 bytes).
    Removing esp01_lib.o(.text.esp_setup), (776 bytes).
    Removing esp01_lib.o(.ARM.exidx.text.esp_setup), (8 bytes).
    Removing esp01_lib.o(.text.esp_man_mode), (184 bytes).
    Removing esp01_lib.o(.ARM.exidx.text.esp_man_mode), (8 bytes).
    Removing esp01_lib.o(.text.esp_net_manual_connect), (328 bytes).
    Removing esp01_lib.o(.ARM.exidx.text.esp_net_manual_connect), (8 bytes).
    Removing esp01_lib.o(.text.esp_core_cmd), (110 bytes).
    Removing esp01_lib.o(.ARM.exidx.text.esp_core_cmd), (8 bytes).
    Removing esp01_lib.o(.rodata..L__const.esp_net_auto_connect.ESP_cmd), (120 bytes).
    Removing esp01_lib.o(.rodata..L__const.esp_net_manual_connect.ESP_cmd), (120 bytes).
    Removing system_stm32f10x.o(.text), (0 bytes).
    Removing system_stm32f10x.o(.ARM.exidx.text.SystemInit), (8 bytes).
    Removing system_stm32f10x.o(.ARM.exidx.text.SetSysClock), (8 bytes).
    Removing system_stm32f10x.o(.text.SystemCoreClockUpdate), (290 bytes).
    Removing system_stm32f10x.o(.ARM.exidx.text.SystemCoreClockUpdate), (8 bytes).
    Removing system_stm32f10x.o(.ARM.exidx.text.SetSysClockTo72), (8 bytes).
    Removing system_stm32f10x.o(.data.SystemCoreClock), (4 bytes).
    Removing system_stm32f10x.o(.rodata.AHBPrescTable), (16 bytes).

79 unused section(s) (total 4026 bytes) removed from the image.

==============================================================================

Image Symbol Table

    Local Symbols

    Symbol Name                              Value     Ov Type        Size  Object(Section)

    ../clib/angel/boardlib.s                 0x00000000   Number         0  boardinit1.o ABSOLUTE
    ../clib/angel/boardlib.s                 0x00000000   Number         0  boardinit2.o ABSOLUTE
    ../clib/angel/boardlib.s                 0x00000000   Number         0  boardinit3.o ABSOLUTE
    ../clib/angel/boardlib.s                 0x00000000   Number         0  boardshut.o ABSOLUTE
    ../clib/angel/handlers.s                 0x00000000   Number         0  __scatter_copy.o ABSOLUTE
    ../clib/angel/handlers.s                 0x00000000   Number         0  __scatter_zi.o ABSOLUTE
    ../clib/angel/kernel.s                   0x00000000   Number         0  __rtentry.o ABSOLUTE
    ../clib/angel/kernel.s                   0x00000000   Number         0  __rtentry2.o ABSOLUTE
    ../clib/angel/kernel.s                   0x00000000   Number         0  __rtentry4.o ABSOLUTE
    ../clib/angel/kernel.s                   0x00000000   Number         0  rtexit.o ABSOLUTE
    ../clib/angel/kernel.s                   0x00000000   Number         0  rtexit2.o ABSOLUTE
    ../clib/angel/rt.s                       0x00000000   Number         0  rt_raise.o ABSOLUTE
    ../clib/angel/scatter.s                  0x00000000   Number         0  __scatter.o ABSOLUTE
    ../clib/angel/startup.s                  0x00000000   Number         0  __main.o ABSOLUTE
    ../clib/angel/sys.s                      0x00000000   Number         0  sys_stackheap_outer.o ABSOLUTE
    ../clib/angel/sys.s                      0x00000000   Number         0  libspace.o ABSOLUTE
    ../clib/angel/sys.s                      0x00000000   Number         0  use_no_semi.o ABSOLUTE
    ../clib/angel/sys.s                      0x00000000   Number         0  indicate_semi.o ABSOLUTE
    ../clib/angel/sysapp.c                   0x00000000   Number         0  sys_exit.o ABSOLUTE
    ../clib/angel/sysapp.c                   0x00000000   Number         0  sys_exit_hlt.o ABSOLUTE
    ../clib/angel/sysapp.c                   0x00000000   Number         0  sys_command.o ABSOLUTE
    ../clib/angel/sysapp.c                   0x00000000   Number         0  sys_command_hlt.o ABSOLUTE
    ../clib/angel/sysapp.c                   0x00000000   Number         0  sys_wrch.o ABSOLUTE
    ../clib/angel/sysapp.c                   0x00000000   Number         0  sys_wrch_hlt.o ABSOLUTE
    ../clib/armsys.c                         0x00000000   Number         0  argv_veneer.o ABSOLUTE
    ../clib/armsys.c                         0x00000000   Number         0  argv_veneer.o ABSOLUTE
    ../clib/armsys.c                         0x00000000   Number         0  _get_argv_nomalloc.o ABSOLUTE
    ../clib/armsys.c                         0x00000000   Number         0  no_argv.o ABSOLUTE
    ../clib/heapalloc.c                      0x00000000   Number         0  hrguard.o ABSOLUTE
    ../clib/heapaux.c                        0x00000000   Number         0  heapauxi.o ABSOLUTE
    ../clib/libinit.s                        0x00000000   Number         0  libinit.o ABSOLUTE
    ../clib/libinit.s                        0x00000000   Number         0  libinit2.o ABSOLUTE
    ../clib/libinit.s                        0x00000000   Number         0  libshutdown.o ABSOLUTE
    ../clib/libinit.s                        0x00000000   Number         0  libshutdown2.o ABSOLUTE
    ../clib/memcpset.s                       0x00000000   Number         0  rt_memcpy_v6.o ABSOLUTE
    ../clib/memcpset.s                       0x00000000   Number         0  rt_memcpy_w.o ABSOLUTE
    ../clib/signal.c                         0x00000000   Number         0  defsig_rtmem_outer.o ABSOLUTE
    ../clib/signal.c                         0x00000000   Number         0  defsig_rtmem_formal.o ABSOLUTE
    ../clib/signal.c                         0x00000000   Number         0  defsig_exit.o ABSOLUTE
    ../clib/signal.c                         0x00000000   Number         0  defsig_rtmem_inner.o ABSOLUTE
    ../clib/signal.c                         0x00000000   Number         0  __raise.o ABSOLUTE
    ../clib/signal.c                         0x00000000   Number         0  defsig_general.o ABSOLUTE
    ../clib/signal.c                         0x00000000   Number         0  defsig_abrt_inner.o ABSOLUTE
    ../clib/signal.c                         0x00000000   Number         0  defsig_fpe_inner.o ABSOLUTE
    ../clib/signal.c                         0x00000000   Number         0  defsig_rtred_inner.o ABSOLUTE
    ../clib/signal.c                         0x00000000   Number         0  defsig_stak_inner.o ABSOLUTE
    ../clib/signal.c                         0x00000000   Number         0  defsig_pvfn_inner.o ABSOLUTE
    ../clib/signal.c                         0x00000000   Number         0  defsig_cppl_inner.o ABSOLUTE
    ../clib/signal.c                         0x00000000   Number         0  defsig_segv_inner.o ABSOLUTE
    ../clib/signal.c                         0x00000000   Number         0  defsig_other.o ABSOLUTE
    ../clib/signal.s                         0x00000000   Number         0  defsig.o ABSOLUTE
    ../clib/stdlib.c                         0x00000000   Number         0  exit.o ABSOLUTE
    ../fplib/daddsub.s                       0x00000000   Number         0  daddsub_clz.o ABSOLUTE
    ../fplib/dcmp.s                          0x00000000   Number         0  dcmp.o ABSOLUTE
    ../fplib/dcmpi.s                         0x00000000   Number         0  dcmpi.o ABSOLUTE
    ../fplib/ddiv.s                          0x00000000   Number         0  ddiv.o ABSOLUTE
    ../fplib/deqf.s                          0x00000000   Number         0  deqf.o ABSOLUTE
    ../fplib/dfixu.s                         0x00000000   Number         0  dfixu.o ABSOLUTE
    ../fplib/dflt.s                          0x00000000   Number         0  dflt_clz.o ABSOLUTE
    ../fplib/dgeqf.s                         0x00000000   Number         0  dgeqf.o ABSOLUTE
    ../fplib/dleqf.s                         0x00000000   Number         0  dleqf.o ABSOLUTE
    ../fplib/dmul.s                          0x00000000   Number         0  dmul.o ABSOLUTE
    ../fplib/dnaninf.s                       0x00000000   Number         0  dnaninf.o ABSOLUTE
    ../fplib/dretinf.s                       0x00000000   Number         0  dretinf.o ABSOLUTE
    ../fplib/fpinit.s                        0x00000000   Number         0  fpinit.o ABSOLUTE
    ../fplib/fpinit_empty.s                  0x00000000   Number         0  fpinit_empty.o ABSOLUTE
    ../fplib/usenofp.s                       0x00000000   Number         0  usenofp.o ABSOLUTE
    RTE/Device/STM32F103C8/startup_stm32f10x_md.s 0x00000000   Number         0  startup_stm32f10x_md.o ABSOLUTE
    dc.s                                     0x00000000   Number         0  dc.o ABSOLUTE
    esp01_lib.c                              0x00000000   Number         0  esp01_lib.o ABSOLUTE
    gp_driver.c                              0x00000000   Number         0  gp_driver.o ABSOLUTE
    help_func.c                              0x00000000   Number         0  help_func.o ABSOLUTE
    main.c                                   0x00000000   Number         0  main.o ABSOLUTE
    system_stm32f10x.c                       0x00000000   Number         0  system_stm32f10x.o ABSOLUTE
    systick_time.c                           0x00000000   Number         0  systick_time.o ABSOLUTE
    uart_driver.c                            0x00000000   Number         0  uart_driver.o ABSOLUTE
    RESET                                    0x08000000   Section      236  startup_stm32f10x_md.o(RESET)
    !!!main                                  0x080000ec   Section        8  __main.o(!!!main)
    !!!scatter                               0x080000f4   Section       92  __scatter.o(!!!scatter)
    !!handler_copy                           0x08000150   Section       26  __scatter_copy.o(!!handler_copy)
    !!handler_null                           0x0800016c   Section        2  __scatter.o(!!handler_null)
    !!handler_zi                             0x08000170   Section       28  __scatter_zi.o(!!handler_zi)
    .ARM.Collect$$libinit$$00000000          0x0800018c   Section        2  libinit.o(.ARM.Collect$$libinit$$00000000)
    .ARM.Collect$$libinit$$00000002          0x0800018e   Section        0  libinit2.o(.ARM.Collect$$libinit$$00000002)
    .ARM.Collect$$libinit$$00000004          0x0800018e   Section        0  libinit2.o(.ARM.Collect$$libinit$$00000004)
    .ARM.Collect$$libinit$$00000006          0x0800018e   Section        0  libinit2.o(.ARM.Collect$$libinit$$00000006)
    .ARM.Collect$$libinit$$0000000C          0x0800018e   Section        0  libinit2.o(.ARM.Collect$$libinit$$0000000C)
    .ARM.Collect$$libinit$$0000000E          0x0800018e   Section        0  libinit2.o(.ARM.Collect$$libinit$$0000000E)
    .ARM.Collect$$libinit$$00000010          0x0800018e   Section        0  libinit2.o(.ARM.Collect$$libinit$$00000010)
    .ARM.Collect$$libinit$$00000013          0x0800018e   Section        0  libinit2.o(.ARM.Collect$$libinit$$00000013)
    .ARM.Collect$$libinit$$00000015          0x0800018e   Section        0  libinit2.o(.ARM.Collect$$libinit$$00000015)
    .ARM.Collect$$libinit$$00000017          0x0800018e   Section        0  libinit2.o(.ARM.Collect$$libinit$$00000017)
    .ARM.Collect$$libinit$$00000019          0x0800018e   Section        0  libinit2.o(.ARM.Collect$$libinit$$00000019)
    .ARM.Collect$$libinit$$0000001B          0x0800018e   Section        0  libinit2.o(.ARM.Collect$$libinit$$0000001B)
    .ARM.Collect$$libinit$$0000001D          0x0800018e   Section        0  libinit2.o(.ARM.Collect$$libinit$$0000001D)
    .ARM.Collect$$libinit$$0000001F          0x0800018e   Section        0  libinit2.o(.ARM.Collect$$libinit$$0000001F)
    .ARM.Collect$$libinit$$00000021          0x0800018e   Section        0  libinit2.o(.ARM.Collect$$libinit$$00000021)
    .ARM.Collect$$libinit$$00000023          0x0800018e   Section        0  libinit2.o(.ARM.Collect$$libinit$$00000023)
    .ARM.Collect$$libinit$$00000025          0x0800018e   Section        0  libinit2.o(.ARM.Collect$$libinit$$00000025)
    .ARM.Collect$$libinit$$00000027          0x0800018e   Section        0  libinit2.o(.ARM.Collect$$libinit$$00000027)
    .ARM.Collect$$libinit$$0000002E          0x0800018e   Section        0  libinit2.o(.ARM.Collect$$libinit$$0000002E)
    .ARM.Collect$$libinit$$00000030          0x0800018e   Section        0  libinit2.o(.ARM.Collect$$libinit$$00000030)
    .ARM.Collect$$libinit$$00000032          0x0800018e   Section        0  libinit2.o(.ARM.Collect$$libinit$$00000032)
    .ARM.Collect$$libinit$$00000034          0x0800018e   Section        0  libinit2.o(.ARM.Collect$$libinit$$00000034)
    .ARM.Collect$$libinit$$00000035          0x0800018e   Section        2  libinit2.o(.ARM.Collect$$libinit$$00000035)
    .ARM.Collect$$libshutdown$$00000000      0x08000190   Section        2  libshutdown.o(.ARM.Collect$$libshutdown$$00000000)
    .ARM.Collect$$libshutdown$$00000002      0x08000192   Section        0  libshutdown2.o(.ARM.Collect$$libshutdown$$00000002)
    .ARM.Collect$$libshutdown$$00000004      0x08000192   Section        0  libshutdown2.o(.ARM.Collect$$libshutdown$$00000004)
    .ARM.Collect$$libshutdown$$00000007      0x08000192   Section        0  libshutdown2.o(.ARM.Collect$$libshutdown$$00000007)
    .ARM.Collect$$libshutdown$$0000000A      0x08000192   Section        0  libshutdown2.o(.ARM.Collect$$libshutdown$$0000000A)
    .ARM.Collect$$libshutdown$$0000000C      0x08000192   Section        0  libshutdown2.o(.ARM.Collect$$libshutdown$$0000000C)
    .ARM.Collect$$libshutdown$$0000000F      0x08000192   Section        0  libshutdown2.o(.ARM.Collect$$libshutdown$$0000000F)
    .ARM.Collect$$libshutdown$$00000010      0x08000192   Section        2  libshutdown2.o(.ARM.Collect$$libshutdown$$00000010)
    .ARM.Collect$$rtentry$$00000000          0x08000194   Section        0  __rtentry.o(.ARM.Collect$$rtentry$$00000000)
    .ARM.Collect$$rtentry$$00000002          0x08000194   Section        0  __rtentry2.o(.ARM.Collect$$rtentry$$00000002)
    .ARM.Collect$$rtentry$$00000004          0x08000194   Section        6  __rtentry4.o(.ARM.Collect$$rtentry$$00000004)
    .ARM.Collect$$rtentry$$00000009          0x0800019a   Section        0  __rtentry2.o(.ARM.Collect$$rtentry$$00000009)
    .ARM.Collect$$rtentry$$0000000A          0x0800019a   Section        4  __rtentry2.o(.ARM.Collect$$rtentry$$0000000A)
    .ARM.Collect$$rtentry$$0000000C          0x0800019e   Section        0  __rtentry2.o(.ARM.Collect$$rtentry$$0000000C)
    .ARM.Collect$$rtentry$$0000000D          0x0800019e   Section        8  __rtentry2.o(.ARM.Collect$$rtentry$$0000000D)
    .ARM.Collect$$rtexit$$00000000           0x080001a6   Section        2  rtexit.o(.ARM.Collect$$rtexit$$00000000)
    .ARM.Collect$$rtexit$$00000002           0x080001a8   Section        0  rtexit2.o(.ARM.Collect$$rtexit$$00000002)
    .ARM.Collect$$rtexit$$00000003           0x080001a8   Section        4  rtexit2.o(.ARM.Collect$$rtexit$$00000003)
    .ARM.Collect$$rtexit$$00000004           0x080001ac   Section        6  rtexit2.o(.ARM.Collect$$rtexit$$00000004)
    .text                                    0x080001b4   Section       64  startup_stm32f10x_md.o(.text)
    .text                                    0x080001f4   Section        0  heapauxi.o(.text)
    .text                                    0x080001fa   Section       74  sys_stackheap_outer.o(.text)
    .text                                    0x08000244   Section        0  exit.o(.text)
    .text                                    0x08000258   Section        8  libspace.o(.text)
    .text                                    0x08000260   Section        0  sys_exit.o(.text)
    .text                                    0x0800026c   Section        2  use_no_semi.o(.text)
    .text                                    0x0800026e   Section        0  indicate_semi.o(.text)
    [Anonymous Symbol]                       0x08000270   Section        0  systick_time.o(.text.DelayMilis)
    [Anonymous Symbol]                       0x080002a8   Section        0  systick_time.o(.text.Delayms)
    SetSysClock                              0x080002c9   Thumb Code     8  system_stm32f10x.o(.text.SetSysClock)
    [Anonymous Symbol]                       0x080002c8   Section        0  system_stm32f10x.o(.text.SetSysClock)
    SetSysClockTo72                          0x080002d1   Thumb Code   290  system_stm32f10x.o(.text.SetSysClockTo72)
    [Anonymous Symbol]                       0x080002d0   Section        0  system_stm32f10x.o(.text.SetSysClockTo72)
    [Anonymous Symbol]                       0x080003f4   Section        0  main.o(.text.SysTick_Handler)
    [Anonymous Symbol]                       0x08000414   Section        0  system_stm32f10x.o(.text.SystemInit)
    [Anonymous Symbol]                       0x0800047c   Section        0  systick_time.o(.text.Systick_init)
    [Anonymous Symbol]                       0x080004ac   Section        0  uart_driver.o(.text.UART_BRR)
    [Anonymous Symbol]                       0x080005c4   Section        0  uart_driver.o(.text.UART_ISR)
    [Anonymous Symbol]                       0x0800064c   Section        0  uart_driver.o(.text.UART_Rx)
    [Anonymous Symbol]                       0x080006f4   Section        0  uart_driver.o(.text.UART_SEND)
    [Anonymous Symbol]                       0x08000728   Section        0  uart_driver.o(.text.UART_Tx)
    [Anonymous Symbol]                       0x080007cc   Section        0  uart_driver.o(.text.UART_init)
    [Anonymous Symbol]                       0x0800095c   Section        0  main.o(.text.USART2_IRQHandler)
    [Anonymous Symbol]                       0x08000978   Section        0  main.o(.text.USART3_IRQHandler)
    __NVIC_EnableIRQ                         0x08000995   Thumb Code    48  uart_driver.o(.text.__NVIC_EnableIRQ)
    [Anonymous Symbol]                       0x08000994   Section        0  uart_driver.o(.text.__NVIC_EnableIRQ)
    [Anonymous Symbol]                       0x080009c4   Section        0  esp01_lib.o(.text.esp_menu)
    [Anonymous Symbol]                       0x080009d8   Section        0  gp_driver.o(.text.init_gp)
    [Anonymous Symbol]                       0x08000adc   Section        0  main.o(.text.main)
    [Anonymous Symbol]                       0x08000b74   Section        0  help_func.o(.text.str_empty)
    [Anonymous Symbol]                       0x08000ba0   Section        0  systick_time.o(.text.systick_int)
    [Anonymous Symbol]                       0x08000c48   Section        0  systick_time.o(.text.systick_int_start)
    x$fpl$dadd                               0x08000c80   Section      336  daddsub_clz.o(x$fpl$dadd)
    _dadd1                                   0x08000c91   Thumb Code     0  daddsub_clz.o(x$fpl$dadd)
    x$fpl$dcmpinf                            0x08000dd0   Section       24  dcmpi.o(x$fpl$dcmpinf)
    x$fpl$ddiv                               0x08000de8   Section      692  ddiv.o(x$fpl$ddiv)
    ddiv_entry                               0x08000def   Thumb Code     0  ddiv.o(x$fpl$ddiv)
    x$fpl$deqf                               0x0800109c   Section      120  deqf.o(x$fpl$deqf)
    x$fpl$dfixu                              0x08001114   Section       90  dfixu.o(x$fpl$dfixu)
    x$fpl$dfltu                              0x0800116e   Section       38  dflt_clz.o(x$fpl$dfltu)
    x$fpl$dgeqf                              0x08001194   Section      120  dgeqf.o(x$fpl$dgeqf)
    x$fpl$dleqf                              0x0800120c   Section      120  dleqf.o(x$fpl$dleqf)
    x$fpl$dmul                               0x08001284   Section      340  dmul.o(x$fpl$dmul)
    x$fpl$dnaninf                            0x080013d8   Section      156  dnaninf.o(x$fpl$dnaninf)
    x$fpl$dretinf                            0x08001474   Section       12  dretinf.o(x$fpl$dretinf)
    x$fpl$dsub                               0x08001480   Section      476  daddsub_clz.o(x$fpl$dsub)
    _dsub1                                   0x08001491   Thumb Code     0  daddsub_clz.o(x$fpl$dsub)
    x$fpl$fcmp                               0x0800165c   Section       84  dcmp.o(x$fpl$fcmp)
    .L.str                                   0x080016b0   Data           5  esp01_lib.o(.rodata.str1.1)
    [Anonymous Symbol]                       0x080016b0   Section        0  esp01_lib.o(.rodata.str1.1)
    x$fpl$usenofp                            0x080016b0   Section        0  usenofp.o(x$fpl$usenofp)
    .L.str.1                                 0x080016b5   Data           3  esp01_lib.o(.rodata.str1.1)
    .L.str.2                                 0x080016b8   Data          19  esp01_lib.o(.rodata.str1.1)
    .L.str.3                                 0x080016cb   Data          17  esp01_lib.o(.rodata.str1.1)
    .L.str.4                                 0x080016dc   Data          16  esp01_lib.o(.rodata.str1.1)
    .L.str.5                                 0x080016ec   Data          10  esp01_lib.o(.rodata.str1.1)
    .L.str.6                                 0x080016f6   Data          16  esp01_lib.o(.rodata.str1.1)
    .L.str.7                                 0x08001706   Data          20  esp01_lib.o(.rodata.str1.1)
    .L.str.8                                 0x0800171a   Data           9  esp01_lib.o(.rodata.str1.1)
    .L.str.9                                 0x08001723   Data           1  esp01_lib.o(.rodata.str1.1)
    .L.str.10                                0x08001724   Data          46  esp01_lib.o(.rodata.str1.1)
    .L.str.11                                0x08001752   Data           2  esp01_lib.o(.rodata.str1.1)
    .L.str.12                                0x08001754   Data          22  esp01_lib.o(.rodata.str1.1)
    .L.str.13                                0x0800176a   Data          19  esp01_lib.o(.rodata.str1.1)
    .L.str.14                                0x0800177d   Data          45  esp01_lib.o(.rodata.str1.1)
    .L.str.15                                0x080017aa   Data           2  esp01_lib.o(.rodata.str1.1)
    .L.str.16                                0x080017ac   Data           2  esp01_lib.o(.rodata.str1.1)
    .L.str.17                                0x080017ae   Data          13  esp01_lib.o(.rodata.str1.1)
    .L.str.18                                0x080017bb   Data           6  esp01_lib.o(.rodata.str1.1)
    .L.str.19                                0x080017c1   Data          20  esp01_lib.o(.rodata.str1.1)
    .L.str.20                                0x080017d5   Data          17  esp01_lib.o(.rodata.str1.1)
    .L.str.21                                0x080017e6   Data          14  esp01_lib.o(.rodata.str1.1)
    .L.str.22                                0x080017f4   Data           2  esp01_lib.o(.rodata.str1.1)
    .L.str.23                                0x080017f6   Data          11  esp01_lib.o(.rodata.str1.1)
    .L.str.24                                0x08001801   Data          17  esp01_lib.o(.rodata.str1.1)
    .L.str.25                                0x08001812   Data          14  esp01_lib.o(.rodata.str1.1)
    .L.str.26                                0x08001820   Data           2  esp01_lib.o(.rodata.str1.1)
    .L.str.27                                0x08001822   Data           2  esp01_lib.o(.rodata.str1.1)
    .L.str.28                                0x08001824   Data           2  esp01_lib.o(.rodata.str1.1)
    .L.str.29                                0x08001826   Data          11  esp01_lib.o(.rodata.str1.1)
    .L.str.30                                0x08001831   Data           2  esp01_lib.o(.rodata.str1.1)
    .L.str.31                                0x08001833   Data           2  esp01_lib.o(.rodata.str1.1)
    .L.str.32                                0x08001835   Data          15  esp01_lib.o(.rodata.str1.1)
    .L.str.33                                0x08001844   Data           9  esp01_lib.o(.rodata.str1.1)
    .L.str.34                                0x0800184d   Data          18  esp01_lib.o(.rodata.str1.1)
    .L.str.35                                0x0800185f   Data          16  esp01_lib.o(.rodata.str1.1)
    .L.str.36                                0x0800186f   Data          15  esp01_lib.o(.rodata.str1.1)
    .L.str.37                                0x0800187e   Data          31  esp01_lib.o(.rodata.str1.1)
    .L.str.38                                0x0800196e   Data         234  esp01_lib.o(.rodata.str1.1)
    .L.str.39                                0x08001987   Data          33  esp01_lib.o(.rodata.str1.1)
    .L.str.40                                0x080019a8   Data          22  esp01_lib.o(.rodata.str1.1)
    .L.str.41                                0x080019be   Data           2  esp01_lib.o(.rodata.str1.1)
    .L.str.42                                0x080019c0   Data           3  esp01_lib.o(.rodata.str1.1)
    .L.str.43                                0x080019c3   Data          33  esp01_lib.o(.rodata.str1.1)
    .L.str.44                                0x080019e4   Data           4  esp01_lib.o(.rodata.str1.1)
    .L.str.45                                0x080019e8   Data           4  esp01_lib.o(.rodata.str1.1)
    .L.str.46                                0x080019ec   Data          10  esp01_lib.o(.rodata.str1.1)
    .L.str.47                                0x080019f6   Data          16  esp01_lib.o(.rodata.str1.1)
    .L.str.48                                0x08001a06   Data          14  esp01_lib.o(.rodata.str1.1)
    .L.str.49                                0x08001a14   Data          14  esp01_lib.o(.rodata.str1.1)
    .L.str.50                                0x08001a22   Data          20  esp01_lib.o(.rodata.str1.1)
    .L.str.51                                0x08001a36   Data          27  esp01_lib.o(.rodata.str1.1)
    .L.str.52                                0x08001a51   Data          31  esp01_lib.o(.rodata.str1.1)
    .bss                                     0x20000030   Section       96  libspace.o(.bss)
    Heap_Mem                                 0x20000158   Data         512  startup_stm32f10x_md.o(HEAP)
    HEAP                                     0x20000158   Section      512  startup_stm32f10x_md.o(HEAP)
    Stack_Mem                                0x20000358   Data        1024  startup_stm32f10x_md.o(STACK)
    STACK                                    0x20000358   Section     1024  startup_stm32f10x_md.o(STACK)
    __initial_sp                             0x20000758   Data           0  startup_stm32f10x_md.o(STACK)

    Global Symbols

    Symbol Name                              Value     Ov Type        Size  Object(Section)

    BuildAttributes$$THM_ISAv4$P$D$K$B$S$PE$A:L22UL41UL21$X:L11$S22US41US21$IEEE1$IW$~IW$USESV6$~STKCKD$USESV7$~SHL$OSPACE$ROPI$EBA8$UX$STANDARDLIB$REQ8$PRES8$EABIv2 0x00000000   Number         0  anon$$obj.o ABSOLUTE
    __fp_init_empty                          0x00000000   Number         0  fpinit_empty.o ABSOLUTE
    __ARM_exceptions_init                     - Undefined Weak Reference
    __alloca_initialize                       - Undefined Weak Reference
    __arm_preinit_                            - Undefined Weak Reference
    __arm_relocate_pie_                       - Undefined Weak Reference
    __cpp_initialize__aeabi_                  - Undefined Weak Reference
    __cxa_finalize                            - Undefined Weak Reference
    __rt_locale                               - Undefined Weak Reference
    __sigvec_lookup                           - Undefined Weak Reference
    _atexit_init                              - Undefined Weak Reference
    _call_atexit_fns                          - Undefined Weak Reference
    _clock_init                               - Undefined Weak Reference
    _fp_trap_init                             - Undefined Weak Reference
    _fp_trap_shutdown                         - Undefined Weak Reference
    _get_lc_collate                           - Undefined Weak Reference
    _get_lc_ctype                             - Undefined Weak Reference
    _get_lc_monetary                          - Undefined Weak Reference
    _get_lc_numeric                           - Undefined Weak Reference
    _get_lc_time                              - Undefined Weak Reference
    _getenv_init                              - Undefined Weak Reference
    _handle_redirection                       - Undefined Weak Reference
    _init_alloc                               - Undefined Weak Reference
    _init_user_alloc                          - Undefined Weak Reference
    _initio                                   - Undefined Weak Reference
    _rand_init                                - Undefined Weak Reference
    _signal_finish                            - Undefined Weak Reference
    _signal_init                              - Undefined Weak Reference
    _terminate_alloc                          - Undefined Weak Reference
    _terminate_user_alloc                     - Undefined Weak Reference
    _terminateio                              - Undefined Weak Reference
    __Vectors_Size                           0x000000ec   Number         0  startup_stm32f10x_md.o ABSOLUTE
    __Vectors                                0x08000000   Data           4  startup_stm32f10x_md.o(RESET)
    __Vectors_End                            0x080000ec   Data           0  startup_stm32f10x_md.o(RESET)
    __main                                   0x080000ed   Thumb Code     8  __main.o(!!!main)
    __scatterload                            0x080000f5   Thumb Code     0  __scatter.o(!!!scatter)
    __scatterload_rt2                        0x080000f5   Thumb Code    84  __scatter.o(!!!scatter)
    __scatterload_rt2_thumb_only             0x080000f5   Thumb Code     0  __scatter.o(!!!scatter)
    __scatterload_loop                       0x080000ff   Thumb Code     0  __scatter.o(!!!scatter)
    __scatterload_copy                       0x08000151   Thumb Code    26  __scatter_copy.o(!!handler_copy)
    __scatterload_null                       0x0800016d   Thumb Code     2  __scatter.o(!!handler_null)
    __scatterload_zeroinit                   0x08000171   Thumb Code    28  __scatter_zi.o(!!handler_zi)
    __rt_lib_init                            0x0800018d   Thumb Code     0  libinit.o(.ARM.Collect$$libinit$$00000000)
    __rt_lib_init_alloca_1                   0x0800018f   Thumb Code     0  libinit2.o(.ARM.Collect$$libinit$$00000030)
    __rt_lib_init_argv_1                     0x0800018f   Thumb Code     0  libinit2.o(.ARM.Collect$$libinit$$0000002E)
    __rt_lib_init_atexit_1                   0x0800018f   Thumb Code     0  libinit2.o(.ARM.Collect$$libinit$$0000001D)
    __rt_lib_init_clock_1                    0x0800018f   Thumb Code     0  libinit2.o(.ARM.Collect$$libinit$$00000023)
    __rt_lib_init_cpp_1                      0x0800018f   Thumb Code     0  libinit2.o(.ARM.Collect$$libinit$$00000034)
    __rt_lib_init_exceptions_1               0x0800018f   Thumb Code     0  libinit2.o(.ARM.Collect$$libinit$$00000032)
    __rt_lib_init_fp_1                       0x0800018f   Thumb Code     0  libinit2.o(.ARM.Collect$$libinit$$00000002)
    __rt_lib_init_fp_trap_1                  0x0800018f   Thumb Code     0  libinit2.o(.ARM.Collect$$libinit$$00000021)
    __rt_lib_init_getenv_1                   0x0800018f   Thumb Code     0  libinit2.o(.ARM.Collect$$libinit$$00000025)
    __rt_lib_init_heap_1                     0x0800018f   Thumb Code     0  libinit2.o(.ARM.Collect$$libinit$$0000000C)
    __rt_lib_init_lc_collate_1               0x0800018f   Thumb Code     0  libinit2.o(.ARM.Collect$$libinit$$00000013)
    __rt_lib_init_lc_ctype_1                 0x0800018f   Thumb Code     0  libinit2.o(.ARM.Collect$$libinit$$00000015)
    __rt_lib_init_lc_monetary_1              0x0800018f   Thumb Code     0  libinit2.o(.ARM.Collect$$libinit$$00000017)
    __rt_lib_init_lc_numeric_1               0x0800018f   Thumb Code     0  libinit2.o(.ARM.Collect$$libinit$$00000019)
    __rt_lib_init_lc_time_1                  0x0800018f   Thumb Code     0  libinit2.o(.ARM.Collect$$libinit$$0000001B)
    __rt_lib_init_preinit_1                  0x0800018f   Thumb Code     0  libinit2.o(.ARM.Collect$$libinit$$00000006)
    __rt_lib_init_rand_1                     0x0800018f   Thumb Code     0  libinit2.o(.ARM.Collect$$libinit$$00000010)
    __rt_lib_init_relocate_pie_1             0x0800018f   Thumb Code     0  libinit2.o(.ARM.Collect$$libinit$$00000004)
    __rt_lib_init_return                     0x0800018f   Thumb Code     0  libinit2.o(.ARM.Collect$$libinit$$00000035)
    __rt_lib_init_signal_1                   0x0800018f   Thumb Code     0  libinit2.o(.ARM.Collect$$libinit$$0000001F)
    __rt_lib_init_stdio_1                    0x0800018f   Thumb Code     0  libinit2.o(.ARM.Collect$$libinit$$00000027)
    __rt_lib_init_user_alloc_1               0x0800018f   Thumb Code     0  libinit2.o(.ARM.Collect$$libinit$$0000000E)
    __rt_lib_shutdown                        0x08000191   Thumb Code     0  libshutdown.o(.ARM.Collect$$libshutdown$$00000000)
    __rt_lib_shutdown_cpp_1                  0x08000193   Thumb Code     0  libshutdown2.o(.ARM.Collect$$libshutdown$$00000002)
    __rt_lib_shutdown_fp_trap_1              0x08000193   Thumb Code     0  libshutdown2.o(.ARM.Collect$$libshutdown$$00000007)
    __rt_lib_shutdown_heap_1                 0x08000193   Thumb Code     0  libshutdown2.o(.ARM.Collect$$libshutdown$$0000000F)
    __rt_lib_shutdown_return                 0x08000193   Thumb Code     0  libshutdown2.o(.ARM.Collect$$libshutdown$$00000010)
    __rt_lib_shutdown_signal_1               0x08000193   Thumb Code     0  libshutdown2.o(.ARM.Collect$$libshutdown$$0000000A)
    __rt_lib_shutdown_stdio_1                0x08000193   Thumb Code     0  libshutdown2.o(.ARM.Collect$$libshutdown$$00000004)
    __rt_lib_shutdown_user_alloc_1           0x08000193   Thumb Code     0  libshutdown2.o(.ARM.Collect$$libshutdown$$0000000C)
    __rt_entry                               0x08000195   Thumb Code     0  __rtentry.o(.ARM.Collect$$rtentry$$00000000)
    __rt_entry_presh_1                       0x08000195   Thumb Code     0  __rtentry2.o(.ARM.Collect$$rtentry$$00000002)
    __rt_entry_sh                            0x08000195   Thumb Code     0  __rtentry4.o(.ARM.Collect$$rtentry$$00000004)
    __rt_entry_li                            0x0800019b   Thumb Code     0  __rtentry2.o(.ARM.Collect$$rtentry$$0000000A)
    __rt_entry_postsh_1                      0x0800019b   Thumb Code     0  __rtentry2.o(.ARM.Collect$$rtentry$$00000009)
    __rt_entry_main                          0x0800019f   Thumb Code     0  __rtentry2.o(.ARM.Collect$$rtentry$$0000000D)
    __rt_entry_postli_1                      0x0800019f   Thumb Code     0  __rtentry2.o(.ARM.Collect$$rtentry$$0000000C)
    __rt_exit                                0x080001a7   Thumb Code     0  rtexit.o(.ARM.Collect$$rtexit$$00000000)
    __rt_exit_ls                             0x080001a9   Thumb Code     0  rtexit2.o(.ARM.Collect$$rtexit$$00000003)
    __rt_exit_prels_1                        0x080001a9   Thumb Code     0  rtexit2.o(.ARM.Collect$$rtexit$$00000002)
    __rt_exit_exit                           0x080001ad   Thumb Code     0  rtexit2.o(.ARM.Collect$$rtexit$$00000004)
    Reset_Handler                            0x080001b5   Thumb Code     8  startup_stm32f10x_md.o(.text)
    NMI_Handler                              0x080001bd   Thumb Code     2  startup_stm32f10x_md.o(.text)
    HardFault_Handler                        0x080001bf   Thumb Code     2  startup_stm32f10x_md.o(.text)
    MemManage_Handler                        0x080001c1   Thumb Code     2  startup_stm32f10x_md.o(.text)
    BusFault_Handler                         0x080001c3   Thumb Code     2  startup_stm32f10x_md.o(.text)
    UsageFault_Handler                       0x080001c5   Thumb Code     2  startup_stm32f10x_md.o(.text)
    SVC_Handler                              0x080001c7   Thumb Code     2  startup_stm32f10x_md.o(.text)
    DebugMon_Handler                         0x080001c9   Thumb Code     2  startup_stm32f10x_md.o(.text)
    PendSV_Handler                           0x080001cb   Thumb Code     2  startup_stm32f10x_md.o(.text)
    ADC1_2_IRQHandler                        0x080001cf   Thumb Code     0  startup_stm32f10x_md.o(.text)
    CAN1_RX1_IRQHandler                      0x080001cf   Thumb Code     0  startup_stm32f10x_md.o(.text)
    CAN1_SCE_IRQHandler                      0x080001cf   Thumb Code     0  startup_stm32f10x_md.o(.text)
    DMA1_Channel1_IRQHandler                 0x080001cf   Thumb Code     0  startup_stm32f10x_md.o(.text)
    DMA1_Channel2_IRQHandler                 0x080001cf   Thumb Code     0  startup_stm32f10x_md.o(.text)
    DMA1_Channel3_IRQHandler                 0x080001cf   Thumb Code     0  startup_stm32f10x_md.o(.text)
    DMA1_Channel4_IRQHandler                 0x080001cf   Thumb Code     0  startup_stm32f10x_md.o(.text)
    DMA1_Channel5_IRQHandler                 0x080001cf   Thumb Code     0  startup_stm32f10x_md.o(.text)
    DMA1_Channel6_IRQHandler                 0x080001cf   Thumb Code     0  startup_stm32f10x_md.o(.text)
    DMA1_Channel7_IRQHandler                 0x080001cf   Thumb Code     0  startup_stm32f10x_md.o(.text)
    EXTI0_IRQHandler                         0x080001cf   Thumb Code     0  startup_stm32f10x_md.o(.text)
    EXTI15_10_IRQHandler                     0x080001cf   Thumb Code     0  startup_stm32f10x_md.o(.text)
    EXTI1_IRQHandler                         0x080001cf   Thumb Code     0  startup_stm32f10x_md.o(.text)
    EXTI2_IRQHandler                         0x080001cf   Thumb Code     0  startup_stm32f10x_md.o(.text)
    EXTI3_IRQHandler                         0x080001cf   Thumb Code     0  startup_stm32f10x_md.o(.text)
    EXTI4_IRQHandler                         0x080001cf   Thumb Code     0  startup_stm32f10x_md.o(.text)
    EXTI9_5_IRQHandler                       0x080001cf   Thumb Code     0  startup_stm32f10x_md.o(.text)
    FLASH_IRQHandler                         0x080001cf   Thumb Code     0  startup_stm32f10x_md.o(.text)
    I2C1_ER_IRQHandler                       0x080001cf   Thumb Code     0  startup_stm32f10x_md.o(.text)
    I2C1_EV_IRQHandler                       0x080001cf   Thumb Code     0  startup_stm32f10x_md.o(.text)
    I2C2_ER_IRQHandler                       0x080001cf   Thumb Code     0  startup_stm32f10x_md.o(.text)
    I2C2_EV_IRQHandler                       0x080001cf   Thumb Code     0  startup_stm32f10x_md.o(.text)
    PVD_IRQHandler                           0x080001cf   Thumb Code     0  startup_stm32f10x_md.o(.text)
    RCC_IRQHandler                           0x080001cf   Thumb Code     0  startup_stm32f10x_md.o(.text)
    RTCAlarm_IRQHandler                      0x080001cf   Thumb Code     0  startup_stm32f10x_md.o(.text)
    RTC_IRQHandler                           0x080001cf   Thumb Code     0  startup_stm32f10x_md.o(.text)
    SPI1_IRQHandler                          0x080001cf   Thumb Code     0  startup_stm32f10x_md.o(.text)
    SPI2_IRQHandler                          0x080001cf   Thumb Code     0  startup_stm32f10x_md.o(.text)
    TAMPER_IRQHandler                        0x080001cf   Thumb Code     0  startup_stm32f10x_md.o(.text)
    TIM1_BRK_IRQHandler                      0x080001cf   Thumb Code     0  startup_stm32f10x_md.o(.text)
    TIM1_CC_IRQHandler                       0x080001cf   Thumb Code     0  startup_stm32f10x_md.o(.text)
    TIM1_TRG_COM_IRQHandler                  0x080001cf   Thumb Code     0  startup_stm32f10x_md.o(.text)
    TIM1_UP_IRQHandler                       0x080001cf   Thumb Code     0  startup_stm32f10x_md.o(.text)
    TIM2_IRQHandler                          0x080001cf   Thumb Code     0  startup_stm32f10x_md.o(.text)
    TIM3_IRQHandler                          0x080001cf   Thumb Code     0  startup_stm32f10x_md.o(.text)
    TIM4_IRQHandler                          0x080001cf   Thumb Code     0  startup_stm32f10x_md.o(.text)
    USART1_IRQHandler                        0x080001cf   Thumb Code     0  startup_stm32f10x_md.o(.text)
    USBWakeUp_IRQHandler                     0x080001cf   Thumb Code     0  startup_stm32f10x_md.o(.text)
    USB_HP_CAN1_TX_IRQHandler                0x080001cf   Thumb Code     0  startup_stm32f10x_md.o(.text)
    USB_LP_CAN1_RX0_IRQHandler               0x080001cf   Thumb Code     0  startup_stm32f10x_md.o(.text)
    WWDG_IRQHandler                          0x080001cf   Thumb Code     0  startup_stm32f10x_md.o(.text)
    __user_initial_stackheap                 0x080001d1   Thumb Code     0  startup_stm32f10x_md.o(.text)
    __use_two_region_memory                  0x080001f5   Thumb Code     2  heapauxi.o(.text)
    __rt_heap_escrow$2region                 0x080001f7   Thumb Code     2  heapauxi.o(.text)
    __rt_heap_expand$2region                 0x080001f9   Thumb Code     2  heapauxi.o(.text)
    __user_setup_stackheap                   0x080001fb   Thumb Code    74  sys_stackheap_outer.o(.text)
    exit                                     0x08000245   Thumb Code    18  exit.o(.text)
    __user_libspace                          0x08000259   Thumb Code     8  libspace.o(.text)
    __user_perproc_libspace                  0x08000259   Thumb Code     0  libspace.o(.text)
    __user_perthread_libspace                0x08000259   Thumb Code     0  libspace.o(.text)
    _sys_exit                                0x08000261   Thumb Code     8  sys_exit.o(.text)
    __I$use$semihosting                      0x0800026d   Thumb Code     0  use_no_semi.o(.text)
    __use_no_semihosting_swi                 0x0800026d   Thumb Code     2  use_no_semi.o(.text)
    __semihosting_library_function           0x0800026f   Thumb Code     0  indicate_semi.o(.text)
    DelayMilis                               0x08000271   Thumb Code    54  systick_time.o(.text.DelayMilis)
    Delayms                                  0x080002a9   Thumb Code    32  systick_time.o(.text.Delayms)
    SysTick_Handler                          0x080003f5   Thumb Code    32  main.o(.text.SysTick_Handler)
    SystemInit                               0x08000415   Thumb Code   102  system_stm32f10x.o(.text.SystemInit)
    Systick_init                             0x0800047d   Thumb Code    46  systick_time.o(.text.Systick_init)
    UART_BRR                                 0x080004ad   Thumb Code   280  uart_driver.o(.text.UART_BRR)
    UART_ISR                                 0x080005c5   Thumb Code   136  uart_driver.o(.text.UART_ISR)
    UART_Rx                                  0x0800064d   Thumb Code   168  uart_driver.o(.text.UART_Rx)
    UART_SEND                                0x080006f5   Thumb Code    52  uart_driver.o(.text.UART_SEND)
    UART_Tx                                  0x08000729   Thumb Code   162  uart_driver.o(.text.UART_Tx)
    UART_init                                0x080007cd   Thumb Code   400  uart_driver.o(.text.UART_init)
    USART2_IRQHandler                        0x0800095d   Thumb Code    26  main.o(.text.USART2_IRQHandler)
    USART3_IRQHandler                        0x08000979   Thumb Code    26  main.o(.text.USART3_IRQHandler)
    esp_menu                                 0x080009c5   Thumb Code    18  esp01_lib.o(.text.esp_menu)
    init_gp                                  0x080009d9   Thumb Code   258  gp_driver.o(.text.init_gp)
    main                                     0x08000add   Thumb Code   150  main.o(.text.main)
    str_empty                                0x08000b75   Thumb Code    42  help_func.o(.text.str_empty)
    systick_int                              0x08000ba1   Thumb Code   168  systick_time.o(.text.systick_int)
    systick_int_start                        0x08000c49   Thumb Code    54  systick_time.o(.text.systick_int_start)
    __aeabi_dadd                             0x08000c81   Thumb Code     0  daddsub_clz.o(x$fpl$dadd)
    _dadd                                    0x08000c81   Thumb Code   332  daddsub_clz.o(x$fpl$dadd)
    __fpl_dcmp_Inf                           0x08000dd1   Thumb Code    24  dcmpi.o(x$fpl$dcmpinf)
    __aeabi_ddiv                             0x08000de9   Thumb Code     0  ddiv.o(x$fpl$ddiv)
    _ddiv                                    0x08000de9   Thumb Code   556  ddiv.o(x$fpl$ddiv)
    __aeabi_cdcmpeq                          0x0800109d   Thumb Code     0  deqf.o(x$fpl$deqf)
    _dcmpeq                                  0x0800109d   Thumb Code   120  deqf.o(x$fpl$deqf)
    __aeabi_d2uiz                            0x08001115   Thumb Code     0  dfixu.o(x$fpl$dfixu)
    _dfixu                                   0x08001115   Thumb Code    90  dfixu.o(x$fpl$dfixu)
    __aeabi_ui2d                             0x0800116f   Thumb Code     0  dflt_clz.o(x$fpl$dfltu)
    _dfltu                                   0x0800116f   Thumb Code    38  dflt_clz.o(x$fpl$dfltu)
    __aeabi_cdcmpge                          0x08001195   Thumb Code     0  dgeqf.o(x$fpl$dgeqf)
    _dcmpge                                  0x08001195   Thumb Code   120  dgeqf.o(x$fpl$dgeqf)
    __aeabi_cdcmple                          0x0800120d   Thumb Code     0  dleqf.o(x$fpl$dleqf)
    _dcmple                                  0x0800120d   Thumb Code   120  dleqf.o(x$fpl$dleqf)
    __fpl_dcmple_InfNaN                      0x0800126f   Thumb Code     0  dleqf.o(x$fpl$dleqf)
    __aeabi_dmul                             0x08001285   Thumb Code     0  dmul.o(x$fpl$dmul)
    _dmul                                    0x08001285   Thumb Code   332  dmul.o(x$fpl$dmul)
    __fpl_dnaninf                            0x080013d9   Thumb Code   156  dnaninf.o(x$fpl$dnaninf)
    __fpl_dretinf                            0x08001475   Thumb Code    12  dretinf.o(x$fpl$dretinf)
    __aeabi_dsub                             0x08001481   Thumb Code     0  daddsub_clz.o(x$fpl$dsub)
    _dsub                                    0x08001481   Thumb Code   472  daddsub_clz.o(x$fpl$dsub)
    __aeabi_dcmpeq                           0x0800165d   Thumb Code     0  dcmp.o(x$fpl$fcmp)
    _deq                                     0x0800165d   Thumb Code    14  dcmp.o(x$fpl$fcmp)
    _dneq                                    0x0800166b   Thumb Code    14  dcmp.o(x$fpl$fcmp)
    __aeabi_dcmpgt                           0x08001679   Thumb Code     0  dcmp.o(x$fpl$fcmp)
    _dgr                                     0x08001679   Thumb Code    14  dcmp.o(x$fpl$fcmp)
    __aeabi_dcmpge                           0x08001687   Thumb Code     0  dcmp.o(x$fpl$fcmp)
    _dgeq                                    0x08001687   Thumb Code    14  dcmp.o(x$fpl$fcmp)
    __aeabi_dcmple                           0x08001695   Thumb Code     0  dcmp.o(x$fpl$fcmp)
    _dleq                                    0x08001695   Thumb Code    14  dcmp.o(x$fpl$fcmp)
    __aeabi_dcmplt                           0x080016a3   Thumb Code     0  dcmp.o(x$fpl$fcmp)
    _dls                                     0x080016a3   Thumb Code    14  dcmp.o(x$fpl$fcmp)
    __I$use$fp                               0x080016b0   Number         0  usenofp.o(x$fpl$usenofp)
    Region$$Table$$Base                      0x08001a60   Number         0  anon$$obj.o(Region$$Table)
    Region$$Table$$Limit                     0x08001a80   Number         0  anon$$obj.o(Region$$Table)
    uart_1_mgr                               0x20000000   Data          14  main.o(.data.uart_1_mgr)
    uart_2_mgr                               0x2000000e   Data          14  main.o(.data.uart_2_mgr)
    uart_3_mgr                               0x2000001c   Data          14  main.o(.data.uart_3_mgr)
    __libspace_start                         0x20000030   Data          96  libspace.o(.bss)
    UART2_msg                                0x20000090   Data         100  main.o(.bss.UART2_msg)
    __temporary_stack_top$libspace           0x20000090   Data           0  libspace.o(.bss)
    UART3_msg                                0x200000f4   Data         100  main.o(.bss.UART3_msg)



==============================================================================

Memory Map of the image

  Image Entry point : 0x080001b5

  Load Region LR_1 (Base: 0x08000000, Size: 0x00001aac, Max: 0xffffffff, ABSOLUTE)

    Execution Region ER_RO (Exec base: 0x08000000, Load base: 0x08000000, Size: 0x00001a80, Max: 0xffffffff, ABSOLUTE)

    Exec Addr    Load Addr    Size         Type   Attr      Idx    E Section Name        Object

    0x08000000   0x08000000   0x000000ec   Data   RO          135    RESET               startup_stm32f10x_md.o
    0x080000ec   0x080000ec   0x00000008   Code   RO          165  * !!!main             c_w.l(__main.o)
    0x080000f4   0x080000f4   0x0000005c   Code   RO          369    !!!scatter          c_w.l(__scatter.o)
    0x08000150   0x08000150   0x0000001a   Code   RO          373    !!handler_copy      c_w.l(__scatter_copy.o)
    0x0800016a   0x0800016a   0x00000002   PAD
    0x0800016c   0x0800016c   0x00000002   Code   RO          370    !!handler_null      c_w.l(__scatter.o)
    0x0800016e   0x0800016e   0x00000002   PAD
    0x08000170   0x08000170   0x0000001c   Code   RO          375    !!handler_zi        c_w.l(__scatter_zi.o)
    0x0800018c   0x0800018c   0x00000002   Code   RO          231    .ARM.Collect$$libinit$$00000000  c_w.l(libinit.o)
    0x0800018e   0x0800018e   0x00000000   Code   RO          238    .ARM.Collect$$libinit$$00000002  c_w.l(libinit2.o)
    0x0800018e   0x0800018e   0x00000000   Code   RO          240    .ARM.Collect$$libinit$$00000004  c_w.l(libinit2.o)
    0x0800018e   0x0800018e   0x00000000   Code   RO          242    .ARM.Collect$$libinit$$00000006  c_w.l(libinit2.o)
    0x0800018e   0x0800018e   0x00000000   Code   RO          245    .ARM.Collect$$libinit$$0000000C  c_w.l(libinit2.o)
    0x0800018e   0x0800018e   0x00000000   Code   RO          247    .ARM.Collect$$libinit$$0000000E  c_w.l(libinit2.o)
    0x0800018e   0x0800018e   0x00000000   Code   RO          249    .ARM.Collect$$libinit$$00000010  c_w.l(libinit2.o)
    0x0800018e   0x0800018e   0x00000000   Code   RO          252    .ARM.Collect$$libinit$$00000013  c_w.l(libinit2.o)
    0x0800018e   0x0800018e   0x00000000   Code   RO          254    .ARM.Collect$$libinit$$00000015  c_w.l(libinit2.o)
    0x0800018e   0x0800018e   0x00000000   Code   RO          256    .ARM.Collect$$libinit$$00000017  c_w.l(libinit2.o)
    0x0800018e   0x0800018e   0x00000000   Code   RO          258    .ARM.Collect$$libinit$$00000019  c_w.l(libinit2.o)
    0x0800018e   0x0800018e   0x00000000   Code   RO          260    .ARM.Collect$$libinit$$0000001B  c_w.l(libinit2.o)
    0x0800018e   0x0800018e   0x00000000   Code   RO          262    .ARM.Collect$$libinit$$0000001D  c_w.l(libinit2.o)
    0x0800018e   0x0800018e   0x00000000   Code   RO          264    .ARM.Collect$$libinit$$0000001F  c_w.l(libinit2.o)
    0x0800018e   0x0800018e   0x00000000   Code   RO          266    .ARM.Collect$$libinit$$00000021  c_w.l(libinit2.o)
    0x0800018e   0x0800018e   0x00000000   Code   RO          268    .ARM.Collect$$libinit$$00000023  c_w.l(libinit2.o)
    0x0800018e   0x0800018e   0x00000000   Code   RO          270    .ARM.Collect$$libinit$$00000025  c_w.l(libinit2.o)
    0x0800018e   0x0800018e   0x00000000   Code   RO          272    .ARM.Collect$$libinit$$00000027  c_w.l(libinit2.o)
    0x0800018e   0x0800018e   0x00000000   Code   RO          276    .ARM.Collect$$libinit$$0000002E  c_w.l(libinit2.o)
    0x0800018e   0x0800018e   0x00000000   Code   RO          278    .ARM.Collect$$libinit$$00000030  c_w.l(libinit2.o)
    0x0800018e   0x0800018e   0x00000000   Code   RO          280    .ARM.Collect$$libinit$$00000032  c_w.l(libinit2.o)
    0x0800018e   0x0800018e   0x00000000   Code   RO          282    .ARM.Collect$$libinit$$00000034  c_w.l(libinit2.o)
    0x0800018e   0x0800018e   0x00000002   Code   RO          283    .ARM.Collect$$libinit$$00000035  c_w.l(libinit2.o)
    0x08000190   0x08000190   0x00000002   Code   RO          305    .ARM.Collect$$libshutdown$$00000000  c_w.l(libshutdown.o)
    0x08000192   0x08000192   0x00000000   Code   RO          320    .ARM.Collect$$libshutdown$$00000002  c_w.l(libshutdown2.o)
    0x08000192   0x08000192   0x00000000   Code   RO          322    .ARM.Collect$$libshutdown$$00000004  c_w.l(libshutdown2.o)
    0x08000192   0x08000192   0x00000000   Code   RO          325    .ARM.Collect$$libshutdown$$00000007  c_w.l(libshutdown2.o)
    0x08000192   0x08000192   0x00000000   Code   RO          328    .ARM.Collect$$libshutdown$$0000000A  c_w.l(libshutdown2.o)
    0x08000192   0x08000192   0x00000000   Code   RO          330    .ARM.Collect$$libshutdown$$0000000C  c_w.l(libshutdown2.o)
    0x08000192   0x08000192   0x00000000   Code   RO          333    .ARM.Collect$$libshutdown$$0000000F  c_w.l(libshutdown2.o)
    0x08000192   0x08000192   0x00000002   Code   RO          334    .ARM.Collect$$libshutdown$$00000010  c_w.l(libshutdown2.o)
    0x08000194   0x08000194   0x00000000   Code   RO          191    .ARM.Collect$$rtentry$$00000000  c_w.l(__rtentry.o)
    0x08000194   0x08000194   0x00000000   Code   RO          206    .ARM.Collect$$rtentry$$00000002  c_w.l(__rtentry2.o)
    0x08000194   0x08000194   0x00000006   Code   RO          218    .ARM.Collect$$rtentry$$00000004  c_w.l(__rtentry4.o)
    0x0800019a   0x0800019a   0x00000000   Code   RO          208    .ARM.Collect$$rtentry$$00000009  c_w.l(__rtentry2.o)
    0x0800019a   0x0800019a   0x00000004   Code   RO          209    .ARM.Collect$$rtentry$$0000000A  c_w.l(__rtentry2.o)
    0x0800019e   0x0800019e   0x00000000   Code   RO          211    .ARM.Collect$$rtentry$$0000000C  c_w.l(__rtentry2.o)
    0x0800019e   0x0800019e   0x00000008   Code   RO          212    .ARM.Collect$$rtentry$$0000000D  c_w.l(__rtentry2.o)
    0x080001a6   0x080001a6   0x00000002   Code   RO          235    .ARM.Collect$$rtexit$$00000000  c_w.l(rtexit.o)
    0x080001a8   0x080001a8   0x00000000   Code   RO          285    .ARM.Collect$$rtexit$$00000002  c_w.l(rtexit2.o)
    0x080001a8   0x080001a8   0x00000004   Code   RO          286    .ARM.Collect$$rtexit$$00000003  c_w.l(rtexit2.o)
    0x080001ac   0x080001ac   0x00000006   Code   RO          287    .ARM.Collect$$rtexit$$00000004  c_w.l(rtexit2.o)
    0x080001b2   0x080001b2   0x00000002   PAD
    0x080001b4   0x080001b4   0x00000040   Code   RO          136  * .text               startup_stm32f10x_md.o
    0x080001f4   0x080001f4   0x00000006   Code   RO          163    .text               c_w.l(heapauxi.o)
    0x080001fa   0x080001fa   0x0000004a   Code   RO          222    .text               c_w.l(sys_stackheap_outer.o)
    0x08000244   0x08000244   0x00000012   Code   RO          224    .text               c_w.l(exit.o)
    0x08000256   0x08000256   0x00000002   PAD
    0x08000258   0x08000258   0x00000008   Code   RO          232    .text               c_w.l(libspace.o)
    0x08000260   0x08000260   0x0000000c   Code   RO          295    .text               c_w.l(sys_exit.o)
    0x0800026c   0x0800026c   0x00000002   Code   RO          310    .text               c_w.l(use_no_semi.o)
    0x0800026e   0x0800026e   0x00000000   Code   RO          312    .text               c_w.l(indicate_semi.o)
    0x0800026e   0x0800026e   0x00000002   PAD
    0x08000270   0x08000270   0x00000036   Code   RO           70    .text.DelayMilis    systick_time.o
    0x080002a6   0x080002a6   0x00000002   PAD
    0x080002a8   0x080002a8   0x00000020   Code   RO           72    .text.Delayms       systick_time.o
    0x080002c8   0x080002c8   0x00000008   Code   RO          145    .text.SetSysClock   system_stm32f10x.o
    0x080002d0   0x080002d0   0x00000122   Code   RO          149    .text.SetSysClockTo72  system_stm32f10x.o
    0x080003f2   0x080003f2   0x00000002   PAD
    0x080003f4   0x080003f4   0x00000020   Code   RO            8    .text.SysTick_Handler  main.o
    0x08000414   0x08000414   0x00000066   Code   RO          143    .text.SystemInit    system_stm32f10x.o
    0x0800047a   0x0800047a   0x00000002   PAD
    0x0800047c   0x0800047c   0x0000002e   Code   RO           68    .text.Systick_init  systick_time.o
    0x080004aa   0x080004aa   0x00000002   PAD
    0x080004ac   0x080004ac   0x00000118   Code   RO           85    .text.UART_BRR      uart_driver.o
    0x080005c4   0x080005c4   0x00000088   Code   RO           97    .text.UART_ISR      uart_driver.o
    0x0800064c   0x0800064c   0x000000a8   Code   RO           91    .text.UART_Rx       uart_driver.o
    0x080006f4   0x080006f4   0x00000034   Code   RO           95    .text.UART_SEND     uart_driver.o
    0x08000728   0x08000728   0x000000a2   Code   RO           93    .text.UART_Tx       uart_driver.o
    0x080007ca   0x080007ca   0x00000002   PAD
    0x080007cc   0x080007cc   0x00000190   Code   RO           87    .text.UART_init     uart_driver.o
    0x0800095c   0x0800095c   0x0000001a   Code   RO            4    .text.USART2_IRQHandler  main.o
    0x08000976   0x08000976   0x00000002   PAD
    0x08000978   0x08000978   0x0000001a   Code   RO            6    .text.USART3_IRQHandler  main.o
    0x08000992   0x08000992   0x00000002   PAD
    0x08000994   0x08000994   0x00000030   Code   RO           89    .text.__NVIC_EnableIRQ  uart_driver.o
    0x080009c4   0x080009c4   0x00000012   Code   RO          114    .text.esp_menu      esp01_lib.o
    0x080009d6   0x080009d6   0x00000002   PAD
    0x080009d8   0x080009d8   0x00000102   Code   RO           33    .text.init_gp       gp_driver.o
    0x08000ada   0x08000ada   0x00000002   PAD
    0x08000adc   0x08000adc   0x00000096   Code   RO            2    .text.main          main.o
    0x08000b72   0x08000b72   0x00000002   PAD
    0x08000b74   0x08000b74   0x0000002a   Code   RO           58    .text.str_empty     help_func.o
    0x08000b9e   0x08000b9e   0x00000002   PAD
    0x08000ba0   0x08000ba0   0x000000a8   Code   RO           76    .text.systick_int   systick_time.o
    0x08000c48   0x08000c48   0x00000036   Code   RO           74    .text.systick_int_start  systick_time.o
    0x08000c7e   0x08000c7e   0x00000002   PAD
    0x08000c80   0x08000c80   0x00000150   Code   RO          167    x$fpl$dadd          fz_ws.l(daddsub_clz.o)
    0x08000dd0   0x08000dd0   0x00000018   Code   RO          220    x$fpl$dcmpinf       fz_ws.l(dcmpi.o)
    0x08000de8   0x08000de8   0x000002b4   Code   RO          176    x$fpl$ddiv          fz_ws.l(ddiv.o)
    0x0800109c   0x0800109c   0x00000078   Code   RO          194    x$fpl$deqf          fz_ws.l(deqf.o)
    0x08001114   0x08001114   0x0000005a   Code   RO          179    x$fpl$dfixu         fz_ws.l(dfixu.o)
    0x0800116e   0x0800116e   0x00000026   Code   RO          183    x$fpl$dfltu         fz_ws.l(dflt_clz.o)
    0x08001194   0x08001194   0x00000078   Code   RO          196    x$fpl$dgeqf         fz_ws.l(dgeqf.o)
    0x0800120c   0x0800120c   0x00000078   Code   RO          198    x$fpl$dleqf         fz_ws.l(dleqf.o)
    0x08001284   0x08001284   0x00000154   Code   RO          189    x$fpl$dmul          fz_ws.l(dmul.o)
    0x080013d8   0x080013d8   0x0000009c   Code   RO          200    x$fpl$dnaninf       fz_ws.l(dnaninf.o)
    0x08001474   0x08001474   0x0000000c   Code   RO          202    x$fpl$dretinf       fz_ws.l(dretinf.o)
    0x08001480   0x08001480   0x000001dc   Code   RO          169    x$fpl$dsub          fz_ws.l(daddsub_clz.o)
    0x0800165c   0x0800165c   0x00000054   Code   RO          173    x$fpl$fcmp          fz_ws.l(dcmp.o)
    0x080016b0   0x080016b0   0x00000000   Code   RO          204    x$fpl$usenofp       fz_ws.l(usenofp.o)
    0x080016b0   0x080016b0   0x000003ae   Data   RO          124    .rodata.str1.1      esp01_lib.o
    0x08001a5e   0x08001a5e   0x00000002   PAD
    0x08001a60   0x08001a60   0x00000020   Data   RO          368    Region$$Table       anon$$obj.o


    Execution Region ER_RW (Exec base: 0x20000000, Load base: 0x08001a80, Size: 0x0000002c, Max: 0xffffffff, ABSOLUTE)

    Exec Addr    Load Addr    Size         Type   Attr      Idx    E Section Name        Object

    0x20000000   0x08001a80   0x0000000e   Data   RW           13    .data.uart_1_mgr    main.o
    0x2000000e   0x08001a8e   0x0000000e   Data   RW           17    .data.uart_2_mgr    main.o
    0x2000001c   0x08001a9c   0x0000000e   Data   RW           21    .data.uart_3_mgr    main.o


    Execution Region ER_ZI (Exec base: 0x20000030, Load base: 0x08001aac, Size: 0x00000728, Max: 0xffffffff, ABSOLUTE)

    Exec Addr    Load Addr    Size         Type   Attr      Idx    E Section Name        Object

    0x20000030        -       0x00000060   Zero   RW          233    .bss                c_w.l(libspace.o)
    0x20000090        -       0x00000064   Zero   RW           22    .bss.UART2_msg      main.o
    0x200000f4        -       0x00000064   Zero   RW           23    .bss.UART3_msg      main.o
    0x20000158        -       0x00000200   Zero   RW          134    HEAP                startup_stm32f10x_md.o
    0x20000358        -       0x00000400   Zero   RW          133    STACK               startup_stm32f10x_md.o


==============================================================================

Image component sizes


      Code (inc. data)   RO Data    RW Data    ZI Data      Debug   Object Name

        18          0        942          0          0       4044   esp01_lib.o
       258          0          0          0          0       1424   gp_driver.o
        42          0          0          0          0       2301   help_func.o
       234          0          0         42        200       1430   main.o
        64         26        236          0       1536        956   startup_stm32f10x_md.o
       400          0          0          0          0       2983   system_stm32f10x.o
       354          0          0          0          0       1741   systick_time.o
      1246          0          0          0          0       5110   uart_driver.o

    ----------------------------------------------------------------------
      2640         26       1212         44       1736      19989   Object Totals
         0          0         32          0          0          0   (incl. Generated)
        24          0          2          2          0          0   (incl. Padding)

    ----------------------------------------------------------------------

      Code (inc. data)   RO Data    RW Data    ZI Data      Debug   Library Member Name

         8          0          0          0          0         68   __main.o
         0          0          0          0          0          0   __rtentry.o
        12          0          0          0          0          0   __rtentry2.o
         6          0          0          0          0          0   __rtentry4.o
        94          8          0          0          0          0   __scatter.o
        26          0          0          0          0          0   __scatter_copy.o
        28          0          0          0          0          0   __scatter_zi.o
        18          0          0          0          0         80   exit.o
         6          0          0          0          0        152   heapauxi.o
         0          0          0          0          0          0   indicate_semi.o
         2          0          0          0          0          0   libinit.o
         2          0          0          0          0          0   libinit2.o
         2          0          0          0          0          0   libshutdown.o
         2          0          0          0          0          0   libshutdown2.o
         8          4          0          0         96         68   libspace.o
         2          0          0          0          0          0   rtexit.o
        10          0          0          0          0          0   rtexit2.o
        12          4          0          0          0         68   sys_exit.o
        74          0          0          0          0         80   sys_stackheap_outer.o
         2          0          0          0          0         68   use_no_semi.o
       812         16          0          0          0        296   daddsub_clz.o
        84          0          0          0          0        196   dcmp.o
        24          0          0          0          0         68   dcmpi.o
       692        140          0          0          0        216   ddiv.o
       120          4          0          0          0         92   deqf.o
        90          4          0          0          0         92   dfixu.o
        38          0          0          0          0         68   dflt_clz.o
       120          4          0          0          0         92   dgeqf.o
       120          4          0          0          0         92   dleqf.o
       340         12          0          0          0        104   dmul.o
       156          4          0          0          0         92   dnaninf.o
        12          0          0          0          0         68   dretinf.o
         0          0          0          0          0          0   usenofp.o

    ----------------------------------------------------------------------
      2932        204          0          0         96       2060   Library Totals
        10          0          0          0          0          0   (incl. Padding)

    ----------------------------------------------------------------------

      Code (inc. data)   RO Data    RW Data    ZI Data      Debug   Library Name

       314         16          0          0         96        584   c_w.l
      2608        188          0          0          0       1476   fz_ws.l

    ----------------------------------------------------------------------
      2932        204          0          0         96       2060   Library Totals

    ----------------------------------------------------------------------

==============================================================================


      Code (inc. data)   RO Data    RW Data    ZI Data      Debug   

      5572        230       1212         44       1832      21213   Grand Totals
      5572        230       1212         44       1832      21213   ELF Image Totals
      5572        230       1212         44          0          0   ROM Totals

==============================================================================

    Total RO  Size (Code + RO Data)                 6784 (   6.62kB)
    Total RW  Size (RW Data + ZI Data)              1876 (   1.83kB)
    Total ROM Size (Code + RO Data + RW Data)       6828 (   6.67kB)

==============================================================================

