<html>
<body>
<pre>
<h1>µVision Build Log</h1>
<h2>Tool Versions:</h2>
IDE-Version: µVision V5.39.0.0
Copyright (C) 2023 ARM Ltd and ARM Germany GmbH. All rights reserved.
License Information: thuy ASUS, non, LIC=----
 
Tool Versions:
Toolchain:       MDK-Lite  Version: 5.39.0.0
Toolchain Path:  C:\Keil_v5\ARM\ARMCLANG\Bin
C Compiler:      ArmClang.exe V6.21
Assembler:       Armasm.exe V6.21
Linker/Locator:  ArmLink.exe V6.21
Library Manager: ArmAr.exe V6.21
Hex Converter:   FromElf.exe V6.21
CPU DLL:         SARMCM3.DLL V5.39.0.0
Dialog DLL:      DARMSTM.DLL V1.69.1.0
Target DLL:      STLink\ST-LINKIII-KEIL_SWO.dll V3.2.0.0
Dialog DLL:      TCM.DLL V1.56.4.0
 
<h2>Project:</h2>
E:\2.Embedded\1.microtroller\3.stm32fx\reg\stm32f10x\3.UART_USART\035\035.uvprojx
Project File Date:  01/27/2024

<h2>Output:</h2>
*** Using Compiler 'V6.21', folder: 'C:\Keil_v5\ARM\ARMCLANG\Bin'
Rebuild target 'Target 1'
systick_time.c(1): warning: In file included from...
./systick_time.h(9): warning: no newline at end of file [-Wnewline-eof]
    9 | void systick_int(unsigned short uart_1_mgr[], unsigned short uart_2_mgr[], unsigned short uart_3_mgr[]);
      |                                                                                                         ^
systick_time.c(2): warning: In file included from...
C:/Users/ASUS/AppData/Local/Arm/Packs/Keil/STM32F1xx_DFP/2.4.1/Device/Include\stm32f10x.h(18): warning: invalid UTF-8 in comment [-Winvalid-utf8]
   18 |   *              - To use or not the peripheral<92>s drivers in application code(i.e. 
      |                                                ^
C:/Users/ASUS/AppData/Local/Arm/Packs/Keil/STM32F1xx_DFP/2.4.1/Device/Include\stm32f10x.h(19): warning: invalid UTF-8 in comment [-Winvalid-utf8]
   19 |   *                code will be based on direct access to peripheral<92>s registers 
      |                                                                     ^
C:/Users/ASUS/AppData/Local/Arm/Packs/Keil/STM32F1xx_DFP/2.4.1/Device/Include\stm32f10x.h(26): warning: invalid UTF-8 in comment [-Winvalid-utf8]
   26 |   *           - Macros to access peripheral<92>s registers hardware
      |                                            ^
systick_time.c(43): warning: unsafe buffer access [-Wunsafe-buffer-usage]
   43 |                 if(uart_1_mgr[6] == 0){
      |                    ^~~~~~~~~~
systick_time.c(45): warning: unsafe buffer access [-Wunsafe-buffer-usage]
   45 |                         uart_1_mgr[1] = 1;
      |                         ^~~~~~~~~~
systick_time.c(48): warning: unsafe buffer access [-Wunsafe-buffer-usage]
   48 |                         uart_1_mgr[6]--;
      |                         ^~~~~~~~~~
systick_time.c(51): warning: unsafe buffer access [-Wunsafe-buffer-usage]
   51 |                 if(uart_2_mgr[6] == 0){
      |                    ^~~~~~~~~~
systick_time.c(53): warning: unsafe buffer access [-Wunsafe-buffer-usage]
   53 |                         uart_2_mgr[1] = 1;
      |                         ^~~~~~~~~~
systick_time.c(56): warning: unsafe buffer access [-Wunsafe-buffer-usage]
   56 |                         uart_2_mgr[6]--;
      |                         ^~~~~~~~~~
systick_time.c(59): warning: unsafe buffer access [-Wunsafe-buffer-usage]
   59 |                 if(uart_3_mgr[6] == 0){
      |                    ^~~~~~~~~~
systick_time.c(61): warning: unsafe buffer access [-Wunsafe-buffer-usage]
   61 |                         uart_3_mgr[1] = 1;
      |                         ^~~~~~~~~~
systick_time.c(64): warning: unsafe buffer access [-Wunsafe-buffer-usage]
   64 |                         uart_3_mgr[6]--;
      |                         ^~~~~~~~~~
13 warnings generated.
compiling systick_time.c...
help_func.c(67): warning: implicit conversion loses integer precision: 'int' to 'char' [-Wimplicit-int-conversion]
   67 |                 lstr[cnt] = num % div + 0x30;
      |                           ~ ~~~~~~~~~~^~~~~~
help_func.c(71): warning: implicit conversion loses integer precision: 'int' to 'char' [-Wimplicit-int-conversion]
   71 |         lstr[cnt] = num +0x30;
      |                   ~ ~~~~^~~~~
help_func.c(8): warning: unsafe buffer access [-Wunsafe-buffer-usage]
    8 |         while(str[++len] != '\0');
      |               ^~~
help_func.c(23): warning: unsafe buffer access [-Wunsafe-buffer-usage]
   23 |         while((str2[i+strlen - 1] != '\0' | str2[i+strlen]!= '\0') & (match == 0)){
      |                ^~~~
help_func.c(23): warning: unsafe buffer access [-Wunsafe-buffer-usage]
   23 |         while((str2[i+strlen - 1] != '\0' | str2[i+strlen]!= '\0') & (match == 0)){
      |                                             ^~~~
help_func.c(25): warning: unsafe buffer access [-Wunsafe-buffer-usage]
   25 |                         if(str1[j] == str2[i+j]){
      |                            ^~~~
help_func.c(25): warning: unsafe buffer access [-Wunsafe-buffer-usage]
   25 |                         if(str1[j] == str2[i+j]){
      |                                       ^~~~
help_func.c(52): warning: unsafe buffer access [-Wunsafe-buffer-usage]
   52 |         while(str2[i] != '\0'){
      |               ^~~~
help_func.c(55): warning: unsafe buffer access [-Wunsafe-buffer-usage]
   55 |         while(str1[j] != '\0'){
      |               ^~~~
help_func.c(56): warning: unsafe buffer access [-Wunsafe-buffer-usage]
   56 |                 str1[i+j] = str2[j];
      |                 ^~~~
help_func.c(56): warning: unsafe buffer access [-Wunsafe-buffer-usage]
   56 |                 str1[i+j] = str2[j];
      |                             ^~~~
help_func.c(67): warning: unsafe buffer access [-Wunsafe-buffer-usage]
   67 |                 lstr[cnt] = num % div + 0x30;
      |                 ^~~~
help_func.c(71): warning: unsafe buffer access [-Wunsafe-buffer-usage]
   71 |         lstr[cnt] = num +0x30;
      |         ^~~~
help_func.c(73): warning: unsafe buffer access [-Wunsafe-buffer-usage]
   73 |                 str[cnt -j] = lstr[j];
      |                 ^~~
help_func.c(73): warning: unsafe buffer access [-Wunsafe-buffer-usage]
   73 |                 str[cnt -j] = lstr[j];
      |                               ^~~~
help_func.c(84): warning: unsafe buffer access [-Wunsafe-buffer-usage]
   84 |                 check[0] = str[i];
      |                            ^~~
help_func.c(92): warning: unsafe buffer access [-Wunsafe-buffer-usage]
   92 |                         result = result*10+ (str[i] - 0x30);
      |                                              ^~~
help_func.c(103): warning: unsafe buffer access [-Wunsafe-buffer-usage]
  103 |         while(str[i] != '\n'){
      |               ^~~
help_func.c(104): warning: unsafe buffer access [-Wunsafe-buffer-usage]
  104 |                 str[i] = '\0';
      |                 ^~~
19 warnings generated.
compiling help_func.c...
main.c(12): warning: In file included from...
C:/Users/ASUS/AppData/Local/Arm/Packs/Keil/STM32F1xx_DFP/2.4.1/Device/Include\stm32f10x.h(18): warning: invalid UTF-8 in comment [-Winvalid-utf8]
   18 |   *              - To use or not the peripheral<92>s drivers in application code(i.e. 
      |                                                ^
C:/Users/ASUS/AppData/Local/Arm/Packs/Keil/STM32F1xx_DFP/2.4.1/Device/Include\stm32f10x.h(19): warning: invalid UTF-8 in comment [-Winvalid-utf8]
   19 |   *                code will be based on direct access to peripheral<92>s registers 
      |                                                                     ^
C:/Users/ASUS/AppData/Local/Arm/Packs/Keil/STM32F1xx_DFP/2.4.1/Device/Include\stm32f10x.h(26): warning: invalid UTF-8 in comment [-Winvalid-utf8]
   26 |   *           - Macros to access peripheral<92>s registers hardware
      |                                            ^
main.c(19): warning: no newline at end of file [-Wnewline-eof]
   19 | }
      |  ^
4 warnings generated.
compiling main.c...
gp_driver.c(24): warning: implicit conversion changes signedness: 'int' to 'unsigned long' [-Wsign-conversion]
   24 |         *CR &= ~(0xf<<(tPIN)*4);
      |             ~~ ^~~~~~~~~~~~~~~~
gp_driver.c(25): warning: implicit conversion changes signedness: 'int' to 'unsigned long' [-Wsign-conversion]
   25 |         *CR |= ((dir<<(tPIN*4))| (opt << (tPIN * 4 + 2)));
      |             ~~  ~~~~~~~~~~~~~~~^~~~~~~~~~~~~~~~~~~~~~~~~
gp_driver.c(20): warning: variable 'CR' is used uninitialized whenever 'if' condition is false [-Wsometimes-uninitialized]
   20 |         else if(port == 3){
      |                 ^~~~~~~~~
gp_driver.c(24): note: uninitialized use occurs here
   24 |         *CR &= ~(0xf<<(tPIN)*4);
      |          ^~
gp_driver.c(20): note: remove the 'if' if its condition is always true
   20 |         else if(port == 3){
      |              ^~~~~~~~~~~~~
gp_driver.c(4): note: initialize the variable 'CR' to silence this warning
    4 |         volatile unsigned long * CR;
      |                                    ^
      |                                     = 0
gp_driver.c(44): warning: implicit conversion changes signedness: 'unsigned long' to 'int' [-Wsign-conversion]
   44 |         state = ((*IDR & (1<<pin))>>(pin));
      |               ~  ~~~~~~~~~~~~~~~~~^~~~~~~
gp_driver.c(41): warning: variable 'IDR' is used uninitialized whenever 'if' condition is false [-Wsometimes-uninitialized]
   41 |         else if(port == 3){
      |                 ^~~~~~~~~
gp_driver.c(44): note: uninitialized use occurs here
   44 |         state = ((*IDR & (1<<pin))>>(pin));
      |                    ^~~
gp_driver.c(41): note: remove the 'if' if its condition is always true
   41 |         else if(port == 3){
      |              ^~~~~~~~~~~~~
gp_driver.c(32): note: initialize the variable 'IDR' to silence this warning
   32 |         volatile unsigned long * IDR;
      |                                     ^
      |                                      = 0
gp_driver.c(62): warning: implicit conversion changes signedness: 'int' to 'unsigned long' [-Wsign-conversion]
   62 |         status ? (*ODR |= (status << pin)) : (*ODR &= ~(1<<pin));
      |                        ~~  ~~~~~~~^~~~~~
gp_driver.c(57): warning: variable 'ODR' is used uninitialized whenever 'if' condition is false [-Wsometimes-uninitialized]
   57 |         else if(port == 3){
      |                 ^~~~~~~~~
gp_driver.c(61): note: uninitialized use occurs here
   61 |         *ODR &= 0x0;//  reset value of ODR
      |          ^~~
gp_driver.c(57): note: remove the 'if' if its condition is always true
   57 |         else if(port == 3){
      |              ^~~~~~~~~~~~~
gp_driver.c(50): note: initialize the variable 'ODR' to silence this warning
   50 |         volatile unsigned long * ODR;
      |                                     ^
      |                                      = 0
gp_driver.c(14): warning: unsafe pointer arithmetic [-Wunsafe-buffer-usage]
   14 |                 CR = (volatile unsigned long*)(&GPIO_A +offset);
      |                                                ^~~~~~~
gp_driver.c(18): warning: unsafe pointer arithmetic [-Wunsafe-buffer-usage]
   18 |                 CR = (volatile unsigned long*)(&GPIO_B +offset);
      |                                                ^~~~~~~
gp_driver.c(22): warning: unsafe pointer arithmetic [-Wunsafe-buffer-usage]
   22 |                 CR = (volatile unsigned long*)(&GPIO_C +offset);
      |                                                ^~~~~~~
gp_driver.c(36): warning: unsafe pointer arithmetic [-Wunsafe-buffer-usage]
   36 |                 IDR = (volatile unsigned long*)(&GPIO_A + offset);
      |                                                 ^~~~~~~
gp_driver.c(39): warning: unsafe pointer arithmetic [-Wunsafe-buffer-usage]
   39 |                 IDR = (volatile unsigned long*)(&GPIO_B + offset);
      |                                                 ^~~~~~~
gp_driver.c(42): warning: unsafe pointer arithmetic [-Wunsafe-buffer-usage]
   42 |                 IDR = (volatile unsigned long*)(&GPIO_C + offset);
      |                                                 ^~~~~~~
gp_driver.c(52): warning: unsafe pointer arithmetic [-Wunsafe-buffer-usage]
   52 |                 ODR = (volatile unsigned long *)(&GPIO_A +offset);
      |                                                  ^~~~~~~
gp_driver.c(55): warning: unsafe pointer arithmetic [-Wunsafe-buffer-usage]
   55 |                 ODR = (volatile unsigned long *)(&GPIO_B +offset);
      |                                                  ^~~~~~~
gp_driver.c(58): warning: unsafe pointer arithmetic [-Wunsafe-buffer-usage]
   58 |                 ODR = (volatile unsigned long *)(&GPIO_C +offset);
      |                                                  ^~~~~~~
16 warnings generated.
compiling gp_driver.c...
uart_driver.c(1): warning: In file included from...
C:/Users/ASUS/AppData/Local/Arm/Packs/Keil/STM32F1xx_DFP/2.4.1/Device/Include\stm32f10x.h(18): warning: invalid UTF-8 in comment [-Winvalid-utf8]
   18 |   *              - To use or not the peripheral<92>s drivers in application code(i.e. 
      |                                                ^
C:/Users/ASUS/AppData/Local/Arm/Packs/Keil/STM32F1xx_DFP/2.4.1/Device/Include\stm32f10x.h(19): warning: invalid UTF-8 in comment [-Winvalid-utf8]
   19 |   *                code will be based on direct access to peripheral<92>s registers 
      |                                                                     ^
C:/Users/ASUS/AppData/Local/Arm/Packs/Keil/STM32F1xx_DFP/2.4.1/Device/Include\stm32f10x.h(26): warning: invalid UTF-8 in comment [-Winvalid-utf8]
   26 |   *           - Macros to access peripheral<92>s registers hardware
      |                                            ^
uart_driver.c(4): warning: In file included from...
./systick_time.h(9): warning: no newline at end of file [-Wnewline-eof]
    9 | void systick_int(unsigned short uart_1_mgr[], unsigned short uart_2_mgr[], unsigned short uart_3_mgr[]);
      |                                                                                                         ^
uart_driver.c(31): warning: implicit conversion turns floating-point number into integer: 'double' to 'unsigned long' [-Wfloat-conversion]
   31 |         dec = frac;
      |             ~ ^~~~
uart_driver.c(71): warning: implicit conversion loses integer precision: 'unsigned long' to 'uint16_t' (aka 'unsigned short') [-Wimplicit-int-conversion]
   71 |                 USART1->BRR = BR_cal;
      |                             ~ ^~~~~~
uart_driver.c(87): warning: implicit conversion loses integer precision: 'unsigned long' to 'uint16_t' (aka 'unsigned short') [-Wimplicit-int-conversion]
   87 |                 USART2->BRR = BR_cal;
      |                             ~ ^~~~~~
uart_driver.c(103): warning: implicit conversion loses integer precision: 'unsigned long' to 'uint16_t' (aka 'unsigned short') [-Wimplicit-int-conversion]
  103 |                 USART3->BRR = BR_cal;
      |                             ~ ^~~~~~
uart_driver.c(59): warning: mixing declarations and code is incompatible with standards before C99 [-Wdeclaration-after-statement]
   59 |         unsigned long BR_cal;
      |                       ^
uart_driver.c(80): warning: expression result unused [-Wunused-value]
   80 |                 __enable_irq;
      |                 ^~~~~~~~~~~~
uart_driver.c(96): warning: expression result unused [-Wunused-value]
   96 |                 __enable_irq;
      |                 ^~~~~~~~~~~~
uart_driver.c(112): warning: expression result unused [-Wunused-value]
  112 |                 __enable_irq;
      |                 ^~~~~~~~~~~~
uart_driver.c(122): warning: implicit conversion loses integer precision: 'volatile uint16_t' (aka 'volatile unsigned short') to 'char' [-Wimplicit-int-conversion]
  122 |                 c = USART1->DR;
      |                   ~ ~~~~~~~~^~
uart_driver.c(126): warning: implicit conversion loses integer precision: 'volatile uint16_t' (aka 'volatile unsigned short') to 'char' [-Wimplicit-int-conversion]
  126 |                 c = USART2->DR;
      |                   ~ ~~~~~~~~^~
uart_driver.c(130): warning: implicit conversion loses integer precision: 'volatile uint16_t' (aka 'volatile unsigned short') to 'char' [-Wimplicit-int-conversion]
  130 |                 c = USART3->DR;
      |                   ~ ~~~~~~~~^~
uart_driver.c(128): warning: variable 'c' is used uninitialized whenever 'if' condition is false [-Wsometimes-uninitialized]
  128 |         else if(uart == 3){
      |                 ^~~~~~~~~
uart_driver.c(132): note: uninitialized use occurs here
  132 |         return c;
      |                ^
uart_driver.c(128): note: remove the 'if' if its condition is always true
  128 |         else if(uart == 3){
      |              ^~~~~~~~~~~~~
uart_driver.c(119): note: initialize the variable 'c' to silence this warning
  119 |         char c;
      |               ^
      |                = '\0'
uart_driver.c(156): warning: unsafe pointer arithmetic [-Wunsafe-buffer-usage]
  156 |         while(*(str+i) != '\0'){
      |                 ^~~
uart_driver.c(157): warning: unsafe pointer arithmetic [-Wunsafe-buffer-usage]
  157 |                 UART_Tx(uart, *(str+i));
      |                                 ^~~
uart_driver.c(184): warning: unsafe buffer access [-Wunsafe-buffer-usage]
  184 |         if(uart_mgr[2] == 0){ 
      |            ^~~~~~~~
uart_driver.c(185): warning: unsafe buffer access [-Wunsafe-buffer-usage]
  185 |                 msg[uart_mgr[0]] = UART_Rx(uart); // nhan thong tin tu USARTx
      |                 ^~~
uart_driver.c(186): warning: unsafe buffer access [-Wunsafe-buffer-usage]
  186 |                 if(uart_mgr[3]){
      |                    ^~~~~~~~
uart_driver.c(188): warning: unsafe buffer access [-Wunsafe-buffer-usage]
  188 |                         if(msg[uart_mgr[0]] == uart_mgr[4]){
      |                            ^~~
uart_driver.c(188): warning: unsafe buffer access [-Wunsafe-buffer-usage]
  188 |                         if(msg[uart_mgr[0]] == uart_mgr[4]){
      |                                                ^~~~~~~~
uart_driver.c(190): warning: unsafe buffer access [-Wunsafe-buffer-usage]
  190 |                                 uart_mgr[1] = 1;
      |                                 ^~~~~~~~
uart_driver.c(198): warning: unsafe buffer access [-Wunsafe-buffer-usage]
  198 |                         uart_mgr[6] = uart_mgr[5];
      |                         ^~~~~~~~
uart_driver.c(198): warning: unsafe buffer access [-Wunsafe-buffer-usage]
  198 |                         uart_mgr[6] = uart_mgr[5];
      |                                       ^~~~~~~~
uart_driver.c(204): warning: unsafe buffer access [-Wunsafe-buffer-usage]
  204 |                 UART_Tx(uart_mgr[2],UART_Rx(uart)); // truyen du lieu nhan duoc tu chan UASRT den USART(bridge)
      |                         ^~~~~~~~
uart_driver.c(216): warning: unsafe buffer access [-Wunsafe-buffer-usage]
  216 |         while(uart_mgr[1] == 0 && TimeOut != 0){
      |               ^~~~~~~~
uart_driver.c(219): warning: unsafe buffer access [-Wunsafe-buffer-usage]
  219 |         uart_mgr[1] = 0;
      |         ^~~~~~~~
29 warnings generated.
compiling uart_driver.c...
assembling startup_stm32f10x_md.s...
RTE/Device/STM32F103C8/system_stm32f10x.c(64): warning: In file included from...
C:/Users/ASUS/AppData/Local/Arm/Packs/Keil/STM32F1xx_DFP/2.4.1/Device/Include\stm32f10x.h(18): warning: invalid UTF-8 in comment [-Winvalid-utf8]
   18 |   *              - To use or not the peripheral<92>s drivers in application code(i.e. 
      |                                                ^
C:/Users/ASUS/AppData/Local/Arm/Packs/Keil/STM32F1xx_DFP/2.4.1/Device/Include\stm32f10x.h(19): warning: invalid UTF-8 in comment [-Winvalid-utf8]
   19 |   *                code will be based on direct access to peripheral<92>s registers 
      |                                                                     ^
C:/Users/ASUS/AppData/Local/Arm/Packs/Keil/STM32F1xx_DFP/2.4.1/Device/Include\stm32f10x.h(26): warning: invalid UTF-8 in comment [-Winvalid-utf8]
   26 |   *           - Macros to access peripheral<92>s registers hardware
      |                                            ^
RTE/Device/STM32F103C8/system_stm32f10x.c(166): warning: no previous extern declaration for non-static variable 'AHBPrescTable' [-Wmissing-variable-declarations]
  166 | __I uint8_t AHBPrescTable[16] = {0, 0, 0, 0, 0, 0, 0, 0, 1, 2, 3, 4, 6, 7, 8, 9};
      |             ^
RTE/Device/STM32F103C8/system_stm32f10x.c(166): note: declare 'static' if the variable is not intended to be used outside of this translation unit
  166 | __I uint8_t AHBPrescTable[16] = {0, 0, 0, 0, 0, 0, 0, 0, 1, 2, 3, 4, 6, 7, 8, 9};
      |     ^
RTE/Device/STM32F103C8/system_stm32f10x.c(408): warning: unsafe buffer access [-Wunsafe-buffer-usage]
  408 |   tmp = AHBPrescTable[((RCC->CFGR & RCC_CFGR_HPRE) >> 4)];
      |         ^~~~~~~~~~~~~
5 warnings generated.
compiling system_stm32f10x.c...
linking...
Program Size: Code=776 RO-data=252 RW-data=0 ZI-data=1632  
".\Objects\035.axf" - 0 Error(s), 86 Warning(s).

<h2>Software Packages used:</h2>

Package Vendor: ARM
                http://www.keil.com/pack/ARM.CMSIS.5.9.0.pack
                ARM::CMSIS@5.9.0
                CMSIS (Common Microcontroller Software Interface Standard)
   * Component: CORE Version: 5.6.0

Package Vendor: Keil
                https://www.keil.com/pack/Keil.STM32F1xx_DFP.2.4.1.pack
                Keil::STM32F1xx_DFP@2.4.1
                STMicroelectronics STM32F1 Series Device Support, Drivers and Examples
   * Component: Startup Version: 1.0.0

<h2>Collection of Component include folders:</h2>
  ./RTE/Device/STM32F103C8
  ./RTE/_Target_1
  C:/Users/ASUS/AppData/Local/Arm/Packs/ARM/CMSIS/5.9.0/CMSIS/Core/Include
  C:/Users/ASUS/AppData/Local/Arm/Packs/Keil/STM32F1xx_DFP/2.4.1/Device/Include

<h2>Collection of Component Files used:</h2>

   * Component: ARM::CMSIS:CORE@5.6.0

   * Component: Keil::Device:Startup@1.0.0
      Include file:  RTE_Driver/Config/RTE_Device.h
      Source file:   Device/Source/ARM/startup_stm32f10x_md.s
      Source file:   Device/Source/ARM/STM32F1xx_OPT.s
      Source file:   Device/Source/system_stm32f10x.c
Build Time Elapsed:  00:00:01
</pre>
</body>
</html>
