<html>
<body>
<pre>
<h1>µVision Build Log</h1>
<h2>Tool Versions:</h2>
IDE-Version: µVision V5.39.0.0
Copyright (C) 2023 ARM Ltd and ARM Germany GmbH. All rights reserved.
License Information: nguyen trong_thuy, non, LIC=----
 
Tool Versions:
Toolchain:       MDK-Lite  Version: 5.39.0.0
Toolchain Path:  C:\Keil_v5\ARM\ARMCLANG\Bin
C Compiler:      ArmClang.exe V6.21
Assembler:       Armasm.exe V6.21
Linker/Locator:  ArmLink.exe V6.21
Library Manager: ArmAr.exe V6.21
Hex Converter:   FromElf.exe V6.21
CPU DLL:         SARMCM3.DLL V5.39.0.0
Dialog DLL:      DARMSTM.DLL V1.69.1.0
Target DLL:      UL2CM3.DLL V1.164.9.0
Dialog DLL:      TCM.DLL V1.56.4.0
 
<h2>Project:</h2>
E:\2.Embedded\microtroller\3.stm32fx\reg\stm32f10x\3.UART_USART\032__STM32F1_USART_UART_Receive_RX_and_Transmit_Tx_Library\032__STM32F1_USART_UART_Receive_RX_and_Transmit_Tx_Library.uvprojx
Project File Date:  02/25/2024

<h2>Output:</h2>
*** Using Compiler 'V6.21', folder: 'C:\Keil_v5\ARM\ARMCLANG\Bin'
Rebuild target 'Target 1'
assembling startup_stm32f10x_md.s...
gp_driver.c(24): warning: implicit conversion changes signedness: 'int' to 'unsigned long' [-Wsign-conversion]
   24 |         *CR &= ~(0xf<<(tPIN)*4);
      |             ~~ ^~~~~~~~~~~~~~~~
gp_driver.c(25): warning: implicit conversion changes signedness: 'int' to 'unsigned long' [-Wsign-conversion]
   25 |         *CR |= ((dir<<(tPIN*4))| (opt << (tPIN * 4 + 2)));
      |             ~~  ~~~~~~~~~~~~~~~^~~~~~~~~~~~~~~~~~~~~~~~~
gp_driver.c(20): warning: variable 'CR' is used uninitialized whenever 'if' condition is false [-Wsometimes-uninitialized]
   20 |         else if(port == 3){
      |                 ^~~~~~~~~
gp_driver.c(24): note: uninitialized use occurs here
   24 |         *CR &= ~(0xf<<(tPIN)*4);
      |          ^~
gp_driver.c(20): note: remove the 'if' if its condition is always true
   20 |         else if(port == 3){
      |              ^~~~~~~~~~~~~
gp_driver.c(4): note: initialize the variable 'CR' to silence this warning
    4 |         volatile unsigned long * CR;
      |                                    ^
      |                                     = 0
gp_driver.c(44): warning: implicit conversion changes signedness: 'unsigned long' to 'int' [-Wsign-conversion]
   44 |         state = ((*IDR & (1<<pin))>>(pin));
      |               ~  ~~~~~~~~~~~~~~~~~^~~~~~~
gp_driver.c(41): warning: variable 'IDR' is used uninitialized whenever 'if' condition is false [-Wsometimes-uninitialized]
   41 |         else if(port == 3){
      |                 ^~~~~~~~~
gp_driver.c(44): note: uninitialized use occurs here
   44 |         state = ((*IDR & (1<<pin))>>(pin));
      |                    ^~~
gp_driver.c(41): note: remove the 'if' if its condition is always true
   41 |         else if(port == 3){
      |              ^~~~~~~~~~~~~
gp_driver.c(32): note: initialize the variable 'IDR' to silence this warning
   32 |         volatile unsigned long * IDR;
      |                                     ^
      |                                      = 0
gp_driver.c(62): warning: implicit conversion changes signedness: 'int' to 'unsigned long' [-Wsign-conversion]
   62 |         status ? (*ODR |= (status << pin)) : (*ODR &= ~(1<<pin));
      |                        ~~  ~~~~~~~^~~~~~
gp_driver.c(57): warning: variable 'ODR' is used uninitialized whenever 'if' condition is false [-Wsometimes-uninitialized]
   57 |         else if(port == 3){
      |                 ^~~~~~~~~
gp_driver.c(61): note: uninitialized use occurs here
   61 |         *ODR &= 0x0;//  reset value of ODR
      |          ^~~
gp_driver.c(57): note: remove the 'if' if its condition is always true
   57 |         else if(port == 3){
      |              ^~~~~~~~~~~~~
gp_driver.c(50): note: initialize the variable 'ODR' to silence this warning
   50 |         volatile unsigned long * ODR;
      |                                     ^
      |                                      = 0
gp_driver.c(14): warning: unsafe pointer arithmetic [-Wunsafe-buffer-usage]
   14 |                 CR = (volatile unsigned long*)(&GPIO_A +offset);
      |                                                ^~~~~~~
gp_driver.c(18): warning: unsafe pointer arithmetic [-Wunsafe-buffer-usage]
   18 |                 CR = (volatile unsigned long*)(&GPIO_B +offset);
      |                                                ^~~~~~~
gp_driver.c(22): warning: unsafe pointer arithmetic [-Wunsafe-buffer-usage]
   22 |                 CR = (volatile unsigned long*)(&GPIO_C +offset);
      |                                                ^~~~~~~
gp_driver.c(36): warning: unsafe pointer arithmetic [-Wunsafe-buffer-usage]
   36 |                 IDR = (volatile unsigned long*)(&GPIO_A + offset);
      |                                                 ^~~~~~~
gp_driver.c(39): warning: unsafe pointer arithmetic [-Wunsafe-buffer-usage]
   39 |                 IDR = (volatile unsigned long*)(&GPIO_B + offset);
      |                                                 ^~~~~~~
gp_driver.c(42): warning: unsafe pointer arithmetic [-Wunsafe-buffer-usage]
   42 |                 IDR = (volatile unsigned long*)(&GPIO_C + offset);
      |                                                 ^~~~~~~
gp_driver.c(52): warning: unsafe pointer arithmetic [-Wunsafe-buffer-usage]
   52 |                 ODR = (volatile unsigned long *)(&GPIO_A +offset);
      |                                                  ^~~~~~~
gp_driver.c(55): warning: unsafe pointer arithmetic [-Wunsafe-buffer-usage]
   55 |                 ODR = (volatile unsigned long *)(&GPIO_B +offset);
      |                                                  ^~~~~~~
gp_driver.c(58): warning: unsafe pointer arithmetic [-Wunsafe-buffer-usage]
   58 |                 ODR = (volatile unsigned long *)(&GPIO_C +offset);
      |                                                  ^~~~~~~
16 warnings generated.
compiling gp_driver.c...
systick_time.c(2): warning: In file included from...
C:/Users/ASUS/AppData/Local/Arm/Packs/Keil/STM32F1xx_DFP/2.4.1/Device/Include\stm32f10x.h(18): warning: invalid UTF-8 in comment [-Winvalid-utf8]
   18 |   *              - To use or not the peripheral<92>s drivers in application code(i.e. 
      |                                                ^
C:/Users/ASUS/AppData/Local/Arm/Packs/Keil/STM32F1xx_DFP/2.4.1/Device/Include\stm32f10x.h(19): warning: invalid UTF-8 in comment [-Winvalid-utf8]
   19 |   *                code will be based on direct access to peripheral<92>s registers 
      |                                                                     ^
C:/Users/ASUS/AppData/Local/Arm/Packs/Keil/STM32F1xx_DFP/2.4.1/Device/Include\stm32f10x.h(26): warning: invalid UTF-8 in comment [-Winvalid-utf8]
   26 |   *           - Macros to access peripheral<92>s registers hardware
      |                                            ^
3 warnings generated.
compiling systick_time.c...
main.c(1): warning: In file included from...
C:/Users/ASUS/AppData/Local/Arm/Packs/Keil/STM32F1xx_DFP/2.4.1/Device/Include\stm32f10x.h(18): warning: invalid UTF-8 in comment [-Winvalid-utf8]
   18 |   *              - To use or not the peripheral<92>s drivers in application code(i.e. 
      |                                                ^
C:/Users/ASUS/AppData/Local/Arm/Packs/Keil/STM32F1xx_DFP/2.4.1/Device/Include\stm32f10x.h(19): warning: invalid UTF-8 in comment [-Winvalid-utf8]
   19 |   *                code will be based on direct access to peripheral<92>s registers 
      |                                                                     ^
C:/Users/ASUS/AppData/Local/Arm/Packs/Keil/STM32F1xx_DFP/2.4.1/Device/Include\stm32f10x.h(26): warning: invalid UTF-8 in comment [-Winvalid-utf8]
   26 |   *           - Macros to access peripheral<92>s registers hardware
      |                                            ^
3 warnings generated.
compiling main.c...
RTE/Device/STM32F101C8/system_stm32f10x.c(64): warning: In file included from...
C:/Users/ASUS/AppData/Local/Arm/Packs/Keil/STM32F1xx_DFP/2.4.1/Device/Include\stm32f10x.h(18): warning: invalid UTF-8 in comment [-Winvalid-utf8]
   18 |   *              - To use or not the peripheral<92>s drivers in application code(i.e. 
      |                                                ^
C:/Users/ASUS/AppData/Local/Arm/Packs/Keil/STM32F1xx_DFP/2.4.1/Device/Include\stm32f10x.h(19): warning: invalid UTF-8 in comment [-Winvalid-utf8]
   19 |   *                code will be based on direct access to peripheral<92>s registers 
      |                                                                     ^
C:/Users/ASUS/AppData/Local/Arm/Packs/Keil/STM32F1xx_DFP/2.4.1/Device/Include\stm32f10x.h(26): warning: invalid UTF-8 in comment [-Winvalid-utf8]
   26 |   *           - Macros to access peripheral<92>s registers hardware
      |                                            ^
RTE/Device/STM32F101C8/system_stm32f10x.c(166): warning: no previous extern declaration for non-static variable 'AHBPrescTable' [-Wmissing-variable-declarations]
  166 | __I uint8_t AHBPrescTable[16] = {0, 0, 0, 0, 0, 0, 0, 0, 1, 2, 3, 4, 6, 7, 8, 9};
      |             ^
RTE/Device/STM32F101C8/system_stm32f10x.c(166): note: declare 'static' if the variable is not intended to be used outside of this translation unit
  166 | __I uint8_t AHBPrescTable[16] = {0, 0, 0, 0, 0, 0, 0, 0, 1, 2, 3, 4, 6, 7, 8, 9};
      |     ^
RTE/Device/STM32F101C8/system_stm32f10x.c(408): warning: unsafe buffer access [-Wunsafe-buffer-usage]
  408 |   tmp = AHBPrescTable[((RCC->CFGR & RCC_CFGR_HPRE) >> 4)];
      |         ^~~~~~~~~~~~~
5 warnings generated.
compiling system_stm32f10x.c...
uart_driver.c(1): warning: In file included from...
C:/Users/ASUS/AppData/Local/Arm/Packs/Keil/STM32F1xx_DFP/2.4.1/Device/Include\stm32f10x.h(18): warning: invalid UTF-8 in comment [-Winvalid-utf8]
   18 |   *              - To use or not the peripheral<92>s drivers in application code(i.e. 
      |                                                ^
C:/Users/ASUS/AppData/Local/Arm/Packs/Keil/STM32F1xx_DFP/2.4.1/Device/Include\stm32f10x.h(19): warning: invalid UTF-8 in comment [-Winvalid-utf8]
   19 |   *                code will be based on direct access to peripheral<92>s registers 
      |                                                                     ^
C:/Users/ASUS/AppData/Local/Arm/Packs/Keil/STM32F1xx_DFP/2.4.1/Device/Include\stm32f10x.h(26): warning: invalid UTF-8 in comment [-Winvalid-utf8]
   26 |   *           - Macros to access peripheral<92>s registers hardware
      |                                            ^
uart_driver.c(31): warning: implicit conversion turns floating-point number into integer: 'double' to 'unsigned long' [-Wfloat-conversion]
   31 |         dec = frac;
      |             ~ ^~~~
uart_driver.c(70): warning: implicit conversion loses integer precision: 'unsigned long' to 'uint16_t' (aka 'unsigned short') [-Wimplicit-int-conversion]
   70 |                 USART1->BRR = BR_cal;
      |                             ~ ^~~~~~
uart_driver.c(82): warning: implicit conversion loses integer precision: 'unsigned long' to 'uint16_t' (aka 'unsigned short') [-Wimplicit-int-conversion]
   82 |                 USART2->BRR = BR_cal;
      |                             ~ ^~~~~~
uart_driver.c(94): warning: implicit conversion loses integer precision: 'unsigned long' to 'uint16_t' (aka 'unsigned short') [-Wimplicit-int-conversion]
   94 |                 USART3->BRR = BR_cal;
      |                             ~ ^~~~~~
uart_driver.c(59): warning: mixing declarations and code is incompatible with standards before C99 [-Wdeclaration-after-statement]
   59 |         unsigned long BR_cal;
      |                       ^
uart_driver.c(108): warning: implicit conversion loses integer precision: 'volatile uint16_t' (aka 'volatile unsigned short') to 'char' [-Wimplicit-int-conversion]
  108 |                 c = USART1->DR;
      |                   ~ ~~~~~~~~^~
uart_driver.c(112): warning: implicit conversion loses integer precision: 'volatile uint16_t' (aka 'volatile unsigned short') to 'char' [-Wimplicit-int-conversion]
  112 |                 c = USART2->DR;
      |                   ~ ~~~~~~~~^~
uart_driver.c(116): warning: implicit conversion loses integer precision: 'volatile uint16_t' (aka 'volatile unsigned short') to 'char' [-Wimplicit-int-conversion]
  116 |                 c = USART3->DR;
      |                   ~ ~~~~~~~~^~
uart_driver.c(114): warning: variable 'c' is used uninitialized whenever 'if' condition is false [-Wsometimes-uninitialized]
  114 |         else if(uart == 3){
      |                 ^~~~~~~~~
uart_driver.c(118): note: uninitialized use occurs here
  118 |         return c;
      |                ^
uart_driver.c(114): note: remove the 'if' if its condition is always true
  114 |         else if(uart == 3){
      |              ^~~~~~~~~~~~~
uart_driver.c(105): note: initialize the variable 'c' to silence this warning
  105 |         char c;
      |               ^
      |                = '\0'
uart_driver.c(123): warning: result of comparison of 7-bit unsigned value == 128 is always false [-Wtautological-value-range-compare]
  123 |                 while((USART1->SR & (1<<6)) == 0x80){}
      |                       ~~~~~~~~~~~~~~~~~~~~~ ^  ~~~~
uart_driver.c(127): warning: result of comparison of 7-bit unsigned value == 128 is always false [-Wtautological-value-range-compare]
  127 |                 while((USART2->SR & (1<<6)) == 0x80){}
      |                       ~~~~~~~~~~~~~~~~~~~~~ ^  ~~~~
uart_driver.c(131): warning: result of comparison of 7-bit unsigned value == 128 is always false [-Wtautological-value-range-compare]
  131 |                 while((USART3->SR & (1<<6)) == 0x80){}
      |                       ~~~~~~~~~~~~~~~~~~~~~ ^  ~~~~
15 warnings generated.
compiling uart_driver.c...
linking...
Program Size: Code=4300 RO-data=252 RW-data=0 ZI-data=1632  
".\Objects\032__STM32F1_USART_UART_Receive_RX_and_Transmit_Tx_Library.axf" - 0 Error(s), 42 Warning(s).

<h2>Software Packages used:</h2>

Package Vendor: ARM
                http://www.keil.com/pack/ARM.CMSIS.5.9.0.pack
                ARM::CMSIS@5.9.0
                CMSIS (Common Microcontroller Software Interface Standard)
   * Component: CORE Version: 5.6.0

Package Vendor: Keil
                https://www.keil.com/pack/Keil.STM32F1xx_DFP.2.4.1.pack
                Keil::STM32F1xx_DFP@2.4.1
                STMicroelectronics STM32F1 Series Device Support, Drivers and Examples
   * Component: Startup Version: 1.0.0

<h2>Collection of Component include folders:</h2>
  ./RTE/Device/STM32F101C8
  ./RTE/_Target_1
  C:/Users/ASUS/AppData/Local/Arm/Packs/ARM/CMSIS/5.9.0/CMSIS/Core/Include
  C:/Users/ASUS/AppData/Local/Arm/Packs/Keil/STM32F1xx_DFP/2.4.1/Device/Include

<h2>Collection of Component Files used:</h2>

   * Component: ARM::CMSIS:CORE@5.6.0

   * Component: Keil::Device:Startup@1.0.0
      Source file:   Device/Source/ARM/STM32F1xx_OPT.s
      Include file:  RTE_Driver/Config/RTE_Device.h
      Source file:   Device/Source/ARM/startup_stm32f10x_md.s
      Source file:   Device/Source/system_stm32f10x.c
Build Time Elapsed:  00:00:01
</pre>
</body>
</html>
