<html>
<body>
<pre>
<h1>µVision Build Log</h1>
<h2>Tool Versions:</h2>
IDE-Version: µVision V5.39.0.0
Copyright (C) 2023 ARM Ltd and ARM Germany GmbH. All rights reserved.
License Information: nguyen trong_thuy, non, LIC=----
 
Tool Versions:
Toolchain:       MDK-Lite  Version: 5.39.0.0
Toolchain Path:  C:\Keil_v5\ARM\ARMCLANG\Bin
C Compiler:      ArmClang.exe V6.21
Assembler:       Armasm.exe V6.21
Linker/Locator:  ArmLink.exe V6.21
Library Manager: ArmAr.exe V6.21
Hex Converter:   FromElf.exe V6.21
CPU DLL:         SARMCM3.DLL V5.39.0.0
Dialog DLL:      DARMSTM.DLL V1.69.1.0
Target DLL:      STLink\ST-LINKIII-KEIL_SWO.dll V3.2.0.0
Dialog DLL:      TCM.DLL V1.56.4.0
 
<h2>Project:</h2>
E:\2.Embedded\microtroller\3.stm32fx\reg\stm32f10x\2.SYSTICK_INTERRUPT\020__STM32F1_DELAY_FUNCTION_&_SYSTICK\020__STM32F1_DELAY_FUNCTION_&_SYSTICK.uvprojx
Project File Date:  02/23/2024

<h2>Output:</h2>
*** Using Compiler 'V6.21', folder: 'C:\Keil_v5\ARM\ARMCLANG\Bin'
Rebuild target 'Target 1'
assembling startup_stm32f10x_md.s...
RTE/Device/STM32F103C8/system_stm32f10x.c(64): warning: In file included from...
C:/Users/ASUS/AppData/Local/Arm/Packs/Keil/STM32F1xx_DFP/2.4.1/Device/Include\stm32f10x.h(18): warning: invalid UTF-8 in comment [-Winvalid-utf8]
   18 |   *              - To use or not the peripheral<92>s drivers in application code(i.e. 
      |                                                ^
C:/Users/ASUS/AppData/Local/Arm/Packs/Keil/STM32F1xx_DFP/2.4.1/Device/Include\stm32f10x.h(19): warning: invalid UTF-8 in comment [-Winvalid-utf8]
   19 |   *                code will be based on direct access to peripheral<92>s registers 
      |                                                                     ^
C:/Users/ASUS/AppData/Local/Arm/Packs/Keil/STM32F1xx_DFP/2.4.1/Device/Include\stm32f10x.h(26): warning: invalid UTF-8 in comment [-Winvalid-utf8]
   26 |   *           - Macros to access peripheral<92>s registers hardware
      |                                            ^
RTE/Device/STM32F103C8/system_stm32f10x.c(166): warning: no previous extern declaration for non-static variable 'AHBPrescTable' [-Wmissing-variable-declarations]
  166 | __I uint8_t AHBPrescTable[16] = {0, 0, 0, 0, 0, 0, 0, 0, 1, 2, 3, 4, 6, 7, 8, 9};
      |             ^
RTE/Device/STM32F103C8/system_stm32f10x.c(166): note: declare 'static' if the variable is not intended to be used outside of this translation unit
  166 | __I uint8_t AHBPrescTable[16] = {0, 0, 0, 0, 0, 0, 0, 0, 1, 2, 3, 4, 6, 7, 8, 9};
      |     ^
RTE/Device/STM32F103C8/system_stm32f10x.c(408): warning: unsafe buffer access [-Wunsafe-buffer-usage]
  408 |   tmp = AHBPrescTable[((RCC->CFGR & RCC_CFGR_HPRE) >> 4)];
      |         ^~~~~~~~~~~~~
5 warnings generated.
compiling system_stm32f10x.c...
main.c(7): warning: In file included from...
C:/Users/ASUS/AppData/Local/Arm/Packs/Keil/STM32F1xx_DFP/2.4.1/Device/Include\stm32f10x.h(18): warning: invalid UTF-8 in comment [-Winvalid-utf8]
   18 |   *              - To use or not the peripheral<92>s drivers in application code(i.e. 
      |                                                ^
C:/Users/ASUS/AppData/Local/Arm/Packs/Keil/STM32F1xx_DFP/2.4.1/Device/Include\stm32f10x.h(19): warning: invalid UTF-8 in comment [-Winvalid-utf8]
   19 |   *                code will be based on direct access to peripheral<92>s registers 
      |                                                                     ^
C:/Users/ASUS/AppData/Local/Arm/Packs/Keil/STM32F1xx_DFP/2.4.1/Device/Include\stm32f10x.h(26): warning: invalid UTF-8 in comment [-Winvalid-utf8]
   26 |   *           - Macros to access peripheral<92>s registers hardware
      |                                            ^
main.c(8): warning: In file included from...
./gp_driver.h(47): warning: no newline at end of file [-Wnewline-eof]
   47 | void B_init(void);
      |                   ^
main.c(13): warning: no previous extern declaration for non-static variable 'signal' [-Wmissing-variable-declarations]
   13 | int signal = 0;
      |     ^
main.c(13): note: declare 'static' if the variable is not intended to be used outside of this translation unit
   13 | int signal = 0;
      | ^
main.c(51): warning: a function declaration without a prototype is deprecated in all versions of C [-Wstrict-prototypes]
   51 | void EXTI0_IRQHandler() // Interrupt Handler function for Port A pin 0
      |                      ^
      |                       void
main.c(51): warning: no previous prototype for function 'EXTI0_IRQHandler' [-Wmissing-prototypes]
   51 | void EXTI0_IRQHandler() // Interrupt Handler function for Port A pin 0
      |      ^
main.c(51): note: declare 'static' if the function is not intended to be used outside of this translation unit
   51 | void EXTI0_IRQHandler() // Interrupt Handler function for Port A pin 0
      | ^
      | static 
main.c(82): warning: no newline at end of file [-Wnewline-eof]
   82 | }
      |  ^
8 warnings generated.
compiling main.c...
gp_driver.c(1): warning: In file included from...
C:/Users/ASUS/AppData/Local/Arm/Packs/Keil/STM32F1xx_DFP/2.4.1/Device/Include\stm32f10x.h(18): warning: invalid UTF-8 in comment [-Winvalid-utf8]
   18 |   *              - To use or not the peripheral<92>s drivers in application code(i.e. 
      |                                                ^
C:/Users/ASUS/AppData/Local/Arm/Packs/Keil/STM32F1xx_DFP/2.4.1/Device/Include\stm32f10x.h(19): warning: invalid UTF-8 in comment [-Winvalid-utf8]
   19 |   *                code will be based on direct access to peripheral<92>s registers 
      |                                                                     ^
C:/Users/ASUS/AppData/Local/Arm/Packs/Keil/STM32F1xx_DFP/2.4.1/Device/Include\stm32f10x.h(26): warning: invalid UTF-8 in comment [-Winvalid-utf8]
   26 |   *           - Macros to access peripheral<92>s registers hardware
      |                                            ^
gp_driver.c(2): warning: In file included from...
./gp_driver.h(47): warning: no newline at end of file [-Wnewline-eof]
   47 | void B_init(void);
      |                   ^
gp_driver.c(35): warning: implicit conversion changes signedness: 'int' to 'unsigned long' [-Wsign-conversion]
   35 |         *CR &= ~(0xf<<(tPin)*4);
      |             ~~ ^~~~~~~~~~~~~~~~
gp_driver.c(36): warning: implicit conversion changes signedness: 'int' to 'unsigned long' [-Wsign-conversion]
   36 |         *CR |= ((DIR<<(tPin*4)) | (OPT<<(tPin*4+2)));
      |             ~~  ~~~~~~~~~~~~~~~~^~~~~~~~~~~~~~~~~~~
gp_driver.c(29): warning: variable 'CR' is used uninitialized whenever 'if' condition is false [-Wsometimes-uninitialized]
   29 |         else if(PORT == 3)
      |                 ^~~~~~~~~
gp_driver.c(35): note: uninitialized use occurs here
   35 |         *CR &= ~(0xf<<(tPin)*4);
      |          ^~
gp_driver.c(29): note: remove the 'if' if its condition is always true
   29 |         else if(PORT == 3)
      |              ^~~~~~~~~~~~~
   30 |                 {
gp_driver.c(7): note: initialize the variable 'CR' to silence this warning
    7 |         volatile unsigned long * CR;
      |                                    ^
      |                                     = 0
gp_driver.c(57): warning: implicit conversion changes signedness: 'unsigned long' to 'int' [-Wsign-conversion]
   57 |                 state =  ((*IDR & (1<<pin))>>pin)  ;
      |                       ~   ~~~~~~~~~~~~~~~~~^~~~~
gp_driver.c(53): warning: variable 'IDR' is used uninitialized whenever 'if' condition is false [-Wsometimes-uninitialized]
   53 |         else if(PORT == 3)
      |                 ^~~~~~~~~
gp_driver.c(57): note: uninitialized use occurs here
   57 |                 state =  ((*IDR & (1<<pin))>>pin)  ;
      |                             ^~~
gp_driver.c(53): note: remove the 'if' if its condition is always true
   53 |         else if(PORT == 3)
      |              ^~~~~~~~~~~~~
   54 |                 {
gp_driver.c(41): note: initialize the variable 'IDR' to silence this warning
   41 |         volatile unsigned long * IDR;
      |                                     ^
      |                                      = 0
gp_driver.c(78): warning: implicit conversion changes signedness: 'int' to 'unsigned long' [-Wsign-conversion]
   78 |         STATUS ? (*ODR |= (STATUS<<pin)) : (*ODR &= ~(1<<pin));
      |                        ~~  ~~~~~~^~~~~
gp_driver.c(78): warning: variable 'ODR' may be uninitialized when used here [-Wconditional-uninitialized]
   78 |         STATUS ? (*ODR |= (STATUS<<pin)) : (*ODR &= ~(1<<pin));
      |                    ^~~
gp_driver.c(64): note: initialize the variable 'ODR' to silence this warning
   64 |         volatile unsigned long * ODR;
      |                                     ^
      |                                      = 0
gp_driver.c(99): warning: implicit conversion changes signedness: 'int' to 'uint32_t' (aka 'unsigned int') [-Wsign-conversion]
   99 |         STATUS ? (GPIOC->ODR |= (STATUS<<pin)) : (GPIOC->ODR &= ~(1<<pin));
      |                              ~~  ~~~~~~^~~~~
gp_driver.c(110): warning: no newline at end of file [-Wnewline-eof]
  110 | }
      |  ^
gp_driver.c(22): warning: unsafe pointer arithmetic [-Wunsafe-buffer-usage]
   22 |                         CR = (volatile unsigned long *)(&GPIO_A + offset);
      |                                                         ^~~~~~~
gp_driver.c(27): warning: unsafe pointer arithmetic [-Wunsafe-buffer-usage]
   27 |                 CR = (volatile unsigned long *)(&GPIO_B+ offset);
      |                                                 ^~~~~~~
gp_driver.c(32): warning: unsafe pointer arithmetic [-Wunsafe-buffer-usage]
   32 |                 CR = (volatile unsigned long *)(&GPIO_C + offset);
      |                                                 ^~~~~~~
gp_driver.c(47): warning: unsafe pointer arithmetic [-Wunsafe-buffer-usage]
   47 |                         IDR = (volatile unsigned long *)(&GPIO_A + offset);
      |                                                          ^~~~~~~
gp_driver.c(51): warning: unsafe pointer arithmetic [-Wunsafe-buffer-usage]
   51 |                 IDR = (volatile unsigned long *)(&GPIO_B+ offset);
      |                                                  ^~~~~~~
gp_driver.c(55): warning: unsafe pointer arithmetic [-Wunsafe-buffer-usage]
   55 |                 IDR = (volatile unsigned long *)(&GPIO_C+ offset);
      |                                                  ^~~~~~~
gp_driver.c(68): warning: unsafe pointer arithmetic [-Wunsafe-buffer-usage]
   68 |                         ODR = (volatile unsigned long *)(&GPIO_A + offset);
      |                                                          ^~~~~~~
gp_driver.c(72): warning: unsafe pointer arithmetic [-Wunsafe-buffer-usage]
   72 |                 ODR = (volatile unsigned long *)(&GPIO_B+ offset);
      |                                                  ^~~~~~~
gp_driver.c(76): warning: unsafe pointer arithmetic [-Wunsafe-buffer-usage]
   76 |                 ODR = (volatile unsigned long *)(&GPIO_C+ offset);
      |                                                  ^~~~~~~
22 warnings generated.
compiling gp_driver.c...
linking...
Program Size: Code=1580 RO-data=252 RW-data=0 ZI-data=1640  
".\Objects\020__STM32F1_DELAY_FUNCTION_&_SYSTICK.axf" - 0 Error(s), 35 Warning(s).

<h2>Software Packages used:</h2>

Package Vendor: ARM
                http://www.keil.com/pack/ARM.CMSIS.5.9.0.pack
                ARM::CMSIS@5.9.0
                CMSIS (Common Microcontroller Software Interface Standard)
   * Component: CORE Version: 5.6.0

Package Vendor: Keil
                https://www.keil.com/pack/Keil.STM32F1xx_DFP.2.4.1.pack
                Keil::STM32F1xx_DFP@2.4.1
                STMicroelectronics STM32F1 Series Device Support, Drivers and Examples
   * Component: Startup Version: 1.0.0

<h2>Collection of Component include folders:</h2>
  ./RTE/Device/STM32F103C8
  ./RTE/_Target_1
  C:/Users/ASUS/AppData/Local/Arm/Packs/ARM/CMSIS/5.9.0/CMSIS/Core/Include
  C:/Users/ASUS/AppData/Local/Arm/Packs/Keil/STM32F1xx_DFP/2.4.1/Device/Include

<h2>Collection of Component Files used:</h2>

   * Component: ARM::CMSIS:CORE@5.6.0

   * Component: Keil::Device:Startup@1.0.0
      Source file:   Device/Source/system_stm32f10x.c
      Source file:   Device/Source/ARM/startup_stm32f10x_md.s
      Source file:   Device/Source/ARM/STM32F1xx_OPT.s
      Include file:  RTE_Driver/Config/RTE_Device.h
Build Time Elapsed:  00:00:01
</pre>
</body>
</html>
