<html>
<body>
<pre>
<h1>µVision Build Log</h1>
<h2>Tool Versions:</h2>
IDE-Version: µVision V5.39.0.0
Copyright (C) 2023 ARM Ltd and ARM Germany GmbH. All rights reserved.
License Information: nguyen trong_thuy, non, LIC=----
 
Tool Versions:
Toolchain:       MDK-Lite  Version: 5.39.0.0
Toolchain Path:  C:\Keil_v5\ARM\ARMCLANG\Bin
C Compiler:      ArmClang.exe V6.21
Assembler:       Armasm.exe V6.21
Linker/Locator:  ArmLink.exe V6.21
Library Manager: ArmAr.exe V6.21
Hex Converter:   FromElf.exe V6.21
CPU DLL:         SARMCM3.DLL V5.39.0.0
Dialog DLL:      DCM.DLL V1.17.5.0
Target DLL:      STLink\ST-LINKIII-KEIL_SWO.dll V3.2.0.0
Dialog DLL:      TCM.DLL V1.56.4.0
 
<h2>Project:</h2>
E:\2.Embedded\microtroller\STM32fx\stm32f40x\MCU1\KeilC_v5\stm32f407xx_driver.uvprojx
Project File Date:  08/28/2024

<h2>Output:</h2>
*** Using Compiler 'V6.21', folder: 'C:\Keil_v5\ARM\ARMCLANG\Bin'
Rebuild target 'Application'
../../Drivers/stm32f407vg_drivers/Src/CortexM4.c(7): warning: In file included from...
../../Drivers/stm32f407vg_drivers/Inc\CortexM4.h(278): warning: no newline at end of file [-Wnewline-eof]
  278 | #endif /* __CORTEXM4_H_ */
      |                           ^
1 warning generated.
compiling CortexM4.c...
../../Drivers/stm32f407vg_drivers/Src/stm32f407xx_spi_driver.c(7): warning: In file included from...
../../Drivers/stm32f407vg_drivers/Inc\stm32f407xx_spi_driver.h(10): warning: In file included from...
../../Drivers/stm32f407vg_drivers/Inc/stm32f407vg.h(12): warning: In file included from...
../../Drivers/stm32f407vg_drivers/Inc/CortexM4.h(278): warning: no newline at end of file [-Wnewline-eof]
  278 | #endif /* __CORTEXM4_H_ */
      |                           ^
1 warning generated.
compiling stm32f407xx_spi_driver.c...
../../Drivers/stm32f407vg_drivers/Src/stm32f407xx_i2c_driver.c(7): warning: In file included from...
../../Drivers/stm32f407vg_drivers/Inc\stm32f407xx_spi_driver.h(10): warning: In file included from...
../../Drivers/stm32f407vg_drivers/Inc/stm32f407vg.h(12): warning: In file included from...
../../Drivers/stm32f407vg_drivers/Inc/CortexM4.h(278): warning: no newline at end of file [-Wnewline-eof]
  278 | #endif /* __CORTEXM4_H_ */
      |                           ^
1 warning generated.
compiling stm32f407xx_i2c_driver.c...
../../Drivers/stm32f407vg_drivers/Src/stm32f407xx_uart_driver.c(7): warning: In file included from...
../../Drivers/stm32f407vg_drivers/Inc\stm32f407xx_spi_driver.h(10): warning: In file included from...
../../Drivers/stm32f407vg_drivers/Inc/stm32f407vg.h(12): warning: In file included from...
../../Drivers/stm32f407vg_drivers/Inc/CortexM4.h(278): warning: no newline at end of file [-Wnewline-eof]
  278 | #endif /* __CORTEXM4_H_ */
      |                           ^
1 warning generated.
compiling stm32f407xx_uart_driver.c...
../../Drivers/stm32f407vg_drivers/Src/stm32f407xx_gpio_driver.c(8): warning: In file included from...
../../Drivers/stm32f407vg_drivers/Inc\stm32f407xx_gpio_driver.h(10): warning: In file included from...
../../Drivers/stm32f407vg_drivers/Inc/stm32f407vg.h(12): warning: In file included from...
../../Drivers/stm32f407vg_drivers/Inc/CortexM4.h(278): warning: no newline at end of file [-Wnewline-eof]
  278 | #endif /* __CORTEXM4_H_ */
      |                           ^
../../Drivers/stm32f407vg_drivers/Src/stm32f407xx_gpio_driver.c(155): warning: mixing declarations and code is incompatible with standards before C99 [-Wdeclaration-after-statement]
  155 |                 uint8_t tmp1 = pGPIOHandle->GPIO_PinConfig.GPIO_PinNumber / 4;
      |                         ^
../../Drivers/stm32f407vg_drivers/Src/stm32f407xx_gpio_driver.c(8): warning: In file included from...
../../Drivers/stm32f407vg_drivers/Inc\stm32f407xx_gpio_driver.h(25): warning: padding size of 'GPIO_Handle_t' with 2 bytes to alignment boundary [-Wpadded]
   25 | typedef struct
      |         ^
../../Drivers/stm32f407vg_drivers/Src/stm32f407xx_gpio_driver.c(406): warning: mixing declarations and code is incompatible with standards before C99 [-Wdeclaration-after-statement]
  406 |         uint8_t shift_amount = (iprx_Section*8) + (8 - NO_PR_BITS_IMPLEMENTED);
      |                 ^
../../Drivers/stm32f407vg_drivers/Src/stm32f407xx_gpio_driver.c(159): warning: unsafe buffer access [-Wunsafe-buffer-usage]
  159 |                 SYSCFG_BASE->EXTICR[tmp1] |= (uint32_t)PortCode<<(tmp2*4);
      |                 ^~~~~~~~~~~~~~~~~~~
../../Drivers/stm32f407vg_drivers/Inc/stm32f407vg.h(211): note: expanded from macro 'SYSCFG_BASE'
  211 | #define SYSCFG_BASE                             ((SYSCFG_RegDef_t *)SYSCFG_BASEADDR)
      |                                                 ^
../../Drivers/stm32f407vg_drivers/Src/stm32f407xx_gpio_driver.c(194): warning: unsafe buffer access [-Wunsafe-buffer-usage]
  194 |                 pGPIOHandle->pGPIOx->AFR[temp1] |= (uint32_t)~(0xf<< (4*temp2));
      |                 ^~~~~~~~~~~~~~~~~~~~~~~~
../../Drivers/stm32f407vg_drivers/Src/stm32f407xx_gpio_driver.c(195): warning: unsafe buffer access [-Wunsafe-buffer-usage]
  195 |                 pGPIOHandle->pGPIOx->AFR[temp1] |= (uint32_t)(pGPIOHandle->GPIO_PinConfig.GPIO_PinAltFunMode << (4*temp2));
      |                 ^~~~~~~~~~~~~~~~~~~~~~~~
../../Drivers/stm32f407vg_drivers/Src/stm32f407xx_gpio_driver.c(403): warning: unsafe pointer arithmetic [-Wunsafe-buffer-usage]
  403 |         *(NVIC_IPR_BASE+iprx) &=  (uint32_t)~(0xff << (iprx_Section*8));
      |           ^~~~~~~~~~~~~
../../Drivers/stm32f407vg_drivers/Inc/CortexM4.h(33): note: expanded from macro 'NVIC_IPR_BASE'
   33 | #define NVIC_IPR_BASE                           ((_vo uint32_t *)0xE000E400)  /* <! NVIC_IPR > */
      |                                                 ^~~~~~~~~~~~~~~~~~~~~~~~~~~~
../../Drivers/stm32f407vg_drivers/Src/stm32f407xx_gpio_driver.c(407): warning: unsafe pointer arithmetic [-Wunsafe-buffer-usage]
  407 |         *(NVIC_IPR_BASE + iprx) |=  (uint32_t)(IRQPriority << shift_amount );
      |           ^~~~~~~~~~~~~
../../Drivers/stm32f407vg_drivers/Inc/CortexM4.h(33): note: expanded from macro 'NVIC_IPR_BASE'
   33 | #define NVIC_IPR_BASE                           ((_vo uint32_t *)0xE000E400)  /* <! NVIC_IPR > */
      |                                                 ^~~~~~~~~~~~~~~~~~~~~~~~~~~~
9 warnings generated.
compiling stm32f407xx_gpio_driver.c...
main.c(3): warning: In file included from...
../../Drivers/stm32f407vg_drivers/Inc\stm32f407vg.h(12): warning: In file included from...
../../Drivers/stm32f407vg_drivers/Inc/CortexM4.h(278): warning: no newline at end of file [-Wnewline-eof]
  278 | #endif /* __CORTEXM4_H_ */
      |                           ^
1 warning generated.
compiling main.c...
RTE/Device/STM32F407VGTx/system_stm32f4xx.c(263): warning: unsafe buffer access [-Wunsafe-buffer-usage]
  263 |   tmp = AHBPrescTable[((RCC->CFGR & RCC_CFGR_HPRE) >> 4)];
      |         ^~~~~~~~~~~~~
1 warning generated.
compiling system_stm32f4xx.c...
assembling startup_stm32f407xx.s...
linking...
Program Size: Code=420 RO-data=408 RW-data=0 ZI-data=1632  
".\Objects\stm32f407xx_driver.axf" - 0 Error(s), 15 Warning(s).

<h2>Software Packages used:</h2>

Package Vendor: ARM
                http://www.keil.com/pack/ARM.CMSIS.5.9.0.pack
                ARM::CMSIS@5.9.0
                CMSIS (Common Microcontroller Software Interface Standard)
   * Component: CORE Version: 5.6.0

Package Vendor: Keil
                https://www.keil.com/pack/Keil.STM32F4xx_DFP.2.17.1.pack
                Keil::STM32F4xx_DFP@2.17.1
                STMicroelectronics STM32F4 Series Device Support, Drivers and Examples
   * Component: Startup Version: 2.6.3

<h2>Collection of Component include folders:</h2>
  ./RTE/_Application
  C:/Users/ASUS/AppData/Local/Arm/Packs/ARM/CMSIS/5.9.0/CMSIS/Core/Include
  C:/Users/ASUS/AppData/Local/Arm/Packs/Keil/STM32F4xx_DFP/2.17.1/Drivers/CMSIS/Device/ST/STM32F4xx/Include

<h2>Collection of Component Files used:</h2>

   * Component: ARM::CMSIS:CORE@5.6.0

   * Component: Keil::Device:Startup@2.6.3
      Source file:   MDK/Device/Source/ARM/STM32F4xx_OTP.s
      Source file:   Drivers/CMSIS/Device/ST/STM32F4xx/Source/Templates/arm/startup_stm32f407xx.s
      Source file:   MDK/Device/Source/ARM/STM32F40xxx_41xxx_OPT.s
      Include file:  Drivers/CMSIS/Device/ST/STM32F4xx/Include/stm32f4xx.h
      Source file:   Drivers/CMSIS/Device/ST/STM32F4xx/Source/Templates/system_stm32f4xx.c
Build Time Elapsed:  00:00:01
</pre>
</body>
</html>
