21:37:40 **** Incremental Build of configuration Debug for project 002_stm32f4xx_drivers ****
make -j12 all 
arm-none-eabi-gcc "../Src/main.c" -mcpu=cortex-m4 -std=gnu11 -g3 -DDEBUG -DSTM32 -DSTM32F407G_DISC1 -DSTM32F4 -DSTM32F407VGTx -c -I../Inc -I"E:/2.Embedded/microtroller/STM32fx/stm32f40x/MCU1/my_workspace/002_stm32f4xx_drivers/drivers/Inc" -O0 -ffunction-sections -fdata-sections -Wall -fstack-usage -fcyclomatic-complexity -MMD -MP -MF"Src/main.d" -MT"Src/main.o" --specs=nano.specs -mfpu=fpv4-sp-d16 -mfloat-abi=hard -mthumb -o "Src/main.o"
../Src/main.c:24:4: warning: #warning "FPU is not initialized, but the project is compiling for an FPU. Please initialize the FPU before use." [-Wcpp]
   24 |   #warning "FPU is not initialized, but the project is compiling for an FPU. Please initialize the FPU before use."
      |    ^~~~~~~
arm-none-eabi-gcc -o "002_stm32f4xx_drivers.elf" @"objects.list"   -mcpu=cortex-m4 -T"E:\2.Embedded\microtroller\STM32fx\stm32f40x\MCU1\my_workspace\002_stm32f4xx_drivers\STM32F407VGTX_FLASH.ld" --specs=nosys.specs -Wl,-Map="002_stm32f4xx_drivers.map" -Wl,--gc-sections -static --specs=nano.specs -mfpu=fpv4-sp-d16 -mfloat-abi=hard -mthumb -Wl,--start-group -lc -lm -Wl,--end-group
Finished building target: 002_stm32f4xx_drivers.elf
 
arm-none-eabi-size  002_stm32f4xx_drivers.elf 
arm-none-eabi-objdump -h -S 002_stm32f4xx_drivers.elf  > "002_stm32f4xx_drivers.list"
   text	   data	    bss	    dec	    hex	filename
    652	      0	   1568	   2220	    8ac	002_stm32f4xx_drivers.elf
Finished building: default.size.stdout
 
Finished building: 002_stm32f4xx_drivers.list
 

21:37:41 Build Finished. 0 errors, 1 warnings. (took 536ms)

