20:39:31 **** Incremental Build of configuration Debug for project 001_HSI_configure ****
make -j12 all 
arm-none-eabi-gcc "../Src/main.c" -mcpu=cortex-m4 -std=gnu11 -g3 -DDEBUG -DSTM32 -DSTM32F401C_DISCO -DSTM32F4 -DSTM32F401VCTx -c -I../Inc -O0 -ffunction-sections -fdata-sections -Wall -fstack-usage -fcyclomatic-complexity -MMD -MP -MF"Src/main.d" -MT"Src/main.o" --specs=nano.specs -mfpu=fpv4-sp-d16 -mfloat-abi=hard -mthumb -o "Src/main.o"
arm-none-eabi-gcc -o "001_HSI_configure.elf" @"objects.list"   -mcpu=cortex-m4 -T"E:\2.Embedded\microtroller\STM32fx\stm32f40x\MCU1\my_workspace\001_HSI_configure\STM32F401VCTX_FLASH.ld" --specs=nosys.specs -Wl,-Map="001_HSI_configure.map" -Wl,--gc-sections -static --specs=nano.specs -mfpu=fpv4-sp-d16 -mfloat-abi=hard -mthumb -Wl,--start-group -lc -lm -Wl,--end-group
Finished building target: 001_HSI_configure.elf
 
arm-none-eabi-size  001_HSI_configure.elf 
arm-none-eabi-objdump -h -S 001_HSI_configure.elf  > "001_HSI_configure.list"
   text	   data	    bss	    dec	    hex	filename
    760	      0	   1568	   2328	    918	001_HSI_configure.elf
Finished building: default.size.stdout
 
Finished building: 001_HSI_configure.list
 
