<html>
<body>
<pre>
<h1>µVision Build Log</h1>
<h2>Tool Versions:</h2>
IDE-Version: µVision V5.39.0.0
Copyright (C) 2023 ARM Ltd and ARM Germany GmbH. All rights reserved.
License Information: nguyen trong_thuy, non, LIC=----
 
Tool Versions:
Toolchain:       MDK-Lite  Version: 5.39.0.0
Toolchain Path:  C:\Keil_v5\ARM\ARMCLANG\Bin
C Compiler:      ArmClang.exe V6.21
Assembler:       Armasm.exe V6.21
Linker/Locator:  ArmLink.exe V6.21
Library Manager: ArmAr.exe V6.21
Hex Converter:   FromElf.exe V6.21
CPU DLL:         SARMCM3.DLL V5.39.0.0
Dialog DLL:      DCM.DLL V1.17.5.0
Target DLL:      STLink\ST-LINKIII-KEIL_SWO.dll V3.2.0.0
Dialog DLL:      TCM.DLL V1.56.4.0
 
<h2>Project:</h2>
E:\2.Embedded\microtroller\STM32fx\stm32f10x\weew_stack\8.Timer\081__STM32F1_Timer_initialization_and_Delay_function_setup_&_logic_analyzer_tuning\081__STM32F1_Timer_initialization_and_Delay_function_setup_&_logic_analyzer_tuning.uvprojx
Project File Date:  06/12/2024

<h2>Output:</h2>
*** Using Compiler 'V6.21', folder: 'C:\Keil_v5\ARM\ARMCLANG\Bin'
Rebuild target 'Target 1'
main.c(1): warning: In file included from...
C:/Users/ASUS/AppData/Local/Arm/Packs/Keil/STM32F1xx_DFP/2.4.1/Device/Include\stm32f10x.h(18): warning: invalid UTF-8 in comment [-Winvalid-utf8]
   18 |   *              - To use or not the peripheral<92>s drivers in application code(i.e. 
      |                                                ^
C:/Users/ASUS/AppData/Local/Arm/Packs/Keil/STM32F1xx_DFP/2.4.1/Device/Include\stm32f10x.h(19): warning: invalid UTF-8 in comment [-Winvalid-utf8]
   19 |   *                code will be based on direct access to peripheral<92>s registers 
      |                                                                     ^
C:/Users/ASUS/AppData/Local/Arm/Packs/Keil/STM32F1xx_DFP/2.4.1/Device/Include\stm32f10x.h(26): warning: invalid UTF-8 in comment [-Winvalid-utf8]
   26 |   *           - Macros to access peripheral<92>s registers hardware
      |                                            ^
3 warnings generated.
compiling main.c...
RTE/Device/STM32F103C8/system_stm32f10x.c(64): warning: In file included from...
C:/Users/ASUS/AppData/Local/Arm/Packs/Keil/STM32F1xx_DFP/2.4.1/Device/Include\stm32f10x.h(18): warning: invalid UTF-8 in comment [-Winvalid-utf8]
   18 |   *              - To use or not the peripheral<92>s drivers in application code(i.e. 
      |                                                ^
C:/Users/ASUS/AppData/Local/Arm/Packs/Keil/STM32F1xx_DFP/2.4.1/Device/Include\stm32f10x.h(19): warning: invalid UTF-8 in comment [-Winvalid-utf8]
   19 |   *                code will be based on direct access to peripheral<92>s registers 
      |                                                                     ^
C:/Users/ASUS/AppData/Local/Arm/Packs/Keil/STM32F1xx_DFP/2.4.1/Device/Include\stm32f10x.h(26): warning: invalid UTF-8 in comment [-Winvalid-utf8]
   26 |   *           - Macros to access peripheral<92>s registers hardware
      |                                            ^
RTE/Device/STM32F103C8/system_stm32f10x.c(166): warning: no previous extern declaration for non-static variable 'AHBPrescTable' [-Wmissing-variable-declarations]
  166 | __I uint8_t AHBPrescTable[16] = {0, 0, 0, 0, 0, 0, 0, 0, 1, 2, 3, 4, 6, 7, 8, 9};
      |             ^
RTE/Device/STM32F103C8/system_stm32f10x.c(166): note: declare 'static' if the variable is not intended to be used outside of this translation unit
  166 | __I uint8_t AHBPrescTable[16] = {0, 0, 0, 0, 0, 0, 0, 0, 1, 2, 3, 4, 6, 7, 8, 9};
      |     ^
RTE/Device/STM32F103C8/system_stm32f10x.c(408): warning: unsafe buffer access [-Wunsafe-buffer-usage]
  408 |   tmp = AHBPrescTable[((RCC->CFGR & RCC_CFGR_HPRE) >> 4)];
      |         ^~~~~~~~~~~~~
5 warnings generated.
compiling system_stm32f10x.c...
../../../Driver/systick_time_drive.c(1): warning: In file included from...
../../../Driver/include\systick_time_drive.h(1): warning: In file included from...
C:/Users/ASUS/AppData/Local/Arm/Packs/Keil/STM32F1xx_DFP/2.4.1/Device/Include\stm32f10x.h(18): warning: invalid UTF-8 in comment [-Winvalid-utf8]
   18 |   *              - To use or not the peripheral<92>s drivers in application code(i.e. 
      |                                                ^
C:/Users/ASUS/AppData/Local/Arm/Packs/Keil/STM32F1xx_DFP/2.4.1/Device/Include\stm32f10x.h(19): warning: invalid UTF-8 in comment [-Winvalid-utf8]
   19 |   *                code will be based on direct access to peripheral<92>s registers 
      |                                                                     ^
C:/Users/ASUS/AppData/Local/Arm/Packs/Keil/STM32F1xx_DFP/2.4.1/Device/Include\stm32f10x.h(26): warning: invalid UTF-8 in comment [-Winvalid-utf8]
   26 |   *           - Macros to access peripheral<92>s registers hardware
      |                                            ^
../../../Driver/systick_time_drive.c(1): warning: In file included from...
../../../Driver/include\systick_time_drive.h(9): warning: no newline at end of file [-Wnewline-eof]
    9 | void SysTick_IT_Init(void);
      |                            ^
4 warnings generated.
compiling systick_time_drive.c...
../../../Driver/gpio_drive.c(1): warning: In file included from...
../../../Driver/include\gpio_drive.h(3): warning: In file included from...
C:/Users/ASUS/AppData/Local/Arm/Packs/Keil/STM32F1xx_DFP/2.4.1/Device/Include\stm32f10x.h(18): warning: invalid UTF-8 in comment [-Winvalid-utf8]
   18 |   *              - To use or not the peripheral<92>s drivers in application code(i.e. 
      |                                                ^
C:/Users/ASUS/AppData/Local/Arm/Packs/Keil/STM32F1xx_DFP/2.4.1/Device/Include\stm32f10x.h(19): warning: invalid UTF-8 in comment [-Winvalid-utf8]
   19 |   *                code will be based on direct access to peripheral<92>s registers 
      |                                                                     ^
C:/Users/ASUS/AppData/Local/Arm/Packs/Keil/STM32F1xx_DFP/2.4.1/Device/Include\stm32f10x.h(26): warning: invalid UTF-8 in comment [-Winvalid-utf8]
   26 |   *           - Macros to access peripheral<92>s registers hardware
      |                                            ^
../../../Driver/gpio_drive.c(20): warning: cast from 'volatile unsigned long *' to 'volatile uint64_t *' (aka 'volatile unsigned long long *') increases required alignment from 4 to 8 [-Wcast-align]
   20 |                         CR = (__IO uint64_t *)(&GPIO_A + offset);
      |                              ^~~~~~~~~~~~~~~~~~~~~~~~~~~~~~~~~~~
../../../Driver/gpio_drive.c(25): warning: cast from 'volatile unsigned long *' to 'volatile uint64_t *' (aka 'volatile unsigned long long *') increases required alignment from 4 to 8 [-Wcast-align]
   25 |                 CR = (__IO uint64_t *)(&GPIO_B+ offset);
      |                      ^~~~~~~~~~~~~~~~~~~~~~~~~~~~~~~~~~
../../../Driver/gpio_drive.c(30): warning: cast from 'volatile unsigned long *' to 'volatile uint64_t *' (aka 'volatile unsigned long long *') increases required alignment from 4 to 8 [-Wcast-align]
   30 |                 CR = (__IO uint64_t *)(&GPIO_C + offset);
      |                      ^~~~~~~~~~~~~~~~~~~~~~~~~~~~~~~~~~~
../../../Driver/gpio_drive.c(33): warning: implicit conversion changes signedness: 'int' to 'uint64_t' (aka 'unsigned long long') [-Wsign-conversion]
   33 |         *CR &= ~(0xf<<(tPin)*4);
      |             ~~ ^~~~~~~~~~~~~~~~
../../../Driver/gpio_drive.c(34): warning: implicit conversion changes signedness: 'int' to 'uint64_t' (aka 'unsigned long long') [-Wsign-conversion]
   34 |         *CR |= ((DIR<<(tPin*4)) | (OPT<<(tPin*4+2)));
      |             ~~  ~~~~~~~~~~~~~~~~^~~~~~~~~~~~~~~~~~~
../../../Driver/gpio_drive.c(27): warning: variable 'CR' is used uninitialized whenever 'if' condition is false [-Wsometimes-uninitialized]
   27 |         else if(PORT == 3)
      |                 ^~~~~~~~~
../../../Driver/gpio_drive.c(33): note: uninitialized use occurs here
   33 |         *CR &= ~(0xf<<(tPin)*4);
      |          ^~
../../../Driver/gpio_drive.c(27): note: remove the 'if' if its condition is always true
   27 |         else if(PORT == 3)
      |              ^~~~~~~~~~~~~
   28 |                 {
../../../Driver/gpio_drive.c(5): note: initialize the variable 'CR' to silence this warning
    5 |         __IO uint64_t * CR;
      |                           ^
      |                            = 0
../../../Driver/gpio_drive.c(45): warning: cast from 'volatile unsigned long *' to 'volatile uint64_t *' (aka 'volatile unsigned long long *') increases required alignment from 4 to 8 [-Wcast-align]
   45 |                         IDR = (__IO uint64_t *)(&GPIO_A + offset);
      |                               ^~~~~~~~~~~~~~~~~~~~~~~~~~~~~~~~~~~
../../../Driver/gpio_drive.c(49): warning: cast from 'volatile unsigned long *' to 'volatile uint64_t *' (aka 'volatile unsigned long long *') increases required alignment from 4 to 8 [-Wcast-align]
   49 |                 IDR = (__IO uint64_t *)(&GPIO_B+ offset);
      |                       ^~~~~~~~~~~~~~~~~~~~~~~~~~~~~~~~~~
../../../Driver/gpio_drive.c(53): warning: cast from 'volatile unsigned long *' to 'volatile uint64_t *' (aka 'volatile unsigned long long *') increases required alignment from 4 to 8 [-Wcast-align]
   53 |                 IDR = (__IO uint64_t *)(&GPIO_C+ offset);
      |                       ^~~~~~~~~~~~~~~~~~~~~~~~~~~~~~~~~~
../../../Driver/gpio_drive.c(55): warning: implicit conversion changes signedness: 'uint64_t' (aka 'unsigned long long') to 'int' [-Wsign-conversion]
   55 |                 state =  ((*IDR & (1<<pin))>>pin)  ;
      |                       ~   ~~~~~~~~~~~~~~~~~^~~~~
../../../Driver/gpio_drive.c(51): warning: variable 'IDR' is used uninitialized whenever 'if' condition is false [-Wsometimes-uninitialized]
   51 |         else if(PORT == 3)
      |                 ^~~~~~~~~
../../../Driver/gpio_drive.c(55): note: uninitialized use occurs here
   55 |                 state =  ((*IDR & (1<<pin))>>pin)  ;
      |                             ^~~
../../../Driver/gpio_drive.c(51): note: remove the 'if' if its condition is always true
   51 |         else if(PORT == 3)
      |              ^~~~~~~~~~~~~
   52 |                 {
../../../Driver/gpio_drive.c(39): note: initialize the variable 'IDR' to silence this warning
   39 |         __IO uint64_t * IDR;
      |                            ^
      |                             = 0
../../../Driver/gpio_drive.c(66): warning: cast from 'volatile unsigned long *' to 'volatile uint64_t *' (aka 'volatile unsigned long long *') increases required alignment from 4 to 8 [-Wcast-align]
   66 |                         ODR = (__IO uint64_t *)(&GPIO_A + offset);
      |                               ^~~~~~~~~~~~~~~~~~~~~~~~~~~~~~~~~~~
../../../Driver/gpio_drive.c(70): warning: cast from 'volatile unsigned long *' to 'volatile uint64_t *' (aka 'volatile unsigned long long *') increases required alignment from 4 to 8 [-Wcast-align]
   70 |                 ODR = (__IO uint64_t *)(&GPIO_B+ offset);
      |                       ^~~~~~~~~~~~~~~~~~~~~~~~~~~~~~~~~~
../../../Driver/gpio_drive.c(74): warning: cast from 'volatile unsigned long *' to 'volatile uint64_t *' (aka 'volatile unsigned long long *') increases required alignment from 4 to 8 [-Wcast-align]
   74 |                 ODR = (__IO uint64_t *)(&GPIO_C+ offset);
      |                       ^~~~~~~~~~~~~~~~~~~~~~~~~~~~~~~~~~
../../../Driver/gpio_drive.c(76): warning: implicit conversion changes signedness: 'int' to 'uint64_t' (aka 'unsigned long long') [-Wsign-conversion]
   76 |         STATUS ? (*ODR |= (STATUS<<pin)) : (*ODR &= ~(1<<pin));
      |                        ~~  ~~~~~~^~~~~
../../../Driver/gpio_drive.c(76): warning: variable 'ODR' may be uninitialized when used here [-Wconditional-uninitialized]
   76 |         STATUS ? (*ODR |= (STATUS<<pin)) : (*ODR &= ~(1<<pin));
      |                    ^~~
../../../Driver/gpio_drive.c(62): note: initialize the variable 'ODR' to silence this warning
   62 |         __IO uint64_t * ODR;
      |                            ^
      |                             = 0
../../../Driver/gpio_drive.c(91): warning: no previous prototype for function 'Blink_Led' [-Wmissing-prototypes]
   91 | void Blink_Led(void)
      |      ^
../../../Driver/gpio_drive.c(91): note: declare 'static' if the function is not intended to be used outside of this translation unit
   91 | void Blink_Led(void)
      | ^
      | static 
../../../Driver/gpio_drive.c(127): warning: mixing declarations and code is incompatible with standards before C99 [-Wdeclaration-after-statement]
  127 |         uint8_t EXTIx_IRQn; 
      |                 ^
../../../Driver/gpio_drive.c(20): warning: unsafe pointer arithmetic [-Wunsafe-buffer-usage]
   20 |                         CR = (__IO uint64_t *)(&GPIO_A + offset);
      |                                                ^~~~~~~
../../../Driver/gpio_drive.c(25): warning: unsafe pointer arithmetic [-Wunsafe-buffer-usage]
   25 |                 CR = (__IO uint64_t *)(&GPIO_B+ offset);
      |                                        ^~~~~~~
../../../Driver/gpio_drive.c(30): warning: unsafe pointer arithmetic [-Wunsafe-buffer-usage]
   30 |                 CR = (__IO uint64_t *)(&GPIO_C + offset);
      |                                        ^~~~~~~
../../../Driver/gpio_drive.c(45): warning: unsafe pointer arithmetic [-Wunsafe-buffer-usage]
   45 |                         IDR = (__IO uint64_t *)(&GPIO_A + offset);
      |                                                 ^~~~~~~
../../../Driver/gpio_drive.c(49): warning: unsafe pointer arithmetic [-Wunsafe-buffer-usage]
   49 |                 IDR = (__IO uint64_t *)(&GPIO_B+ offset);
      |                                         ^~~~~~~
../../../Driver/gpio_drive.c(53): warning: unsafe pointer arithmetic [-Wunsafe-buffer-usage]
   53 |                 IDR = (__IO uint64_t *)(&GPIO_C+ offset);
      |                                         ^~~~~~~
../../../Driver/gpio_drive.c(66): warning: unsafe pointer arithmetic [-Wunsafe-buffer-usage]
   66 |                         ODR = (__IO uint64_t *)(&GPIO_A + offset);
      |                                                 ^~~~~~~
../../../Driver/gpio_drive.c(70): warning: unsafe pointer arithmetic [-Wunsafe-buffer-usage]
   70 |                 ODR = (__IO uint64_t *)(&GPIO_B+ offset);
      |                                         ^~~~~~~
../../../Driver/gpio_drive.c(74): warning: unsafe pointer arithmetic [-Wunsafe-buffer-usage]
   74 |                 ODR = (__IO uint64_t *)(&GPIO_C+ offset);
      |                                         ^~~~~~~
../../../Driver/gpio_drive.c(134): warning: unsafe buffer access [-Wunsafe-buffer-usage]
  134 |         AFIO->EXTICR[(uint8_t)Pin/4] = EXTI_Px_PIN;  
      |         ^~~~~~~~~~~~
C:/Users/ASUS/AppData/Local/Arm/Packs/Keil/STM32F1xx_DFP/2.4.1/Device/Include\stm32f10x.h(1414): note: expanded from macro 'AFIO'
 1414 | #define AFIO                ((AFIO_TypeDef *) AFIO_BASE)
      |                             ^
31 warnings generated.
compiling gpio_drive.c...
../../../Driver/timer_drive.c(1): warning: In file included from...
../../../Driver/include\timer_drive.h(1): warning: In file included from...
C:/Users/ASUS/AppData/Local/Arm/Packs/Keil/STM32F1xx_DFP/2.4.1/Device/Include\stm32f10x.h(18): warning: invalid UTF-8 in comment [-Winvalid-utf8]
   18 |   *              - To use or not the peripheral<92>s drivers in application code(i.e. 
      |                                                ^
C:/Users/ASUS/AppData/Local/Arm/Packs/Keil/STM32F1xx_DFP/2.4.1/Device/Include\stm32f10x.h(19): warning: invalid UTF-8 in comment [-Winvalid-utf8]
   19 |   *                code will be based on direct access to peripheral<92>s registers 
      |                                                                     ^
C:/Users/ASUS/AppData/Local/Arm/Packs/Keil/STM32F1xx_DFP/2.4.1/Device/Include\stm32f10x.h(26): warning: invalid UTF-8 in comment [-Winvalid-utf8]
   26 |   *           - Macros to access peripheral<92>s registers hardware
      |                                            ^
../../../Driver/timer_drive.c(1): warning: In file included from...
../../../Driver/include\timer_drive.h(29): warning: no newline at end of file [-Wnewline-eof]
   29 | void timer_irq_stop(char timer);
      |                                 ^
../../../Driver/timer_drive.c(3): warning: no previous prototype for function 'get_timer' [-Wmissing-prototypes]
    3 | TIM_TypeDef * get_timer(char timer){
      |               ^
../../../Driver/timer_drive.c(3): note: declare 'static' if the function is not intended to be used outside of this translation unit
    3 | TIM_TypeDef * get_timer(char timer){
      | ^
      | static 
../../../Driver/timer_drive.c(12): warning: variable 'tim' may be uninitialized when used here [-Wconditional-uninitialized]
   12 |         return tim;
      |                ^~~
../../../Driver/timer_drive.c(4): note: initialize the variable 'tim' to silence this warning
    4 |         TIM_TypeDef * tim;
      |                          ^
      |                           = 0
../../../Driver/timer_drive.c(34): warning: implicit conversion loses integer precision: 'int' to 'uint16_t' (aka 'unsigned short') [-Wimplicit-int-conversion]
   34 |         tim->PSC = prescaler;   
      |                  ~ ^~~~~~~~~
../../../Driver/timer_drive.c(37): warning: implicit conversion loses integer precision: 'int' to 'uint16_t' (aka 'unsigned short') [-Wimplicit-int-conversion]
   37 |         tim->ARR = (microS-3);  
      |                  ~  ~~~~~~^~
../../../Driver/timer_drive.c(15): warning: no previous prototype for function 'timer_start_micros' [-Wmissing-prototypes]
   15 | TIM_TypeDef * timer_start_micros(char timer, int microS){
      |               ^
../../../Driver/timer_drive.c(15): note: declare 'static' if the function is not intended to be used outside of this translation unit
   15 | TIM_TypeDef * timer_start_micros(char timer, int microS){
      | ^
      | static 
../../../Driver/timer_drive.c(64): warning: implicit conversion loses integer precision: 'int' to 'uint16_t' (aka 'unsigned short') [-Wimplicit-int-conversion]
   64 |         tim->PSC = prescaler;   
      |                  ~ ^~~~~~~~~
../../../Driver/timer_drive.c(67): warning: implicit conversion loses integer precision: 'int' to 'uint16_t' (aka 'unsigned short') [-Wimplicit-int-conversion]
   67 |         tim->ARR = (millis*2);  
      |                  ~  ~~~~~~^~
../../../Driver/timer_drive.c(45): warning: no previous prototype for function 'timer_start_millis' [-Wmissing-prototypes]
   45 | TIM_TypeDef * timer_start_millis(char timer, int millis){
      |               ^
../../../Driver/timer_drive.c(45): note: declare 'static' if the function is not intended to be used outside of this translation unit
   45 | TIM_TypeDef * timer_start_millis(char timer, int millis){
      | ^
      | static 
../../../Driver/timer_drive.c(176): warning: implicit conversion changes signedness: 'int' to 'uint32_t' (aka 'unsigned int') [-Wsign-conversion]
  176 |                 RCC->APB2ENR &= ~0x0800;
      |                              ~~ ^~~~~~~
../../../Driver/timer_drive.c(183): warning: no newline at end of file [-Wnewline-eof]
  183 | }
      |  ^
14 warnings generated.
compiling timer_drive.c...
assembling startup_stm32f10x_md.s...
linking...
Program Size: Code=828 RO-data=252 RW-data=0 ZI-data=1632  
".\Objects\081__STM32F1_Timer_initialization_and_Delay_function_setup_&_logic_analyzer_tuning.axf" - 0 Error(s), 57 Warning(s).

<h2>Software Packages used:</h2>

Package Vendor: ARM
                http://www.keil.com/pack/ARM.CMSIS.5.9.0.pack
                ARM::CMSIS@5.9.0
                CMSIS (Common Microcontroller Software Interface Standard)
   * Component: CORE Version: 5.6.0

Package Vendor: Keil
                https://www.keil.com/pack/Keil.STM32F1xx_DFP.2.4.1.pack
                Keil::STM32F1xx_DFP@2.4.1
                STMicroelectronics STM32F1 Series Device Support, Drivers and Examples
   * Component: Startup Version: 1.0.0

<h2>Collection of Component include folders:</h2>
  ./RTE/Device/STM32F103C8
  ./RTE/_Target_1
  C:/Users/ASUS/AppData/Local/Arm/Packs/ARM/CMSIS/5.9.0/CMSIS/Core/Include
  C:/Users/ASUS/AppData/Local/Arm/Packs/Keil/STM32F1xx_DFP/2.4.1/Device/Include

<h2>Collection of Component Files used:</h2>

   * Component: ARM::CMSIS:CORE@5.6.0

   * Component: Keil::Device:Startup@1.0.0
      Include file:  RTE_Driver/Config/RTE_Device.h
      Source file:   Device/Source/ARM/startup_stm32f10x_md.s
      Source file:   Device/Source/system_stm32f10x.c
      Source file:   Device/Source/ARM/STM32F1xx_OPT.s
Build Time Elapsed:  00:00:01
</pre>
</body>
</html>
