<html>
<body>
<pre>
<h1>µVision Build Log</h1>
<h2>Tool Versions:</h2>
IDE-Version: µVision V5.39.0.0
Copyright (C) 2023 ARM Ltd and ARM Germany GmbH. All rights reserved.
License Information: thuy ASUS, non, LIC=----
 
Tool Versions:
Toolchain:       MDK-Lite  Version: 5.39.0.0
Toolchain Path:  C:\Keil_v5\ARM\ARMCLANG\Bin
C Compiler:      ArmClang.exe V6.21
Assembler:       Armasm.exe V6.21
Linker/Locator:  ArmLink.exe V6.21
Library Manager: ArmAr.exe V6.21
Hex Converter:   FromElf.exe V6.21
CPU DLL:         SARMCM3.DLL V5.39.0.0
Dialog DLL:      DARMSTM.DLL V1.69.1.0
Target DLL:      STLink\ST-LINKIII-KEIL_SWO.dll V3.2.0.0
Dialog DLL:      TCM.DLL V1.56.4.0
 
<h2>Project:</h2>
E:\2.Embedded\1.microtroller\3.stm32fx\reg\stm32f10x\1.GPIO\012__STM32F1-GPIO_LIB\012__STM32F1-GPIO_LIB.uvprojx
Project File Date:  01/16/2024

<h2>Output:</h2>
*** Using Compiler 'V6.21', folder: 'C:\Keil_v5\ARM\ARMCLANG\Bin'
Build target 'Target 1'
gp_driver.c(24): warning: implicit conversion changes signedness: 'int' to 'unsigned long' [-Wsign-conversion]
   24 |         *CR &= ~(0xf<<(tPIN)*4);
      |             ~~ ^~~~~~~~~~~~~~~~
gp_driver.c(25): warning: implicit conversion changes signedness: 'int' to 'unsigned long' [-Wsign-conversion]
   25 |         *CR |= ((dir<<(tPIN*4))| (opt << (tPIN * 4 + 2)));
      |             ~~  ~~~~~~~~~~~~~~~^~~~~~~~~~~~~~~~~~~~~~~~~
gp_driver.c(20): warning: variable 'CR' is used uninitialized whenever 'if' condition is false [-Wsometimes-uninitialized]
   20 |         else if(port == 3){
      |                 ^~~~~~~~~
gp_driver.c(24): note: uninitialized use occurs here
   24 |         *CR &= ~(0xf<<(tPIN)*4);
      |          ^~
gp_driver.c(20): note: remove the 'if' if its condition is always true
   20 |         else if(port == 3){
      |              ^~~~~~~~~~~~~
gp_driver.c(4): note: initialize the variable 'CR' to silence this warning
    4 |         volatile unsigned long * CR;
      |                                    ^
      |                                     = 0
gp_driver.c(44): warning: implicit conversion changes signedness: 'unsigned long' to 'int' [-Wsign-conversion]
   44 |         state = ((*IDR & (1<<pin))>>(pin));
      |               ~  ~~~~~~~~~~~~~~~~~^~~~~~~
gp_driver.c(41): warning: variable 'IDR' is used uninitialized whenever 'if' condition is false [-Wsometimes-uninitialized]
   41 |         else if(port == 3){
      |                 ^~~~~~~~~
gp_driver.c(44): note: uninitialized use occurs here
   44 |         state = ((*IDR & (1<<pin))>>(pin));
      |                    ^~~
gp_driver.c(41): note: remove the 'if' if its condition is always true
   41 |         else if(port == 3){
      |              ^~~~~~~~~~~~~
gp_driver.c(32): note: initialize the variable 'IDR' to silence this warning
   32 |         volatile unsigned long * IDR;
      |                                     ^
      |                                      = 0
gp_driver.c(62): warning: implicit conversion changes signedness: 'int' to 'unsigned long' [-Wsign-conversion]
   62 |         status ? (*ODR |= (status << pin)) : (*ODR &= ~(1<<pin));
      |                        ~~  ~~~~~~~^~~~~~
gp_driver.c(57): warning: variable 'ODR' is used uninitialized whenever 'if' condition is false [-Wsometimes-uninitialized]
   57 |         else if(port == 3){
      |                 ^~~~~~~~~
gp_driver.c(61): note: uninitialized use occurs here
   61 |         *ODR &= 0x0;//  reset value of ODR
      |          ^~~
gp_driver.c(57): note: remove the 'if' if its condition is always true
   57 |         else if(port == 3){
      |              ^~~~~~~~~~~~~
gp_driver.c(50): note: initialize the variable 'ODR' to silence this warning
   50 |         volatile unsigned long * ODR;
      |                                     ^
      |                                      = 0
gp_driver.c(14): warning: unsafe pointer arithmetic [-Wunsafe-buffer-usage]
   14 |                 CR = (volatile unsigned long*)(&GPIO_A +offset);
      |                                                ^~~~~~~
gp_driver.c(18): warning: unsafe pointer arithmetic [-Wunsafe-buffer-usage]
   18 |                 CR = (volatile unsigned long*)(&GPIO_B +offset);
      |                                                ^~~~~~~
gp_driver.c(22): warning: unsafe pointer arithmetic [-Wunsafe-buffer-usage]
   22 |                 CR = (volatile unsigned long*)(&GPIO_C +offset);
      |                                                ^~~~~~~
gp_driver.c(36): warning: unsafe pointer arithmetic [-Wunsafe-buffer-usage]
   36 |                 IDR = (volatile unsigned long*)(&GPIO_A + offset);
      |                                                 ^~~~~~~
gp_driver.c(39): warning: unsafe pointer arithmetic [-Wunsafe-buffer-usage]
   39 |                 IDR = (volatile unsigned long*)(&GPIO_B + offset);
      |                                                 ^~~~~~~
gp_driver.c(42): warning: unsafe pointer arithmetic [-Wunsafe-buffer-usage]
   42 |                 IDR = (volatile unsigned long*)(&GPIO_C + offset);
      |                                                 ^~~~~~~
gp_driver.c(52): warning: unsafe pointer arithmetic [-Wunsafe-buffer-usage]
   52 |                 ODR = (volatile unsigned long *)(&GPIO_A +offset);
      |                                                  ^~~~~~~
gp_driver.c(55): warning: unsafe pointer arithmetic [-Wunsafe-buffer-usage]
   55 |                 ODR = (volatile unsigned long *)(&GPIO_B +offset);
      |                                                  ^~~~~~~
gp_driver.c(58): warning: unsafe pointer arithmetic [-Wunsafe-buffer-usage]
   58 |                 ODR = (volatile unsigned long *)(&GPIO_C +offset);
      |                                                  ^~~~~~~
16 warnings generated.
compiling gp_driver.c...
main.c(1): warning: In file included from...
C:/Users/ASUS/AppData/Local/Arm/Packs/Keil/STM32F1xx_DFP/2.4.1/Device/Include\stm32f10x.h(18): warning: invalid UTF-8 in comment [-Winvalid-utf8]
   18 |   *              - To use or not the peripheral<92>s drivers in application code(i.e. 
      |                                                ^
C:/Users/ASUS/AppData/Local/Arm/Packs/Keil/STM32F1xx_DFP/2.4.1/Device/Include\stm32f10x.h(19): warning: invalid UTF-8 in comment [-Winvalid-utf8]
   19 |   *                code will be based on direct access to peripheral<92>s registers 
      |                                                                     ^
C:/Users/ASUS/AppData/Local/Arm/Packs/Keil/STM32F1xx_DFP/2.4.1/Device/Include\stm32f10x.h(26): warning: invalid UTF-8 in comment [-Winvalid-utf8]
   26 |   *           - Macros to access peripheral<92>s registers hardware
      |                                            ^
3 warnings generated.
compiling main.c...
linking...
Program Size: Code=1252 RO-data=252 RW-data=0 ZI-data=1024  
".\Objects\012__STM32F1-GPIO_LIB.axf" - 0 Error(s), 19 Warning(s).

<h2>Software Packages used:</h2>

Package Vendor: ARM
                http://www.keil.com/pack/ARM.CMSIS.5.9.0.pack
                ARM::CMSIS@5.9.0
                CMSIS (Common Microcontroller Software Interface Standard)
   * Component: CORE Version: 5.6.0

Package Vendor: Keil
                https://www.keil.com/pack/Keil.STM32F1xx_DFP.2.4.1.pack
                Keil::STM32F1xx_DFP@2.4.1
                STMicroelectronics STM32F1 Series Device Support, Drivers and Examples
   * Component: Startup Version: 1.0.0

<h2>Collection of Component include folders:</h2>
  ./RTE/Device/STM32F103C8
  ./RTE/_Target_1
  C:/Users/ASUS/AppData/Local/Arm/Packs/ARM/CMSIS/5.9.0/CMSIS/Core/Include
  C:/Users/ASUS/AppData/Local/Arm/Packs/Keil/STM32F1xx_DFP/2.4.1/Device/Include

<h2>Collection of Component Files used:</h2>

   * Component: ARM::CMSIS:CORE@5.6.0

   * Component: Keil::Device:Startup@1.0.0
      Include file:  RTE_Driver/Config/RTE_Device.h
      Source file:   Device/Source/ARM/STM32F1xx_OPT.s
      Source file:   Device/Source/ARM/startup_stm32f10x_md.s
      Source file:   Device/Source/system_stm32f10x.c
Build Time Elapsed:  00:00:00
</pre>
</body>
</html>
