<html>
<body>
<pre>
<h1>µVision Build Log</h1>
<h2>Tool Versions:</h2>
IDE-Version: µVision V5.39.0.0
Copyright (C) 2023 ARM Ltd and ARM Germany GmbH. All rights reserved.
License Information: nguyen trong_thuy, non, LIC=----
 
Tool Versions:
Toolchain:       MDK-Lite  Version: 5.39.0.0
Toolchain Path:  C:\Keil_v5\ARM\ARMCLANG\Bin
C Compiler:      ArmClang.exe V6.21
Assembler:       Armasm.exe V6.21
Linker/Locator:  ArmLink.exe V6.21
Library Manager: ArmAr.exe V6.21
Hex Converter:   FromElf.exe V6.21
CPU DLL:         SARMCM3.DLL V5.39.0.0
Dialog DLL:      DARMSTM.DLL V1.69.1.0
Target DLL:      STLink\ST-LINKIII-KEIL_SWO.dll V3.2.0.0
Dialog DLL:      TCM.DLL V1.56.4.0
 
<h2>Project:</h2>
E:\2.Embedded\microtroller\3.stm32fx\reg\stm32f10x\3.UART_USART\034__STM32F1_USART_ADVANCED_COMMUNICATION_SETUP\034__STM32F1_USART_ADVANCED_COMMUNICATION_SETUP.uvprojx
Project File Date:  02/28/2024

<h2>Output:</h2>
*** Using Compiler 'V6.21', folder: 'C:\Keil_v5\ARM\ARMCLANG\Bin'
Rebuild target 'Target 1'
gp_driver.c(24): warning: implicit conversion changes signedness: 'int' to 'unsigned long' [-Wsign-conversion]
   24 |         *CR &= ~(0xf<<(tPIN)*4);
      |             ~~ ^~~~~~~~~~~~~~~~
gp_driver.c(25): warning: implicit conversion changes signedness: 'int' to 'unsigned long' [-Wsign-conversion]
   25 |         *CR |= ((dir<<(tPIN*4))| (opt << (tPIN * 4 + 2)));
      |             ~~  ~~~~~~~~~~~~~~~^~~~~~~~~~~~~~~~~~~~~~~~~
gp_driver.c(20): warning: variable 'CR' is used uninitialized whenever 'if' condition is false [-Wsometimes-uninitialized]
   20 |         else if(port == 3){
      |                 ^~~~~~~~~
gp_driver.c(24): note: uninitialized use occurs here
   24 |         *CR &= ~(0xf<<(tPIN)*4);
      |          ^~
gp_driver.c(20): note: remove the 'if' if its condition is always true
   20 |         else if(port == 3){
      |              ^~~~~~~~~~~~~
gp_driver.c(4): note: initialize the variable 'CR' to silence this warning
    4 |         volatile unsigned long * CR;
      |                                    ^
      |                                     = 0
gp_driver.c(44): warning: implicit conversion changes signedness: 'unsigned long' to 'int' [-Wsign-conversion]
   44 |         state = ((*IDR & (1<<pin))>>(pin));
      |               ~  ~~~~~~~~~~~~~~~~~^~~~~~~
gp_driver.c(41): warning: variable 'IDR' is used uninitialized whenever 'if' condition is false [-Wsometimes-uninitialized]
   41 |         else if(port == 3){
      |                 ^~~~~~~~~
gp_driver.c(44): note: uninitialized use occurs here
   44 |         state = ((*IDR & (1<<pin))>>(pin));
      |                    ^~~
gp_driver.c(41): note: remove the 'if' if its condition is always true
   41 |         else if(port == 3){
      |              ^~~~~~~~~~~~~
gp_driver.c(32): note: initialize the variable 'IDR' to silence this warning
   32 |         volatile unsigned long * IDR;
      |                                     ^
      |                                      = 0
gp_driver.c(62): warning: implicit conversion changes signedness: 'int' to 'unsigned long' [-Wsign-conversion]
   62 |         status ? (*ODR |= (status << pin)) : (*ODR &= ~(1<<pin));
      |                        ~~  ~~~~~~~^~~~~~
gp_driver.c(57): warning: variable 'ODR' is used uninitialized whenever 'if' condition is false [-Wsometimes-uninitialized]
   57 |         else if(port == 3){
      |                 ^~~~~~~~~
gp_driver.c(61): note: uninitialized use occurs here
   61 |         *ODR &= 0x0;//  reset value of ODR
      |          ^~~
gp_driver.c(57): note: remove the 'if' if its condition is always true
   57 |         else if(port == 3){
      |              ^~~~~~~~~~~~~
gp_driver.c(50): note: initialize the variable 'ODR' to silence this warning
   50 |         volatile unsigned long * ODR;
      |                                     ^
      |                                      = 0
gp_driver.c(14): warning: unsafe pointer arithmetic [-Wunsafe-buffer-usage]
   14 |                 CR = (volatile unsigned long*)(&GPIO_A +offset);
      |                                                ^~~~~~~
gp_driver.c(18): warning: unsafe pointer arithmetic [-Wunsafe-buffer-usage]
   18 |                 CR = (volatile unsigned long*)(&GPIO_B +offset);
      |                                                ^~~~~~~
gp_driver.c(22): warning: unsafe pointer arithmetic [-Wunsafe-buffer-usage]
   22 |                 CR = (volatile unsigned long*)(&GPIO_C +offset);
      |                                                ^~~~~~~
gp_driver.c(36): warning: unsafe pointer arithmetic [-Wunsafe-buffer-usage]
   36 |                 IDR = (volatile unsigned long*)(&GPIO_A + offset);
      |                                                 ^~~~~~~
gp_driver.c(39): warning: unsafe pointer arithmetic [-Wunsafe-buffer-usage]
   39 |                 IDR = (volatile unsigned long*)(&GPIO_B + offset);
      |                                                 ^~~~~~~
gp_driver.c(42): warning: unsafe pointer arithmetic [-Wunsafe-buffer-usage]
   42 |                 IDR = (volatile unsigned long*)(&GPIO_C + offset);
      |                                                 ^~~~~~~
gp_driver.c(52): warning: unsafe pointer arithmetic [-Wunsafe-buffer-usage]
   52 |                 ODR = (volatile unsigned long *)(&GPIO_A +offset);
      |                                                  ^~~~~~~
gp_driver.c(55): warning: unsafe pointer arithmetic [-Wunsafe-buffer-usage]
   55 |                 ODR = (volatile unsigned long *)(&GPIO_B +offset);
      |                                                  ^~~~~~~
gp_driver.c(58): warning: unsafe pointer arithmetic [-Wunsafe-buffer-usage]
   58 |                 ODR = (volatile unsigned long *)(&GPIO_C +offset);
      |                                                  ^~~~~~~
16 warnings generated.
compiling gp_driver.c...
systick_time.c(2): warning: In file included from...
C:/Users/ASUS/AppData/Local/Arm/Packs/Keil/STM32F1xx_DFP/2.4.1/Device/Include\stm32f10x.h(18): warning: invalid UTF-8 in comment [-Winvalid-utf8]
   18 |   *              - To use or not the peripheral<92>s drivers in application code(i.e. 
      |                                                ^
C:/Users/ASUS/AppData/Local/Arm/Packs/Keil/STM32F1xx_DFP/2.4.1/Device/Include\stm32f10x.h(19): warning: invalid UTF-8 in comment [-Winvalid-utf8]
   19 |   *                code will be based on direct access to peripheral<92>s registers 
      |                                                                     ^
C:/Users/ASUS/AppData/Local/Arm/Packs/Keil/STM32F1xx_DFP/2.4.1/Device/Include\stm32f10x.h(26): warning: invalid UTF-8 in comment [-Winvalid-utf8]
   26 |   *           - Macros to access peripheral<92>s registers hardware
      |                                            ^
systick_time.c(50): warning: unsafe buffer access [-Wunsafe-buffer-usage]
   50 |                 if(uart_1_mgr[6] == 0){
      |                    ^~~~~~~~~~
systick_time.c(52): warning: unsafe buffer access [-Wunsafe-buffer-usage]
   52 |                         uart_1_mgr[1] = 1;
      |                         ^~~~~~~~~~
systick_time.c(55): warning: unsafe buffer access [-Wunsafe-buffer-usage]
   55 |                         uart_1_mgr[6]--;
      |                         ^~~~~~~~~~
systick_time.c(58): warning: unsafe buffer access [-Wunsafe-buffer-usage]
   58 |                 if(uart_2_mgr[6] == 0){
      |                    ^~~~~~~~~~
systick_time.c(60): warning: unsafe buffer access [-Wunsafe-buffer-usage]
   60 |                         uart_2_mgr[1] = 1;
      |                         ^~~~~~~~~~
systick_time.c(63): warning: unsafe buffer access [-Wunsafe-buffer-usage]
   63 |                         uart_2_mgr[6]--;
      |                         ^~~~~~~~~~
systick_time.c(66): warning: unsafe buffer access [-Wunsafe-buffer-usage]
   66 |                 if(uart_3_mgr[6] == 0){
      |                    ^~~~~~~~~~
systick_time.c(68): warning: unsafe buffer access [-Wunsafe-buffer-usage]
   68 |                         uart_3_mgr[1] = 1;
      |                         ^~~~~~~~~~
systick_time.c(71): warning: unsafe buffer access [-Wunsafe-buffer-usage]
   71 |                         uart_3_mgr[6]--;
      |                         ^~~~~~~~~~
12 warnings generated.
compiling systick_time.c...
main.c(14): warning: In file included from...
C:/Users/ASUS/AppData/Local/Arm/Packs/Keil/STM32F1xx_DFP/2.4.1/Device/Include\stm32f10x.h(18): warning: invalid UTF-8 in comment [-Winvalid-utf8]
   18 |   *              - To use or not the peripheral<92>s drivers in application code(i.e. 
      |                                                ^
C:/Users/ASUS/AppData/Local/Arm/Packs/Keil/STM32F1xx_DFP/2.4.1/Device/Include\stm32f10x.h(19): warning: invalid UTF-8 in comment [-Winvalid-utf8]
   19 |   *                code will be based on direct access to peripheral<92>s registers 
      |                                                                     ^
C:/Users/ASUS/AppData/Local/Arm/Packs/Keil/STM32F1xx_DFP/2.4.1/Device/Include\stm32f10x.h(26): warning: invalid UTF-8 in comment [-Winvalid-utf8]
   26 |   *           - Macros to access peripheral<92>s registers hardware
      |                                            ^
main.c(30): warning: no previous extern declaration for non-static variable 'UART1_signal' [-Wmissing-variable-declarations]
   30 | unsigned short UART1_signal = 0;
      |                ^
main.c(30): note: declare 'static' if the variable is not intended to be used outside of this translation unit
   30 | unsigned short UART1_signal = 0;
      | ^
main.c(31): warning: no previous extern declaration for non-static variable 'UART1_counter' [-Wmissing-variable-declarations]
   31 | unsigned int UART1_counter = 0;
      |              ^
main.c(31): note: declare 'static' if the variable is not intended to be used outside of this translation unit
   31 | unsigned int UART1_counter = 0;
      | ^
main.c(32): warning: no previous extern declaration for non-static variable 'UART1_bgd' [-Wmissing-variable-declarations]
   32 | unsigned short UART1_bgd = 0;
      |                ^
main.c(32): note: declare 'static' if the variable is not intended to be used outside of this translation unit
   32 | unsigned short UART1_bgd = 0;
      | ^
main.c(34): warning: no previous extern declaration for non-static variable 'uart_1_mgr' [-Wmissing-variable-declarations]
   34 | unsigned short uart_1_mgr[7] = {0,0,0,0,'\n',0,0};
      |                ^
main.c(34): note: declare 'static' if the variable is not intended to be used outside of this translation unit
   34 | unsigned short uart_1_mgr[7] = {0,0,0,0,'\n',0,0};
      | ^
main.c(37): warning: no previous extern declaration for non-static variable 'UART2_signal' [-Wmissing-variable-declarations]
   37 | unsigned short UART2_signal = 0;
      |                ^
main.c(37): note: declare 'static' if the variable is not intended to be used outside of this translation unit
   37 | unsigned short UART2_signal = 0;
      | ^
main.c(38): warning: no previous extern declaration for non-static variable 'UART2_counter' [-Wmissing-variable-declarations]
   38 | unsigned int UART2_counter = 0;
      |              ^
main.c(38): note: declare 'static' if the variable is not intended to be used outside of this translation unit
   38 | unsigned int UART2_counter = 0;
      | ^
main.c(39): warning: no previous extern declaration for non-static variable 'UART2_bgd' [-Wmissing-variable-declarations]
   39 | unsigned short UART2_bgd = 0;
      |                ^
main.c(39): note: declare 'static' if the variable is not intended to be used outside of this translation unit
   39 | unsigned short UART2_bgd = 0;
      | ^
main.c(40): warning: no previous extern declaration for non-static variable 'uart_2_mgr' [-Wmissing-variable-declarations]
   40 | unsigned short uart_2_mgr[7] = {0,0,0,0,'\n',0,0};
      |                ^
main.c(40): note: declare 'static' if the variable is not intended to be used outside of this translation unit
   40 | unsigned short uart_2_mgr[7] = {0,0,0,0,'\n',0,0};
      | ^
main.c(43): warning: no previous extern declaration for non-static variable 'UART3_signal' [-Wmissing-variable-declarations]
   43 | unsigned short UART3_signal = 0;
      |                ^
main.c(43): note: declare 'static' if the variable is not intended to be used outside of this translation unit
   43 | unsigned short UART3_signal = 0;
      | ^
main.c(44): warning: no previous extern declaration for non-static variable 'UART3_counter' [-Wmissing-variable-declarations]
   44 | unsigned int UART3_counter = 0;
      |              ^
main.c(44): note: declare 'static' if the variable is not intended to be used outside of this translation unit
   44 | unsigned int UART3_counter = 0;
      | ^
main.c(45): warning: no previous extern declaration for non-static variable 'UART3_bgd' [-Wmissing-variable-declarations]
   45 | unsigned short UART3_bgd = 0;
      |                ^
main.c(45): note: declare 'static' if the variable is not intended to be used outside of this translation unit
   45 | unsigned short UART3_bgd = 0;
      | ^
main.c(46): warning: no previous extern declaration for non-static variable 'uart_3_mgr' [-Wmissing-variable-declarations]
   46 | unsigned short uart_3_mgr[7] = {0,0,0,0,'\n',0,0};
      |                ^
main.c(46): note: declare 'static' if the variable is not intended to be used outside of this translation unit
   46 | unsigned short uart_3_mgr[7] = {0,0,0,0,'\n',0,0};
      | ^
main.c(48): warning: no previous extern declaration for non-static variable 'chat' [-Wmissing-variable-declarations]
   48 | char chat = 'C';
      |      ^
main.c(48): note: declare 'static' if the variable is not intended to be used outside of this translation unit
   48 | char chat = 'C';
      | ^
main.c(49): warning: no previous extern declaration for non-static variable 'msg' [-Wmissing-variable-declarations]
   49 | char msg[30] = "hello thuy";
      |      ^
main.c(49): note: declare 'static' if the variable is not intended to be used outside of this translation unit
   49 | char msg[30] = "hello thuy";
      | ^
main.c(51): warning: a function declaration without a prototype is deprecated in all versions of C [-Wstrict-prototypes]
   51 | void USART2_IRQHandler();
      |                       ^
      |                        void
main.c(52): warning: a function declaration without a prototype is deprecated in all versions of C [-Wstrict-prototypes]
   52 | void USART2_IRQHandler();
      |                       ^
      |                        void
main.c(53): warning: a function declaration without a prototype is deprecated in all versions of C [-Wstrict-prototypes]
   53 | void USART2_IRQHandler();
      |                       ^
      |                        void
main.c(79): warning: a function declaration without a prototype is deprecated in all versions of C [-Wstrict-prototypes]
   79 | void USART2_IRQHandler(){// ham ngat tai USART2 khi tin hieu tai cac chan uart2(tx,rx)
      |                       ^
      |                        void
main.c(79): warning: no previous prototype for function 'USART2_IRQHandler' [-Wmissing-prototypes]
   79 | void USART2_IRQHandler(){// ham ngat tai USART2 khi tin hieu tai cac chan uart2(tx,rx)
      |      ^
main.c(53): note: this declaration is not a prototype; add 'void' to make it a prototype for a zero-parameter function
   53 | void USART2_IRQHandler();
      |      ^                 
      |                        void
main.c(83): warning: a function declaration without a prototype is deprecated in all versions of C [-Wstrict-prototypes]
   83 | void USART3_IRQHandler(){// ham ngat tai USART2 khi tin hieu tai cac chan uart2(tx,rx)
      |                       ^
      |                        void
main.c(83): warning: no previous prototype for function 'USART3_IRQHandler' [-Wmissing-prototypes]
   83 | void USART3_IRQHandler(){// ham ngat tai USART2 khi tin hieu tai cac chan uart2(tx,rx)
      |      ^
main.c(83): note: declare 'static' if the function is not intended to be used outside of this translation unit
   83 | void USART3_IRQHandler(){// ham ngat tai USART2 khi tin hieu tai cac chan uart2(tx,rx)
      | ^
      | static 
main.c(87): warning: no previous prototype for function 'SysTick_Handler' [-Wmissing-prototypes]
   87 | void SysTick_Handler(void){ // ngat systick
      |      ^
main.c(87): note: declare 'static' if the function is not intended to be used outside of this translation unit
   87 | void SysTick_Handler(void){ // ngat systick
      | ^
      | static 
main.c(29): warning: no previous extern declaration for non-static variable 'UART1_msg' [-Wmissing-variable-declarations]
   29 | char UART1_msg[100];
      |      ^
main.c(29): note: declare 'static' if the variable is not intended to be used outside of this translation unit
   29 | char UART1_msg[100];
      | ^
main.c(36): warning: no previous extern declaration for non-static variable 'UART2_msg' [-Wmissing-variable-declarations]
   36 | char UART2_msg[100];
      |      ^
main.c(36): note: declare 'static' if the variable is not intended to be used outside of this translation unit
   36 | char UART2_msg[100];
      | ^
main.c(42): warning: no previous extern declaration for non-static variable 'UART3_msg' [-Wmissing-variable-declarations]
   42 | char UART3_msg[100];
      |      ^
main.c(42): note: declare 'static' if the variable is not intended to be used outside of this translation unit
   42 | char UART3_msg[100];
      | ^
main.c(66): warning: unsafe buffer access [-Wunsafe-buffer-usage]
   66 |                 if(uart_2_mgr[1] == 1){ // UART3_BRR < UART2_BRR
      |                    ^~~~~~~~~~
main.c(68): warning: unsafe buffer access [-Wunsafe-buffer-usage]
   68 |                         uart_2_mgr[1] = 0;
      |                         ^~~~~~~~~~
main.c(71): warning: unsafe buffer access [-Wunsafe-buffer-usage]
   71 |                 if(uart_3_mgr[1] == 1){// UART3_BRR < UART2_BRR
      |                    ^~~~~~~~~~
main.c(73): warning: unsafe buffer access [-Wunsafe-buffer-usage]
   73 |                         uart_3_mgr[1] = 0;
      |                         ^~~~~~~~~~
32 warnings generated.
compiling main.c...
RTE/Device/STM32F103C8/system_stm32f10x.c(64): warning: In file included from...
C:/Users/ASUS/AppData/Local/Arm/Packs/Keil/STM32F1xx_DFP/2.4.1/Device/Include\stm32f10x.h(18): warning: invalid UTF-8 in comment [-Winvalid-utf8]
   18 |   *              - To use or not the peripheral<92>s drivers in application code(i.e. 
      |                                                ^
C:/Users/ASUS/AppData/Local/Arm/Packs/Keil/STM32F1xx_DFP/2.4.1/Device/Include\stm32f10x.h(19): warning: invalid UTF-8 in comment [-Winvalid-utf8]
   19 |   *                code will be based on direct access to peripheral<92>s registers 
      |                                                                     ^
C:/Users/ASUS/AppData/Local/Arm/Packs/Keil/STM32F1xx_DFP/2.4.1/Device/Include\stm32f10x.h(26): warning: invalid UTF-8 in comment [-Winvalid-utf8]
   26 |   *           - Macros to access peripheral<92>s registers hardware
      |                                            ^
RTE/Device/STM32F103C8/system_stm32f10x.c(166): warning: no previous extern declaration for non-static variable 'AHBPrescTable' [-Wmissing-variable-declarations]
  166 | __I uint8_t AHBPrescTable[16] = {0, 0, 0, 0, 0, 0, 0, 0, 1, 2, 3, 4, 6, 7, 8, 9};
      |             ^
RTE/Device/STM32F103C8/system_stm32f10x.c(166): note: declare 'static' if the variable is not intended to be used outside of this translation unit
  166 | __I uint8_t AHBPrescTable[16] = {0, 0, 0, 0, 0, 0, 0, 0, 1, 2, 3, 4, 6, 7, 8, 9};
      |     ^
RTE/Device/STM32F103C8/system_stm32f10x.c(408): warning: unsafe buffer access [-Wunsafe-buffer-usage]
  408 |   tmp = AHBPrescTable[((RCC->CFGR & RCC_CFGR_HPRE) >> 4)];
      |         ^~~~~~~~~~~~~
5 warnings generated.
compiling system_stm32f10x.c...
uart_driver.c(1): warning: In file included from...
C:/Users/ASUS/AppData/Local/Arm/Packs/Keil/STM32F1xx_DFP/2.4.1/Device/Include\stm32f10x.h(18): warning: invalid UTF-8 in comment [-Winvalid-utf8]
   18 |   *              - To use or not the peripheral<92>s drivers in application code(i.e. 
      |                                                ^
C:/Users/ASUS/AppData/Local/Arm/Packs/Keil/STM32F1xx_DFP/2.4.1/Device/Include\stm32f10x.h(19): warning: invalid UTF-8 in comment [-Winvalid-utf8]
   19 |   *                code will be based on direct access to peripheral<92>s registers 
      |                                                                     ^
C:/Users/ASUS/AppData/Local/Arm/Packs/Keil/STM32F1xx_DFP/2.4.1/Device/Include\stm32f10x.h(26): warning: invalid UTF-8 in comment [-Winvalid-utf8]
   26 |   *           - Macros to access peripheral<92>s registers hardware
      |                                            ^
uart_driver.c(31): warning: implicit conversion turns floating-point number into integer: 'double' to 'unsigned long' [-Wfloat-conversion]
   31 |         dec = frac;
      |             ~ ^~~~
uart_driver.c(71): warning: implicit conversion loses integer precision: 'unsigned long' to 'uint16_t' (aka 'unsigned short') [-Wimplicit-int-conversion]
   71 |                 USART1->BRR = BR_cal;
      |                             ~ ^~~~~~
uart_driver.c(87): warning: implicit conversion loses integer precision: 'unsigned long' to 'uint16_t' (aka 'unsigned short') [-Wimplicit-int-conversion]
   87 |                 USART2->BRR = BR_cal;
      |                             ~ ^~~~~~
uart_driver.c(103): warning: implicit conversion loses integer precision: 'unsigned long' to 'uint16_t' (aka 'unsigned short') [-Wimplicit-int-conversion]
  103 |                 USART3->BRR = BR_cal;
      |                             ~ ^~~~~~
uart_driver.c(59): warning: mixing declarations and code is incompatible with standards before C99 [-Wdeclaration-after-statement]
   59 |         unsigned long BR_cal;
      |                       ^
uart_driver.c(122): warning: implicit conversion loses integer precision: 'volatile uint16_t' (aka 'volatile unsigned short') to 'char' [-Wimplicit-int-conversion]
  122 |                 c = USART1->DR;
      |                   ~ ~~~~~~~~^~
uart_driver.c(126): warning: implicit conversion loses integer precision: 'volatile uint16_t' (aka 'volatile unsigned short') to 'char' [-Wimplicit-int-conversion]
  126 |                 c = USART2->DR;
      |                   ~ ~~~~~~~~^~
uart_driver.c(130): warning: implicit conversion loses integer precision: 'volatile uint16_t' (aka 'volatile unsigned short') to 'char' [-Wimplicit-int-conversion]
  130 |                 c = USART3->DR;
      |                   ~ ~~~~~~~~^~
uart_driver.c(128): warning: variable 'c' is used uninitialized whenever 'if' condition is false [-Wsometimes-uninitialized]
  128 |         else if(uart == 3){
      |                 ^~~~~~~~~
uart_driver.c(132): note: uninitialized use occurs here
  132 |         return c;
      |                ^
uart_driver.c(128): note: remove the 'if' if its condition is always true
  128 |         else if(uart == 3){
      |              ^~~~~~~~~~~~~
uart_driver.c(119): note: initialize the variable 'c' to silence this warning
  119 |         char c;
      |               ^
      |                = '\0'
uart_driver.c(156): warning: unsafe pointer arithmetic [-Wunsafe-buffer-usage]
  156 |         while(*(str+i) != '\0'){
      |                 ^~~
uart_driver.c(157): warning: unsafe pointer arithmetic [-Wunsafe-buffer-usage]
  157 |                 UART_Tx(uart, *(str+i));
      |                                 ^~~
uart_driver.c(184): warning: unsafe buffer access [-Wunsafe-buffer-usage]
  184 |         if(uart_mgr[2] == 0){ 
      |            ^~~~~~~~
uart_driver.c(185): warning: unsafe buffer access [-Wunsafe-buffer-usage]
  185 |                 msg[uart_mgr[0]] = UART_Rx(uart); // nhan thong tin tu USARTx
      |                 ^~~
uart_driver.c(186): warning: unsafe buffer access [-Wunsafe-buffer-usage]
  186 |                 if(uart_mgr[3]){ // kiem tra co thuc hien ngat hay khon g
      |                    ^~~~~~~~
uart_driver.c(188): warning: unsafe buffer access [-Wunsafe-buffer-usage]
  188 |                         if(msg[uart_mgr[0]] == uart_mgr[4]){
      |                            ^~~
uart_driver.c(188): warning: unsafe buffer access [-Wunsafe-buffer-usage]
  188 |                         if(msg[uart_mgr[0]] == uart_mgr[4]){
      |                                                ^~~~~~~~
uart_driver.c(190): warning: unsafe buffer access [-Wunsafe-buffer-usage]
  190 |                                 uart_mgr[1] = 1;
      |                                 ^~~~~~~~
uart_driver.c(199): warning: unsafe buffer access [-Wunsafe-buffer-usage]
  199 |                         uart_mgr[6] = uart_mgr[5];
      |                         ^~~~~~~~
uart_driver.c(199): warning: unsafe buffer access [-Wunsafe-buffer-usage]
  199 |                         uart_mgr[6] = uart_mgr[5];
      |                                       ^~~~~~~~
uart_driver.c(205): warning: unsafe buffer access [-Wunsafe-buffer-usage]
  205 |                 UART_Tx(uart_mgr[2],UART_Rx(uart)); // truyen du lieu nhan duoc tu chan UASRT den USART(bridge)
      |                         ^~~~~~~~
uart_driver.c(214): warning: unsafe buffer access [-Wunsafe-buffer-usage]
  214 |         while(str[i] != '\n'){
      |               ^~~
uart_driver.c(215): warning: unsafe buffer access [-Wunsafe-buffer-usage]
  215 |                 str[i] = '\0';
      |                 ^~~
uart_driver.c(225): warning: unsafe buffer access [-Wunsafe-buffer-usage]
  225 |         while(uart_mgr[1] == 0 && TimeOut != 0){
      |               ^~~~~~~~
uart_driver.c(228): warning: unsafe buffer access [-Wunsafe-buffer-usage]
  228 |         uart_mgr[1] = 0;
      |         ^~~~~~~~
27 warnings generated.
compiling uart_driver.c...
assembling startup_stm32f10x_md.s...
linking...
Program Size: Code=5552 RO-data=268 RW-data=44 ZI-data=1832  
".\Objects\034__STM32F1_USART_ADVANCED_COMMUNICATION_SETUP.axf" - 0 Error(s), 92 Warning(s).

<h2>Software Packages used:</h2>

Package Vendor: ARM
                http://www.keil.com/pack/ARM.CMSIS.5.9.0.pack
                ARM::CMSIS@5.9.0
                CMSIS (Common Microcontroller Software Interface Standard)
   * Component: CORE Version: 5.6.0

Package Vendor: Keil
                https://www.keil.com/pack/Keil.STM32F1xx_DFP.2.4.1.pack
                Keil::STM32F1xx_DFP@2.4.1
                STMicroelectronics STM32F1 Series Device Support, Drivers and Examples
   * Component: Startup Version: 1.0.0

<h2>Collection of Component include folders:</h2>
  ./RTE/Device/STM32F103C8
  ./RTE/_Target_1
  C:/Users/ASUS/AppData/Local/Arm/Packs/ARM/CMSIS/5.9.0/CMSIS/Core/Include
  C:/Users/ASUS/AppData/Local/Arm/Packs/Keil/STM32F1xx_DFP/2.4.1/Device/Include

<h2>Collection of Component Files used:</h2>

   * Component: ARM::CMSIS:CORE@5.6.0

   * Component: Keil::Device:Startup@1.0.0
      Source file:   Device/Source/system_stm32f10x.c
      Source file:   Device/Source/ARM/STM32F1xx_OPT.s
      Source file:   Device/Source/ARM/startup_stm32f10x_md.s
      Include file:  RTE_Driver/Config/RTE_Device.h
Build Time Elapsed:  00:00:02
</pre>
</body>
</html>
