<html>
<body>
<pre>
<h1>µVision Build Log</h1>
<h2>Tool Versions:</h2>
IDE-Version: µVision V5.39.0.0
Copyright (C) 2023 ARM Ltd and ARM Germany GmbH. All rights reserved.
License Information: nguyen trong_thuy, non, LIC=----
 
Tool Versions:
Toolchain:       MDK-Lite  Version: 5.39.0.0
Toolchain Path:  C:\Keil_v5\ARM\ARMCLANG\Bin
C Compiler:      ArmClang.exe V6.21
Assembler:       Armasm.exe V6.21
Linker/Locator:  ArmLink.exe V6.21
Library Manager: ArmAr.exe V6.21
Hex Converter:   FromElf.exe V6.21
CPU DLL:         SARMCM3.DLL V5.39.0.0
Dialog DLL:      DARMSTM.DLL V1.69.1.0
Target DLL:      STLink\ST-LINKIII-KEIL_SWO.dll V3.2.0.0
Dialog DLL:      TCM.DLL V1.56.4.0
 
<h2>Project:</h2>
E:\2.Embedded\microtroller\3.stm32fx\stm32f10x_reg\weew_stack\7.ADC\070__STM32F1_Analog_to_Digital_Converter_ADC_setup_and_result_ visualization\070__STM32F1_Analog_to_Digital_Converter_ADC_setup_and_result_ visualization.uvprojx
Project File Date:  06/11/2024

<h2>Output:</h2>
*** Using Compiler 'V6.21', folder: 'C:\Keil_v5\ARM\ARMCLANG\Bin'
Build target 'Target 1'
main.c(1): warning: In file included from...
C:/Users/ASUS/AppData/Local/Arm/Packs/Keil/STM32F1xx_DFP/2.4.1/Device/Include\stm32f10x.h(18): warning: invalid UTF-8 in comment [-Winvalid-utf8]
   18 |   *              - To use or not the peripheral<92>s drivers in application code(i.e. 
      |                                                ^
C:/Users/ASUS/AppData/Local/Arm/Packs/Keil/STM32F1xx_DFP/2.4.1/Device/Include\stm32f10x.h(19): warning: invalid UTF-8 in comment [-Winvalid-utf8]
   19 |   *                code will be based on direct access to peripheral<92>s registers 
      |                                                                     ^
C:/Users/ASUS/AppData/Local/Arm/Packs/Keil/STM32F1xx_DFP/2.4.1/Device/Include\stm32f10x.h(26): warning: invalid UTF-8 in comment [-Winvalid-utf8]
   26 |   *           - Macros to access peripheral<92>s registers hardware
      |                                            ^
3 warnings generated.
compiling main.c...
adc.c(1): warning: In file included from...
./adc.h(1): warning: In file included from...
C:/Users/ASUS/AppData/Local/Arm/Packs/Keil/STM32F1xx_DFP/2.4.1/Device/Include\stm32f10x.h(18): warning: invalid UTF-8 in comment [-Winvalid-utf8]
   18 |   *              - To use or not the peripheral<92>s drivers in application code(i.e. 
      |                                                ^
C:/Users/ASUS/AppData/Local/Arm/Packs/Keil/STM32F1xx_DFP/2.4.1/Device/Include\stm32f10x.h(19): warning: invalid UTF-8 in comment [-Winvalid-utf8]
   19 |   *                code will be based on direct access to peripheral<92>s registers 
      |                                                                     ^
C:/Users/ASUS/AppData/Local/Arm/Packs/Keil/STM32F1xx_DFP/2.4.1/Device/Include\stm32f10x.h(26): warning: invalid UTF-8 in comment [-Winvalid-utf8]
   26 |   *           - Macros to access peripheral<92>s registers hardware
      |                                            ^
adc.c(13): warning: implicit conversion loses integer precision: 'short' to 'char' [-Wimplicit-int-conversion]
   13 |                         channel = pin;
      |                                 ~ ^~~
adc.c(21): warning: implicit conversion loses integer precision: 'int' to 'char' [-Wimplicit-int-conversion]
   21 |                 channel = 8 + pin;
      |                         ~ ~~^~~~~
adc.c(29): warning: implicit conversion loses integer precision: 'int' to 'char' [-Wimplicit-int-conversion]
   29 |                 channel = 10 + pin;
      |                         ~ ~~~^~~~~
adc.c(34): warning: implicit conversion changes signedness: 'short' to 'unsigned short' [-Wsign-conversion]
   34 |                 init_GP(port,pin,IN,I_AN);
      |                 ~~~~~~~      ^~~
adc.c(34): warning: implicit conversion changes signedness: 'short' to 'unsigned short' [-Wsign-conversion]
   34 |                 init_GP(port,pin,IN,I_AN);
      |                 ~~~~~~~ ^~~~
adc.c(39): warning: variable 'channel' may be uninitialized when used here [-Wconditional-uninitialized]
   39 |                         ADC1->SQR3 = channel;
      |                                      ^~~~~~~
adc.c(6): note: initialize the variable 'channel' to silence this warning
    6 |         char channel;
      |                     ^
      |                      = '\0'
adc.c(89): warning: implicit conversion changes signedness: 'volatile uint32_t' (aka 'volatile unsigned int') to 'int' [-Wsign-conversion]
   89 |                 data = ADC1->DR;
      |                      ~ ~~~~~~^~
adc.c(93): warning: implicit conversion changes signedness: 'volatile uint32_t' (aka 'volatile unsigned int') to 'int' [-Wsign-conversion]
   93 |                 data = ADC2->DR;
      |                      ~ ~~~~~~^~
adc.c(110): warning: implicit conversion changes signedness: 'short' to 'uint32_t' (aka 'unsigned int') [-Wsign-conversion]
  110 |                 ADC1->HTR |= H_thread;
      |                           ~~ ^~~~~~~~
adc.c(111): warning: implicit conversion changes signedness: 'short' to 'uint32_t' (aka 'unsigned int') [-Wsign-conversion]
  111 |                 ADC1->LTR |= L_thread;
      |                           ~~ ^~~~~~~~
adc.c(117): warning: implicit conversion changes signedness: 'short' to 'uint32_t' (aka 'unsigned int') [-Wsign-conversion]
  117 |                 ADC2->HTR |= H_thread;
      |                           ~~ ^~~~~~~~
adc.c(118): warning: implicit conversion changes signedness: 'short' to 'uint32_t' (aka 'unsigned int') [-Wsign-conversion]
  118 |                 ADC2->LTR |= L_thread;
      |                           ~~ ^~~~~~~~
adc.c(130): warning: array subscript is of type 'char' [-Wchar-subscripts]
  130 |                 if(channel_arr[i] < 8)
      |                               ^~
adc.c(132): warning: array subscript is of type 'char' [-Wchar-subscripts]
  132 |                         init_GP(PA,channel_arr[i],IN, I_AN);
      |                                               ^~
adc.c(134): warning: array subscript is of type 'char' [-Wchar-subscripts]
  134 |                 else if(channel_arr[i] < 10)
      |                                    ^~
adc.c(136): warning: array subscript is of type 'char' [-Wchar-subscripts]
  136 |                         init_GP(PB, channel_arr[i] - 8, IN, I_AN);
      |                                                ^~
adc.c(138): warning: array subscript is of type 'char' [-Wchar-subscripts]
  138 |                 else if(channel_arr[i] < 16)
      |                                    ^~
adc.c(140): warning: array subscript is of type 'char' [-Wchar-subscripts]
  140 |                         init_GP(PC, channel_arr[i] - 10, IN, I_AN);
      |                                                ^~
adc.c(176): warning: array subscript is of type 'char' [-Wchar-subscripts]
  176 |                                 analog_rx[i] = ADC1->DR;
      |                                          ^~
adc.c(176): warning: implicit conversion changes signedness: 'volatile uint32_t' (aka 'volatile unsigned int') to 'int' [-Wsign-conversion]
  176 |                                 analog_rx[i] = ADC1->DR;
      |                                              ~ ~~~~~~^~
adc.c(186): warning: array subscript is of type 'char' [-Wchar-subscripts]
  186 |                                 ADC1->SQR1 = channel_arr[i];
      |                                                         ^~
adc.c(196): warning: array subscript is of type 'char' [-Wchar-subscripts]
  196 |                                 analog_rx[i] = ADC2->DR;
      |                                          ^~
adc.c(196): warning: implicit conversion changes signedness: 'volatile uint32_t' (aka 'volatile unsigned int') to 'int' [-Wsign-conversion]
  196 |                                 analog_rx[i] = ADC2->DR;
      |                                              ~ ~~~~~~^~
adc.c(206): warning: array subscript is of type 'char' [-Wchar-subscripts]
  206 |                                 ADC2->SQR1 = channel_arr[i];
      |                                                         ^~
adc.c(130): warning: unsafe buffer access [-Wunsafe-buffer-usage]
  130 |                 if(channel_arr[i] < 8)
      |                    ^~~~~~~~~~~
adc.c(132): warning: unsafe buffer access [-Wunsafe-buffer-usage]
  132 |                         init_GP(PA,channel_arr[i],IN, I_AN);
      |                                    ^~~~~~~~~~~
adc.c(134): warning: unsafe buffer access [-Wunsafe-buffer-usage]
  134 |                 else if(channel_arr[i] < 10)
      |                         ^~~~~~~~~~~
adc.c(136): warning: unsafe buffer access [-Wunsafe-buffer-usage]
  136 |                         init_GP(PB, channel_arr[i] - 8, IN, I_AN);
      |                                     ^~~~~~~~~~~
adc.c(138): warning: unsafe buffer access [-Wunsafe-buffer-usage]
  138 |                 else if(channel_arr[i] < 16)
      |                         ^~~~~~~~~~~
adc.c(140): warning: unsafe buffer access [-Wunsafe-buffer-usage]
  140 |                         init_GP(PC, channel_arr[i] - 10, IN, I_AN);
      |                                     ^~~~~~~~~~~
adc.c(176): warning: unsafe buffer access [-Wunsafe-buffer-usage]
  176 |                                 analog_rx[i] = ADC1->DR;
      |                                 ^~~~~~~~~
adc.c(186): warning: unsafe buffer access [-Wunsafe-buffer-usage]
  186 |                                 ADC1->SQR1 = channel_arr[i];
      |                                              ^~~~~~~~~~~
adc.c(196): warning: unsafe buffer access [-Wunsafe-buffer-usage]
  196 |                                 analog_rx[i] = ADC2->DR;
      |                                 ^~~~~~~~~
adc.c(206): warning: unsafe buffer access [-Wunsafe-buffer-usage]
  206 |                                 ADC2->SQR1 = channel_arr[i];
      |                                              ^~~~~~~~~~~
37 warnings generated.
compiling adc.c...
linking...
Program Size: Code=1724 RO-data=252 RW-data=0 ZI-data=1640  
".\Objects\070__STM32F1_Analog_to_Digital_Converter_ADC_setup_and_result_ visualization.axf" - 0 Error(s), 40 Warning(s).

<h2>Software Packages used:</h2>

Package Vendor: ARM
                http://www.keil.com/pack/ARM.CMSIS.5.9.0.pack
                ARM::CMSIS@5.9.0
                CMSIS (Common Microcontroller Software Interface Standard)
   * Component: CORE Version: 5.6.0

Package Vendor: Keil
                https://www.keil.com/pack/Keil.STM32F1xx_DFP.2.4.1.pack
                Keil::STM32F1xx_DFP@2.4.1
                STMicroelectronics STM32F1 Series Device Support, Drivers and Examples
   * Component: Startup Version: 1.0.0

<h2>Collection of Component include folders:</h2>
  ./RTE/Device/STM32F103C8
  ./RTE/_Target_1
  C:/Users/ASUS/AppData/Local/Arm/Packs/ARM/CMSIS/5.9.0/CMSIS/Core/Include
  C:/Users/ASUS/AppData/Local/Arm/Packs/Keil/STM32F1xx_DFP/2.4.1/Device/Include

<h2>Collection of Component Files used:</h2>

   * Component: ARM::CMSIS:CORE@5.6.0

   * Component: Keil::Device:Startup@1.0.0
      Source file:   Device/Source/ARM/startup_stm32f10x_md.s
      Source file:   Device/Source/system_stm32f10x.c
      Include file:  RTE_Driver/Config/RTE_Device.h
      Source file:   Device/Source/ARM/STM32F1xx_OPT.s
Build Time Elapsed:  00:00:01
</pre>
</body>
</html>
