<html>
<body>
<pre>
<h1>µVision Build Log</h1>
<h2>Tool Versions:</h2>
IDE-Version: µVision V5.39.0.0
Copyright (C) 2023 ARM Ltd and ARM Germany GmbH. All rights reserved.
License Information: thuy ASUS, non, LIC=----
 
Tool Versions:
Toolchain:       MDK-Lite  Version: 5.39.0.0
Toolchain Path:  C:\Keil_v5\ARM\ARMCLANG\Bin
C Compiler:      ArmClang.exe V6.21
Assembler:       Armasm.exe V6.21
Linker/Locator:  ArmLink.exe V6.21
Library Manager: ArmAr.exe V6.21
Hex Converter:   FromElf.exe V6.21
CPU DLL:         SARMCM3.DLL V5.39.0.0
Dialog DLL:      DARMSTM.DLL V1.69.1.0
Target DLL:      STLink\ST-LINKIII-KEIL_SWO.dll V3.2.0.0
Dialog DLL:      TCM.DLL V1.56.4.0
 
<h2>Project:</h2>
E:\2.Embedded\1.microtroller\3.stm32fx\reg\stm32f10x\3.UART_USART\036__STM32F1_USART_ESP01_library_from_scratch_ESP8266_AT_Command_&_browser_communication\part_1\part_1.uvprojx
Project File Date:  01/30/2024

<h2>Output:</h2>
*** Using Compiler 'V6.21', folder: 'C:\Keil_v5\ARM\ARMCLANG\Bin'
Build target 'Target 1'
esp01_lib.c(6): warning: unused parameter 'UART2_msg' [-Wunused-parameter]
    6 | void esp_init(char UART3_msg[],unsigned short uart_3_mgr[],char UART2_msg[],unsigned short uart_2_mgr[])
      |                                                                 ^
esp01_lib.c(6): warning: unused parameter 'uart_2_mgr' [-Wunused-parameter]
    6 | void esp_init(char UART3_msg[],unsigned short uart_3_mgr[],char UART2_msg[],unsigned short uart_2_mgr[])
      |                                                                                            ^
esp01_lib.c(173): warning: implicit conversion changes signedness: 'short' to 'unsigned short' [-Wsign-conversion]
  173 |         if(esp_core_cmd(cmd,check_str,int_time,show,ESP_STR,ESP_mgr))
      |            ~~~~~~~~~~~~                        ^~~~
esp01_lib.c(173): warning: implicit conversion changes signedness: 'unsigned short' to 'short' [-Wsign-conversion]
  173 |         if(esp_core_cmd(cmd,check_str,int_time,show,ESP_STR,ESP_mgr))
      |            ~~~~~~~~~~~~               ^~~~~~~~
esp01_lib.c(52): warning: unsafe buffer access [-Wunsafe-buffer-usage]
   52 |                         uart_2_mgr[1] = 0;
      |                         ^~~~~~~~~~
esp01_lib.c(71): warning: unsafe buffer access [-Wunsafe-buffer-usage]
   71 |                         uart_2_mgr[1] = 0;
      |                         ^~~~~~~~~~
esp01_lib.c(96): warning: unsafe buffer access [-Wunsafe-buffer-usage]
   96 |                 uart_2_mgr[1] = 0;
      |                 ^~~~~~~~~~
esp01_lib.c(120): warning: unsafe buffer access [-Wunsafe-buffer-usage]
  120 |                 if(uart_2_mgr[1] == 1)
      |                    ^~~~~~~~~~
esp01_lib.c(130): warning: unsafe buffer access [-Wunsafe-buffer-usage]
  130 |                                 uart_2_mgr[1] = 0;
      |                                 ^~~~~~~~~~
esp01_lib.c(136): warning: unsafe buffer access [-Wunsafe-buffer-usage]
  136 |                 if(uart_3_mgr[1] == 1)
      |                    ^~~~~~~~~~
esp01_lib.c(139): warning: unsafe buffer access [-Wunsafe-buffer-usage]
  139 |                         uart_3_mgr[1] = 0;
      |                         ^~~~~~~~~~
esp01_lib.c(140): warning: unsafe buffer access [-Wunsafe-buffer-usage]
  140 |                         uart_3_mgr[5] = 10;
      |                         ^~~~~~~~~~
esp01_lib.c(154): warning: unsafe buffer access [-Wunsafe-buffer-usage]
  154 |                 ESP_mgr[5] = int_time;
      |                 ^~~~~~~
13 warnings generated.
compiling esp01_lib.c...
linking...
Program Size: Code=5572 RO-data=1212 RW-data=44 ZI-data=1832  
".\Objects\part_1.axf" - 0 Error(s), 13 Warning(s).

<h2>Software Packages used:</h2>

Package Vendor: ARM
                http://www.keil.com/pack/ARM.CMSIS.5.9.0.pack
                ARM::CMSIS@5.9.0
                CMSIS (Common Microcontroller Software Interface Standard)
   * Component: CORE Version: 5.6.0

Package Vendor: Keil
                https://www.keil.com/pack/Keil.STM32F1xx_DFP.2.4.1.pack
                Keil::STM32F1xx_DFP@2.4.1
                STMicroelectronics STM32F1 Series Device Support, Drivers and Examples
   * Component: Startup Version: 1.0.0

<h2>Collection of Component include folders:</h2>
  ./RTE/Device/STM32F103C8
  ./RTE/_Target_1
  C:/Users/ASUS/AppData/Local/Arm/Packs/ARM/CMSIS/5.9.0/CMSIS/Core/Include
  C:/Users/ASUS/AppData/Local/Arm/Packs/Keil/STM32F1xx_DFP/2.4.1/Device/Include

<h2>Collection of Component Files used:</h2>

   * Component: ARM::CMSIS:CORE@5.6.0

   * Component: Keil::Device:Startup@1.0.0
      Source file:   Device/Source/ARM/startup_stm32f10x_md.s
      Include file:  RTE_Driver/Config/RTE_Device.h
      Source file:   Device/Source/system_stm32f10x.c
      Source file:   Device/Source/ARM/STM32F1xx_OPT.s
Build Time Elapsed:  00:00:01
</pre>
</body>
</html>
