Component: Arm Compiler for Embedded 6.21 Tool: armlink [5ec1fa00]

==============================================================================

Section Cross References

    main.o(.text.main) refers to main.o(.text.HSI_Mesurement) for HSI_Mesurement
    main.o(.text.main) refers to stm32f407xx_gpio_driver.o(.text.GPIO_Init) for GPIO_Init
    main.o(.ARM.exidx.text.main) refers to main.o(.text.main) for [Anonymous Symbol]
    main.o(.ARM.exidx.text.HSI_Mesurement) refers to main.o(.text.HSI_Mesurement) for [Anonymous Symbol]
    main.o(.ARM.exidx.text.HSE_Mesurement) refers to main.o(.text.HSE_Mesurement) for [Anonymous Symbol]
    main.o(.ARM.exidx.text.GPIOA_PA8_AF_configure) refers to main.o(.text.GPIOA_PA8_AF_configure) for [Anonymous Symbol]
    cortexmx.o(.ARM.exidx.text.Switch_SpToPSP) refers to cortexmx.o(.text.Switch_SpToPSP) for [Anonymous Symbol]
    cortexmx_nvic.o(.ARM.exidx.text.NVIC_IRQConfig) refers to cortexmx_nvic.o(.text.NVIC_IRQConfig) for [Anonymous Symbol]
    cortexmx_nvic.o(.ARM.exidx.text.NVIC_IRQPriorityConfig) refers to cortexmx_nvic.o(.text.NVIC_IRQPriorityConfig) for [Anonymous Symbol]
    cortexmx_nvic.o(.ARM.exidx.text.NVIC_IRQGetPriority) refers to cortexmx_nvic.o(.text.NVIC_IRQGetPriority) for [Anonymous Symbol]
    cortexmx_systick_timer.o(.text.SysTick_Init) refers to cortexmx_systick_timer.o(.bss.pSTK) for pSTK
    cortexmx_systick_timer.o(.text.SysTick_Init) refers to cortexmx_systick_timer.o(.data.CoreClock) for CoreClock
    cortexmx_systick_timer.o(.text.SysTick_Init) refers to cortexmx_systick_timer.o(.text.SysTick_LoadValue) for SysTick_LoadValue
    cortexmx_systick_timer.o(.ARM.exidx.text.SysTick_Init) refers to cortexmx_systick_timer.o(.text.SysTick_Init) for [Anonymous Symbol]
    cortexmx_systick_timer.o(.text.SysTick_LoadValue) refers to cortexmx_systick_timer.o(.bss.pSTK) for pSTK
    cortexmx_systick_timer.o(.ARM.exidx.text.SysTick_LoadValue) refers to cortexmx_systick_timer.o(.text.SysTick_LoadValue) for [Anonymous Symbol]
    cortexmx_systick_timer.o(.text.SysTick_DeInit) refers to cortexmx_systick_timer.o(.bss.pSTK) for pSTK
    cortexmx_systick_timer.o(.ARM.exidx.text.SysTick_DeInit) refers to cortexmx_systick_timer.o(.text.SysTick_DeInit) for [Anonymous Symbol]
    cortexmx_systick_timer.o(.text.SysTick_StartCount) refers to cortexmx_systick_timer.o(.bss.pSTK) for pSTK
    cortexmx_systick_timer.o(.ARM.exidx.text.SysTick_StartCount) refers to cortexmx_systick_timer.o(.text.SysTick_StartCount) for [Anonymous Symbol]
    cortexmx_systick_timer.o(.text.SysTick_Delayms) refers to cortexmx_systick_timer.o(.text.Delayms) for Delayms
    cortexmx_systick_timer.o(.ARM.exidx.text.SysTick_Delayms) refers to cortexmx_systick_timer.o(.text.SysTick_Delayms) for [Anonymous Symbol]
    cortexmx_systick_timer.o(.text.Delayms) refers to cortexmx_systick_timer.o(.data.CoreClock) for CoreClock
    cortexmx_systick_timer.o(.text.Delayms) refers to cortexmx_systick_timer.o(.text.SysTick_LoadValue) for SysTick_LoadValue
    cortexmx_systick_timer.o(.text.Delayms) refers to cortexmx_systick_timer.o(.text.SysTick_StartCount) for SysTick_StartCount
    cortexmx_systick_timer.o(.text.Delayms) refers to cortexmx_systick_timer.o(.bss.pSTK) for pSTK
    cortexmx_systick_timer.o(.ARM.exidx.text.Delayms) refers to cortexmx_systick_timer.o(.text.Delayms) for [Anonymous Symbol]
    cortexmx_systick_timer.o(.text.SysTick_Delayus) refers to cortexmx_systick_timer.o(.text.Delayus) for Delayus
    cortexmx_systick_timer.o(.ARM.exidx.text.SysTick_Delayus) refers to cortexmx_systick_timer.o(.text.SysTick_Delayus) for [Anonymous Symbol]
    cortexmx_systick_timer.o(.text.Delayus) refers to cortexmx_systick_timer.o(.data.CoreClock) for CoreClock
    cortexmx_systick_timer.o(.text.Delayus) refers to cortexmx_systick_timer.o(.text.SysTick_LoadValue) for SysTick_LoadValue
    cortexmx_systick_timer.o(.text.Delayus) refers to cortexmx_systick_timer.o(.text.SysTick_StartCount) for SysTick_StartCount
    cortexmx_systick_timer.o(.text.Delayus) refers to cortexmx_systick_timer.o(.bss.pSTK) for pSTK
    cortexmx_systick_timer.o(.ARM.exidx.text.Delayus) refers to cortexmx_systick_timer.o(.text.Delayus) for [Anonymous Symbol]
    stm32f407xx_gpio_driver.o(.ARM.exidx.text.GPIO_PeriClockControl) refers to stm32f407xx_gpio_driver.o(.text.GPIO_PeriClockControl) for [Anonymous Symbol]
    stm32f407xx_gpio_driver.o(.text.GPIO_Init) refers to stm32f407xx_gpio_driver.o(.text.GPIO_PeriClockControl) for GPIO_PeriClockControl
    stm32f407xx_gpio_driver.o(.ARM.exidx.text.GPIO_Init) refers to stm32f407xx_gpio_driver.o(.text.GPIO_Init) for [Anonymous Symbol]
    stm32f407xx_gpio_driver.o(.text.GPIO_DeInit) refers to stm32f407xx_gpio_driver.o(.text.GPIO_PeriClockControl) for GPIO_PeriClockControl
    stm32f407xx_gpio_driver.o(.ARM.exidx.text.GPIO_DeInit) refers to stm32f407xx_gpio_driver.o(.text.GPIO_DeInit) for [Anonymous Symbol]
    stm32f407xx_gpio_driver.o(.ARM.exidx.text.GPIO_ReadFromInputPin) refers to stm32f407xx_gpio_driver.o(.text.GPIO_ReadFromInputPin) for [Anonymous Symbol]
    stm32f407xx_gpio_driver.o(.ARM.exidx.text.GPIO_ReadFromInputPort) refers to stm32f407xx_gpio_driver.o(.text.GPIO_ReadFromInputPort) for [Anonymous Symbol]
    stm32f407xx_gpio_driver.o(.ARM.exidx.text.GPIO_WriteToOutputPin) refers to stm32f407xx_gpio_driver.o(.text.GPIO_WriteToOutputPin) for [Anonymous Symbol]
    stm32f407xx_gpio_driver.o(.ARM.exidx.text.GPIO_WriteToOutputPort) refers to stm32f407xx_gpio_driver.o(.text.GPIO_WriteToOutputPort) for [Anonymous Symbol]
    stm32f407xx_gpio_driver.o(.ARM.exidx.text.GPIO_ToggleOutputPin) refers to stm32f407xx_gpio_driver.o(.text.GPIO_ToggleOutputPin) for [Anonymous Symbol]
    stm32f407xx_gpio_driver.o(.text.GPIO_IRQInterruptConfig) refers to cortexmx_nvic.o(.text.NVIC_IRQConfig) for NVIC_IRQConfig
    stm32f407xx_gpio_driver.o(.text.GPIO_IRQInterruptConfig) refers to cortexmx_nvic.o(.text.NVIC_IRQPriorityConfig) for NVIC_IRQPriorityConfig
    stm32f407xx_gpio_driver.o(.ARM.exidx.text.GPIO_IRQInterruptConfig) refers to stm32f407xx_gpio_driver.o(.text.GPIO_IRQInterruptConfig) for [Anonymous Symbol]
    stm32f407xx_gpio_driver.o(.ARM.exidx.text.GPIO_IRQHandling) refers to stm32f407xx_gpio_driver.o(.text.GPIO_IRQHandling) for [Anonymous Symbol]
    stm32f407xx_spi_driver.o(.ARM.exidx.text.SPI_PeriClockControl) refers to stm32f407xx_spi_driver.o(.text.SPI_PeriClockControl) for [Anonymous Symbol]
    stm32f407xx_spi_driver.o(.text.SPI_Init) refers to stm32f407xx_spi_driver.o(.text.SPI_PeriClockControl) for SPI_PeriClockControl
    stm32f407xx_spi_driver.o(.ARM.exidx.text.SPI_Init) refers to stm32f407xx_spi_driver.o(.text.SPI_Init) for [Anonymous Symbol]
    stm32f407xx_spi_driver.o(.ARM.exidx.text.SPI_DeInit) refers to stm32f407xx_spi_driver.o(.text.SPI_DeInit) for [Anonymous Symbol]
    stm32f407xx_spi_driver.o(.text.SPI_SendData) refers to stm32f407xx_spi_driver.o(.text.SPI_GetFlagStatus) for SPI_GetFlagStatus
    stm32f407xx_spi_driver.o(.ARM.exidx.text.SPI_SendData) refers to stm32f407xx_spi_driver.o(.text.SPI_SendData) for [Anonymous Symbol]
    stm32f407xx_spi_driver.o(.ARM.exidx.text.SPI_GetFlagStatus) refers to stm32f407xx_spi_driver.o(.text.SPI_GetFlagStatus) for [Anonymous Symbol]
    stm32f407xx_spi_driver.o(.ARM.exidx.text.SPI_SendDataIT) refers to stm32f407xx_spi_driver.o(.text.SPI_SendDataIT) for [Anonymous Symbol]
    stm32f407xx_spi_driver.o(.text.SPI_ReceiveData) refers to stm32f407xx_spi_driver.o(.text.SPI_GetFlagStatus) for SPI_GetFlagStatus
    stm32f407xx_spi_driver.o(.ARM.exidx.text.SPI_ReceiveData) refers to stm32f407xx_spi_driver.o(.text.SPI_ReceiveData) for [Anonymous Symbol]
    stm32f407xx_spi_driver.o(.ARM.exidx.text.SPI_ReceiveDataIT) refers to stm32f407xx_spi_driver.o(.text.SPI_ReceiveDataIT) for [Anonymous Symbol]
    stm32f407xx_spi_driver.o(.text.SPI_IRQInterruptConfig) refers to cortexmx_nvic.o(.text.NVIC_IRQConfig) for NVIC_IRQConfig
    stm32f407xx_spi_driver.o(.text.SPI_IRQInterruptConfig) refers to cortexmx_nvic.o(.text.NVIC_IRQPriorityConfig) for NVIC_IRQPriorityConfig
    stm32f407xx_spi_driver.o(.ARM.exidx.text.SPI_IRQInterruptConfig) refers to stm32f407xx_spi_driver.o(.text.SPI_IRQInterruptConfig) for [Anonymous Symbol]
    stm32f407xx_spi_driver.o(.text.SPI_IRQHandling) refers to stm32f407xx_spi_driver.o(.text.spi_txe_interrupt_handle) for spi_txe_interrupt_handle
    stm32f407xx_spi_driver.o(.text.SPI_IRQHandling) refers to stm32f407xx_spi_driver.o(.text.spi_rxe_interrupt_handle) for spi_rxe_interrupt_handle
    stm32f407xx_spi_driver.o(.text.SPI_IRQHandling) refers to stm32f407xx_spi_driver.o(.text.spi_ovr_interrupt_handle) for spi_ovr_interrupt_handle
    stm32f407xx_spi_driver.o(.ARM.exidx.text.SPI_IRQHandling) refers to stm32f407xx_spi_driver.o(.text.SPI_IRQHandling) for [Anonymous Symbol]
    stm32f407xx_spi_driver.o(.text.spi_txe_interrupt_handle) refers to stm32f407xx_spi_driver.o(.text.SPI_CloseTransmisson) for SPI_CloseTransmisson
    stm32f407xx_spi_driver.o(.text.spi_txe_interrupt_handle) refers to stm32f407xx_spi_driver.o(.text.SPI_ApplicationEventCallback) for SPI_ApplicationEventCallback
    stm32f407xx_spi_driver.o(.ARM.exidx.text.spi_txe_interrupt_handle) refers to stm32f407xx_spi_driver.o(.text.spi_txe_interrupt_handle) for [Anonymous Symbol]
    stm32f407xx_spi_driver.o(.text.spi_rxe_interrupt_handle) refers to stm32f407xx_spi_driver.o(.text.SPI_CloseReceiption) for SPI_CloseReceiption
    stm32f407xx_spi_driver.o(.text.spi_rxe_interrupt_handle) refers to stm32f407xx_spi_driver.o(.text.SPI_ApplicationEventCallback) for SPI_ApplicationEventCallback
    stm32f407xx_spi_driver.o(.ARM.exidx.text.spi_rxe_interrupt_handle) refers to stm32f407xx_spi_driver.o(.text.spi_rxe_interrupt_handle) for [Anonymous Symbol]
    stm32f407xx_spi_driver.o(.text.spi_ovr_interrupt_handle) refers to stm32f407xx_spi_driver.o(.text.SPI_ClearOVRFlag) for SPI_ClearOVRFlag
    stm32f407xx_spi_driver.o(.text.spi_ovr_interrupt_handle) refers to stm32f407xx_spi_driver.o(.text.SPI_ApplicationEventCallback) for SPI_ApplicationEventCallback
    stm32f407xx_spi_driver.o(.ARM.exidx.text.spi_ovr_interrupt_handle) refers to stm32f407xx_spi_driver.o(.text.spi_ovr_interrupt_handle) for [Anonymous Symbol]
    stm32f407xx_spi_driver.o(.text.SPI_Start) refers to stm32f407xx_spi_driver.o(.text.SPI_PeriControl) for SPI_PeriControl
    stm32f407xx_spi_driver.o(.ARM.exidx.text.SPI_Start) refers to stm32f407xx_spi_driver.o(.text.SPI_Start) for [Anonymous Symbol]
    stm32f407xx_spi_driver.o(.ARM.exidx.text.SPI_PeriControl) refers to stm32f407xx_spi_driver.o(.text.SPI_PeriControl) for [Anonymous Symbol]
    stm32f407xx_spi_driver.o(.text.SPI_Stop) refers to stm32f407xx_spi_driver.o(.text.SPI_PeriControl) for SPI_PeriControl
    stm32f407xx_spi_driver.o(.ARM.exidx.text.SPI_Stop) refers to stm32f407xx_spi_driver.o(.text.SPI_Stop) for [Anonymous Symbol]
    stm32f407xx_spi_driver.o(.ARM.exidx.text.SPI_SSIConfig) refers to stm32f407xx_spi_driver.o(.text.SPI_SSIConfig) for [Anonymous Symbol]
    stm32f407xx_spi_driver.o(.ARM.exidx.text.SPI_ClearOVRFlag) refers to stm32f407xx_spi_driver.o(.text.SPI_ClearOVRFlag) for [Anonymous Symbol]
    stm32f407xx_spi_driver.o(.ARM.exidx.text.SPI_CloseTransmisson) refers to stm32f407xx_spi_driver.o(.text.SPI_CloseTransmisson) for [Anonymous Symbol]
    stm32f407xx_spi_driver.o(.ARM.exidx.text.SPI_CloseReceiption) refers to stm32f407xx_spi_driver.o(.text.SPI_CloseReceiption) for [Anonymous Symbol]
    stm32f407xx_spi_driver.o(.ARM.exidx.text.SPI_ApplicationEventCallback) refers to stm32f407xx_spi_driver.o(.text.SPI_ApplicationEventCallback) for [Anonymous Symbol]
    stm32f407xx_uart_driver.o(.ARM.exidx.text.USART_PeriClockControl) refers to stm32f407xx_uart_driver.o(.text.USART_PeriClockControl) for [Anonymous Symbol]
    stm32f407xx_uart_driver.o(.text.USART_Init) refers to stm32f407xx_uart_driver.o(.text.USART_PeriClockControl) for USART_PeriClockControl
    stm32f407xx_uart_driver.o(.ARM.exidx.text.USART_Init) refers to stm32f407xx_uart_driver.o(.text.USART_Init) for [Anonymous Symbol]
    stm32f407xx_uart_driver.o(.ARM.exidx.text.USART_DeInit) refers to stm32f407xx_uart_driver.o(.text.USART_DeInit) for [Anonymous Symbol]
    stm32f407xx_uart_driver.o(.ARM.exidx.text.USART_GetFlagStatus) refers to stm32f407xx_uart_driver.o(.text.USART_GetFlagStatus) for [Anonymous Symbol]
    stm32f407xx_uart_driver.o(.ARM.exidx.text.USART_PeripheralControl) refers to stm32f407xx_uart_driver.o(.text.USART_PeripheralControl) for [Anonymous Symbol]
    stm32f407xx_uart_driver.o(.text.USART_Start) refers to stm32f407xx_uart_driver.o(.text.USART_PeripheralControl) for USART_PeripheralControl
    stm32f407xx_uart_driver.o(.ARM.exidx.text.USART_Start) refers to stm32f407xx_uart_driver.o(.text.USART_Start) for [Anonymous Symbol]
    stm32f407xx_uart_driver.o(.ARM.exidx.text.USART_ClearFlag) refers to stm32f407xx_uart_driver.o(.text.USART_ClearFlag) for [Anonymous Symbol]
    stm32f407xx_uart_driver.o(.text.USART_SendData) refers to stm32f407xx_uart_driver.o(.text.USART_GetFlagStatus) for USART_GetFlagStatus
    stm32f407xx_uart_driver.o(.ARM.exidx.text.USART_SendData) refers to stm32f407xx_uart_driver.o(.text.USART_SendData) for [Anonymous Symbol]
    stm32f407xx_uart_driver.o(.text.USART_ReceiveData) refers to stm32f407xx_uart_driver.o(.text.USART_GetFlagStatus) for USART_GetFlagStatus
    stm32f407xx_uart_driver.o(.ARM.exidx.text.USART_ReceiveData) refers to stm32f407xx_uart_driver.o(.text.USART_ReceiveData) for [Anonymous Symbol]
    stm32f407xx_uart_driver.o(.ARM.exidx.text.USART_SendDataIT) refers to stm32f407xx_uart_driver.o(.text.USART_SendDataIT) for [Anonymous Symbol]
    stm32f407xx_uart_driver.o(.ARM.exidx.text.USART_ReceiveDataIT) refers to stm32f407xx_uart_driver.o(.text.USART_ReceiveDataIT) for [Anonymous Symbol]
    startup_stm32f407xx.o(STACK) refers (Special) to heapauxi.o(.text) for __use_two_region_memory
    startup_stm32f407xx.o(HEAP) refers (Special) to heapauxi.o(.text) for __use_two_region_memory
    startup_stm32f407xx.o(RESET) refers (Special) to heapauxi.o(.text) for __use_two_region_memory
    startup_stm32f407xx.o(RESET) refers to startup_stm32f407xx.o(STACK) for __initial_sp
    startup_stm32f407xx.o(RESET) refers to startup_stm32f407xx.o(.text) for Reset_Handler
    startup_stm32f407xx.o(.text) refers (Special) to heapauxi.o(.text) for __use_two_region_memory
    startup_stm32f407xx.o(.text) refers to system_stm32f4xx.o(.text.SystemInit) for SystemInit
    startup_stm32f407xx.o(.text) refers to __main.o(!!!main) for __main
    startup_stm32f407xx.o(.text) refers to startup_stm32f407xx.o(HEAP) for Heap_Mem
    startup_stm32f407xx.o(.text) refers to startup_stm32f407xx.o(STACK) for Stack_Mem
    system_stm32f4xx.o(.ARM.exidx.text.SystemInit) refers to system_stm32f4xx.o(.text.SystemInit) for [Anonymous Symbol]
    system_stm32f4xx.o(.text.SystemCoreClockUpdate) refers to system_stm32f4xx.o(.data.SystemCoreClock) for SystemCoreClock
    system_stm32f4xx.o(.text.SystemCoreClockUpdate) refers to system_stm32f4xx.o(.rodata.AHBPrescTable) for AHBPrescTable
    system_stm32f4xx.o(.ARM.exidx.text.SystemCoreClockUpdate) refers to system_stm32f4xx.o(.text.SystemCoreClockUpdate) for [Anonymous Symbol]
    __main.o(!!!main) refers to __rtentry.o(.ARM.Collect$$rtentry$$00000000) for __rt_entry
    __rtentry.o(.ARM.Collect$$rtentry$$00000000) refers (Special) to __rtentry2.o(.ARM.Collect$$rtentry$$0000000A) for __rt_entry_li
    __rtentry.o(.ARM.Collect$$rtentry$$00000000) refers (Special) to __rtentry2.o(.ARM.Collect$$rtentry$$0000000D) for __rt_entry_main
    __rtentry.o(.ARM.Collect$$rtentry$$00000000) refers (Special) to __rtentry2.o(.ARM.Collect$$rtentry$$0000000C) for __rt_entry_postli_1
    __rtentry.o(.ARM.Collect$$rtentry$$00000000) refers (Special) to __rtentry2.o(.ARM.Collect$$rtentry$$00000009) for __rt_entry_postsh_1
    __rtentry.o(.ARM.Collect$$rtentry$$00000000) refers (Special) to __rtentry2.o(.ARM.Collect$$rtentry$$00000002) for __rt_entry_presh_1
    __rtentry.o(.ARM.Collect$$rtentry$$00000000) refers (Special) to __rtentry4.o(.ARM.Collect$$rtentry$$00000004) for __rt_entry_sh
    __rtentry2.o(.ARM.Collect$$rtentry$$00000008) refers to boardinit2.o(.text) for _platform_post_stackheap_init
    __rtentry2.o(.ARM.Collect$$rtentry$$0000000A) refers to libinit.o(.ARM.Collect$$libinit$$00000000) for __rt_lib_init
    __rtentry2.o(.ARM.Collect$$rtentry$$0000000B) refers to boardinit3.o(.text) for _platform_post_lib_init
    __rtentry2.o(.ARM.Collect$$rtentry$$0000000D) refers to main.o(.text.main) for main
    __rtentry2.o(.ARM.Collect$$rtentry$$0000000D) refers to exit.o(.text) for exit
    __rtentry2.o(.ARM.exidx) refers to __rtentry2.o(.ARM.Collect$$rtentry$$00000001) for .ARM.Collect$$rtentry$$00000001
    __rtentry2.o(.ARM.exidx) refers to __rtentry2.o(.ARM.Collect$$rtentry$$00000008) for .ARM.Collect$$rtentry$$00000008
    __rtentry2.o(.ARM.exidx) refers to __rtentry2.o(.ARM.Collect$$rtentry$$0000000A) for .ARM.Collect$$rtentry$$0000000A
    __rtentry2.o(.ARM.exidx) refers to __rtentry2.o(.ARM.Collect$$rtentry$$0000000B) for .ARM.Collect$$rtentry$$0000000B
    __rtentry2.o(.ARM.exidx) refers to __rtentry2.o(.ARM.Collect$$rtentry$$0000000D) for .ARM.Collect$$rtentry$$0000000D
    __rtentry4.o(.ARM.Collect$$rtentry$$00000004) refers to sys_stackheap_outer.o(.text) for __user_setup_stackheap
    __rtentry4.o(.ARM.exidx) refers to __rtentry4.o(.ARM.Collect$$rtentry$$00000004) for .ARM.Collect$$rtentry$$00000004
    sys_stackheap_outer.o(.text) refers to libspace.o(.text) for __user_perproc_libspace
    sys_stackheap_outer.o(.text) refers to startup_stm32f407xx.o(.text) for __user_initial_stackheap
    exit.o(.text) refers to rtexit.o(.ARM.Collect$$rtexit$$00000000) for __rt_exit
    libinit.o(.ARM.Collect$$libinit$$00000000) refers (Special) to libinit2.o(.ARM.Collect$$libinit$$00000030) for __rt_lib_init_alloca_1
    libinit.o(.ARM.Collect$$libinit$$00000000) refers (Special) to libinit2.o(.ARM.Collect$$libinit$$0000002E) for __rt_lib_init_argv_1
    libinit.o(.ARM.Collect$$libinit$$00000000) refers (Special) to libinit2.o(.ARM.Collect$$libinit$$0000001D) for __rt_lib_init_atexit_1
    libinit.o(.ARM.Collect$$libinit$$00000000) refers (Special) to libinit2.o(.ARM.Collect$$libinit$$00000023) for __rt_lib_init_clock_1
    libinit.o(.ARM.Collect$$libinit$$00000000) refers (Special) to libinit2.o(.ARM.Collect$$libinit$$00000034) for __rt_lib_init_cpp_1
    libinit.o(.ARM.Collect$$libinit$$00000000) refers (Special) to libinit2.o(.ARM.Collect$$libinit$$00000032) for __rt_lib_init_exceptions_1
    libinit.o(.ARM.Collect$$libinit$$00000000) refers (Special) to libinit2.o(.ARM.Collect$$libinit$$00000001) for __rt_lib_init_fp_1
    libinit.o(.ARM.Collect$$libinit$$00000000) refers (Special) to libinit2.o(.ARM.Collect$$libinit$$00000021) for __rt_lib_init_fp_trap_1
    libinit.o(.ARM.Collect$$libinit$$00000000) refers (Special) to libinit2.o(.ARM.Collect$$libinit$$00000025) for __rt_lib_init_getenv_1
    libinit.o(.ARM.Collect$$libinit$$00000000) refers (Special) to libinit2.o(.ARM.Collect$$libinit$$0000000C) for __rt_lib_init_heap_1
    libinit.o(.ARM.Collect$$libinit$$00000000) refers (Special) to libinit2.o(.ARM.Collect$$libinit$$00000013) for __rt_lib_init_lc_collate_1
    libinit.o(.ARM.Collect$$libinit$$00000000) refers (Special) to libinit2.o(.ARM.Collect$$libinit$$00000015) for __rt_lib_init_lc_ctype_1
    libinit.o(.ARM.Collect$$libinit$$00000000) refers (Special) to libinit2.o(.ARM.Collect$$libinit$$00000017) for __rt_lib_init_lc_monetary_1
    libinit.o(.ARM.Collect$$libinit$$00000000) refers (Special) to libinit2.o(.ARM.Collect$$libinit$$00000019) for __rt_lib_init_lc_numeric_1
    libinit.o(.ARM.Collect$$libinit$$00000000) refers (Special) to libinit2.o(.ARM.Collect$$libinit$$0000001B) for __rt_lib_init_lc_time_1
    libinit.o(.ARM.Collect$$libinit$$00000000) refers (Special) to libinit2.o(.ARM.Collect$$libinit$$00000006) for __rt_lib_init_preinit_1
    libinit.o(.ARM.Collect$$libinit$$00000000) refers (Special) to libinit2.o(.ARM.Collect$$libinit$$00000010) for __rt_lib_init_rand_1
    libinit.o(.ARM.Collect$$libinit$$00000000) refers (Special) to libinit2.o(.ARM.Collect$$libinit$$00000004) for __rt_lib_init_relocate_pie_1
    libinit.o(.ARM.Collect$$libinit$$00000000) refers (Special) to libinit2.o(.ARM.Collect$$libinit$$00000035) for __rt_lib_init_return
    libinit.o(.ARM.Collect$$libinit$$00000000) refers (Special) to libinit2.o(.ARM.Collect$$libinit$$0000001F) for __rt_lib_init_signal_1
    libinit.o(.ARM.Collect$$libinit$$00000000) refers (Special) to libinit2.o(.ARM.Collect$$libinit$$00000027) for __rt_lib_init_stdio_1
    libinit.o(.ARM.Collect$$libinit$$00000000) refers (Special) to libinit2.o(.ARM.Collect$$libinit$$0000000E) for __rt_lib_init_user_alloc_1
    libspace.o(.text) refers to libspace.o(.bss) for __libspace_start
    rtexit.o(.ARM.Collect$$rtexit$$00000000) refers (Special) to rtexit2.o(.ARM.Collect$$rtexit$$00000004) for __rt_exit_exit
    rtexit.o(.ARM.Collect$$rtexit$$00000000) refers (Special) to rtexit2.o(.ARM.Collect$$rtexit$$00000003) for __rt_exit_ls
    rtexit.o(.ARM.Collect$$rtexit$$00000000) refers (Special) to rtexit2.o(.ARM.Collect$$rtexit$$00000002) for __rt_exit_prels_1
    rtexit.o(.ARM.exidx) refers (Special) to rtexit2.o(.ARM.Collect$$rtexit$$00000004) for __rt_exit_exit
    rtexit.o(.ARM.exidx) refers (Special) to rtexit2.o(.ARM.Collect$$rtexit$$00000003) for __rt_exit_ls
    rtexit.o(.ARM.exidx) refers (Special) to rtexit2.o(.ARM.Collect$$rtexit$$00000002) for __rt_exit_prels_1
    rtexit.o(.ARM.exidx) refers to rtexit.o(.ARM.Collect$$rtexit$$00000000) for .ARM.Collect$$rtexit$$00000000
    libinit2.o(.ARM.Collect$$libinit$$00000001) refers to fpinit.o(x$fpl$fpinit) for _fp_init
    libinit2.o(.ARM.Collect$$libinit$$00000012) refers to libinit2.o(.ARM.Collect$$libinit$$00000011) for .ARM.Collect$$libinit$$00000011
    libinit2.o(.ARM.Collect$$libinit$$00000014) refers to libinit2.o(.ARM.Collect$$libinit$$00000011) for .ARM.Collect$$libinit$$00000011
    libinit2.o(.ARM.Collect$$libinit$$00000016) refers to libinit2.o(.ARM.Collect$$libinit$$00000011) for .ARM.Collect$$libinit$$00000011
    libinit2.o(.ARM.Collect$$libinit$$00000018) refers to libinit2.o(.ARM.Collect$$libinit$$00000011) for .ARM.Collect$$libinit$$00000011
    libinit2.o(.ARM.Collect$$libinit$$0000001A) refers to libinit2.o(.ARM.Collect$$libinit$$00000011) for .ARM.Collect$$libinit$$00000011
    libinit2.o(.ARM.Collect$$libinit$$00000028) refers to argv_veneer.o(.emb_text) for __ARM_argv_veneer
    libinit2.o(.ARM.Collect$$libinit$$00000029) refers to argv_veneer.o(.emb_text) for __ARM_argv_veneer
    rtexit2.o(.ARM.Collect$$rtexit$$00000003) refers to libshutdown.o(.ARM.Collect$$libshutdown$$00000000) for __rt_lib_shutdown
    rtexit2.o(.ARM.Collect$$rtexit$$00000004) refers to sys_exit.o(.text) for _sys_exit
    rtexit2.o(.ARM.exidx) refers to rtexit2.o(.ARM.Collect$$rtexit$$00000001) for .ARM.Collect$$rtexit$$00000001
    rtexit2.o(.ARM.exidx) refers to rtexit2.o(.ARM.Collect$$rtexit$$00000003) for .ARM.Collect$$rtexit$$00000003
    rtexit2.o(.ARM.exidx) refers to rtexit2.o(.ARM.Collect$$rtexit$$00000004) for .ARM.Collect$$rtexit$$00000004
    argv_veneer.o(.emb_text) refers to no_argv.o(.text) for __ARM_get_argv
    sys_exit.o(.text) refers (Special) to use_no_semi.o(.text) for __I$use$semihosting
    sys_exit.o(.text) refers (Special) to indicate_semi.o(.text) for __semihosting_library_function
    sys_exit_hlt.o(.text) refers (Special) to use_no_semi.o(.text) for __I$use$semihosting
    sys_exit_hlt.o(.text) refers (Special) to indicate_semi.o(.text) for __semihosting_library_function
    _get_argv_nomalloc.o(.text) refers (Special) to hrguard.o(.text) for __heap_region$guard
    _get_argv_nomalloc.o(.text) refers to defsig_rtmem_outer.o(.text) for __rt_SIGRTMEM
    _get_argv_nomalloc.o(.text) refers to sys_command.o(.text) for _sys_command_string
    libshutdown.o(.ARM.Collect$$libshutdown$$00000000) refers (Special) to libshutdown2.o(.ARM.Collect$$libshutdown$$00000002) for __rt_lib_shutdown_cpp_1
    libshutdown.o(.ARM.Collect$$libshutdown$$00000000) refers (Special) to libshutdown2.o(.ARM.Collect$$libshutdown$$00000007) for __rt_lib_shutdown_fp_trap_1
    libshutdown.o(.ARM.Collect$$libshutdown$$00000000) refers (Special) to libshutdown2.o(.ARM.Collect$$libshutdown$$0000000F) for __rt_lib_shutdown_heap_1
    libshutdown.o(.ARM.Collect$$libshutdown$$00000000) refers (Special) to libshutdown2.o(.ARM.Collect$$libshutdown$$00000010) for __rt_lib_shutdown_return
    libshutdown.o(.ARM.Collect$$libshutdown$$00000000) refers (Special) to libshutdown2.o(.ARM.Collect$$libshutdown$$0000000A) for __rt_lib_shutdown_signal_1
    libshutdown.o(.ARM.Collect$$libshutdown$$00000000) refers (Special) to libshutdown2.o(.ARM.Collect$$libshutdown$$00000004) for __rt_lib_shutdown_stdio_1
    libshutdown.o(.ARM.Collect$$libshutdown$$00000000) refers (Special) to libshutdown2.o(.ARM.Collect$$libshutdown$$0000000C) for __rt_lib_shutdown_user_alloc_1
    sys_command.o(.text) refers (Special) to use_no_semi.o(.text) for __I$use$semihosting
    sys_command.o(.text) refers (Special) to indicate_semi.o(.text) for __semihosting_library_function
    sys_command_hlt.o(.text) refers (Special) to use_no_semi.o(.text) for __I$use$semihosting
    sys_command_hlt.o(.text) refers (Special) to indicate_semi.o(.text) for __semihosting_library_function
    defsig_rtmem_outer.o(.text) refers to defsig_rtmem_inner.o(.text) for __rt_SIGRTMEM_inner
    defsig_rtmem_outer.o(.text) refers to defsig_exit.o(.text) for __sig_exit
    defsig_rtmem_formal.o(.text) refers to rt_raise.o(.text) for __rt_raise
    rt_raise.o(.text) refers to __raise.o(.text) for __raise
    rt_raise.o(.text) refers to sys_exit.o(.text) for _sys_exit
    defsig_exit.o(.text) refers to sys_exit.o(.text) for _sys_exit
    defsig_rtmem_inner.o(.text) refers to defsig_general.o(.text) for __default_signal_display
    __raise.o(.text) refers to defsig.o(CL$$defsig) for __default_signal_handler
    defsig_general.o(.text) refers to sys_wrch.o(.text) for _ttywrch
    sys_wrch.o(.text) refers (Special) to use_no_semi.o(.text) for __I$use$semihosting
    sys_wrch.o(.text) refers (Special) to indicate_semi.o(.text) for __semihosting_library_function
    sys_wrch_hlt.o(.text) refers (Special) to use_no_semi.o(.text) for __I$use$semihosting
    sys_wrch_hlt.o(.text) refers (Special) to indicate_semi.o(.text) for __semihosting_library_function
    defsig.o(CL$$defsig) refers to defsig_rtmem_inner.o(.text) for __rt_SIGRTMEM_inner
    defsig_abrt_inner.o(.text) refers to defsig_general.o(.text) for __default_signal_display
    defsig_fpe_inner.o(.text) refers to defsig_general.o(.text) for __default_signal_display
    defsig_rtred_inner.o(.text) refers to defsig_general.o(.text) for __default_signal_display
    defsig_stak_inner.o(.text) refers to defsig_general.o(.text) for __default_signal_display
    defsig_pvfn_inner.o(.text) refers to defsig_general.o(.text) for __default_signal_display
    defsig_cppl_inner.o(.text) refers to defsig_general.o(.text) for __default_signal_display
    defsig_segv_inner.o(.text) refers to defsig_general.o(.text) for __default_signal_display
    defsig_other.o(.text) refers to defsig_general.o(.text) for __default_signal_display


==============================================================================

Removing Unused input sections from the image.

    Removing main.o(.text), (0 bytes).
    Removing main.o(.ARM.exidx.text.main), (8 bytes).
    Removing main.o(.ARM.exidx.text.HSI_Mesurement), (8 bytes).
    Removing main.o(.text.HSE_Mesurement), (92 bytes).
    Removing main.o(.ARM.exidx.text.HSE_Mesurement), (8 bytes).
    Removing main.o(.text.GPIOA_PA8_AF_configure), (72 bytes).
    Removing main.o(.ARM.exidx.text.GPIOA_PA8_AF_configure), (8 bytes).
    Removing main.o(.ARM.use_no_argv), (4 bytes).
    Removing cortexmx.o(.text), (0 bytes).
    Removing cortexmx.o(.text.Switch_SpToPSP), (0 bytes).
    Removing cortexmx.o(.ARM.exidx.text.Switch_SpToPSP), (8 bytes).
    Removing cortexmx_nvic.o(.text), (0 bytes).
    Removing cortexmx_nvic.o(.text.NVIC_IRQConfig), (102 bytes).
    Removing cortexmx_nvic.o(.ARM.exidx.text.NVIC_IRQConfig), (8 bytes).
    Removing cortexmx_nvic.o(.text.NVIC_IRQPriorityConfig), (108 bytes).
    Removing cortexmx_nvic.o(.ARM.exidx.text.NVIC_IRQPriorityConfig), (8 bytes).
    Removing cortexmx_nvic.o(.text.NVIC_IRQGetPriority), (72 bytes).
    Removing cortexmx_nvic.o(.ARM.exidx.text.NVIC_IRQGetPriority), (8 bytes).
    Removing cortexmx_systick_timer.o(.text), (0 bytes).
    Removing cortexmx_systick_timer.o(.text.SysTick_Init), (106 bytes).
    Removing cortexmx_systick_timer.o(.ARM.exidx.text.SysTick_Init), (8 bytes).
    Removing cortexmx_systick_timer.o(.text.SysTick_LoadValue), (28 bytes).
    Removing cortexmx_systick_timer.o(.ARM.exidx.text.SysTick_LoadValue), (8 bytes).
    Removing cortexmx_systick_timer.o(.text.SysTick_DeInit), (20 bytes).
    Removing cortexmx_systick_timer.o(.ARM.exidx.text.SysTick_DeInit), (8 bytes).
    Removing cortexmx_systick_timer.o(.text.SysTick_StartCount), (20 bytes).
    Removing cortexmx_systick_timer.o(.ARM.exidx.text.SysTick_StartCount), (8 bytes).
    Removing cortexmx_systick_timer.o(.text.SysTick_Delayms), (30 bytes).
    Removing cortexmx_systick_timer.o(.ARM.exidx.text.SysTick_Delayms), (8 bytes).
    Removing cortexmx_systick_timer.o(.text.Delayms), (60 bytes).
    Removing cortexmx_systick_timer.o(.ARM.exidx.text.Delayms), (8 bytes).
    Removing cortexmx_systick_timer.o(.text.SysTick_Delayus), (30 bytes).
    Removing cortexmx_systick_timer.o(.ARM.exidx.text.SysTick_Delayus), (8 bytes).
    Removing cortexmx_systick_timer.o(.text.Delayus), (60 bytes).
    Removing cortexmx_systick_timer.o(.ARM.exidx.text.Delayus), (8 bytes).
    Removing cortexmx_systick_timer.o(.bss.pSTK), (4 bytes).
    Removing cortexmx_systick_timer.o(.data.CoreClock), (4 bytes).
    Removing stm32f407xx_gpio_driver.o(.text), (0 bytes).
    Removing stm32f407xx_gpio_driver.o(.ARM.exidx.text.GPIO_PeriClockControl), (8 bytes).
    Removing stm32f407xx_gpio_driver.o(.ARM.exidx.text.GPIO_Init), (8 bytes).
    Removing stm32f407xx_gpio_driver.o(.text.GPIO_DeInit), (446 bytes).
    Removing stm32f407xx_gpio_driver.o(.ARM.exidx.text.GPIO_DeInit), (8 bytes).
    Removing stm32f407xx_gpio_driver.o(.text.GPIO_ReadFromInputPin), (34 bytes).
    Removing stm32f407xx_gpio_driver.o(.ARM.exidx.text.GPIO_ReadFromInputPin), (8 bytes).
    Removing stm32f407xx_gpio_driver.o(.text.GPIO_ReadFromInputPort), (20 bytes).
    Removing stm32f407xx_gpio_driver.o(.ARM.exidx.text.GPIO_ReadFromInputPort), (8 bytes).
    Removing stm32f407xx_gpio_driver.o(.text.GPIO_WriteToOutputPin), (66 bytes).
    Removing stm32f407xx_gpio_driver.o(.ARM.exidx.text.GPIO_WriteToOutputPin), (8 bytes).
    Removing stm32f407xx_gpio_driver.o(.text.GPIO_WriteToOutputPort), (24 bytes).
    Removing stm32f407xx_gpio_driver.o(.ARM.exidx.text.GPIO_WriteToOutputPort), (8 bytes).
    Removing stm32f407xx_gpio_driver.o(.text.GPIO_ToggleOutputPin), (30 bytes).
    Removing stm32f407xx_gpio_driver.o(.ARM.exidx.text.GPIO_ToggleOutputPin), (8 bytes).
    Removing stm32f407xx_gpio_driver.o(.text.GPIO_IRQInterruptConfig), (44 bytes).
    Removing stm32f407xx_gpio_driver.o(.ARM.exidx.text.GPIO_IRQInterruptConfig), (8 bytes).
    Removing stm32f407xx_gpio_driver.o(.text.GPIO_IRQHandling), (58 bytes).
    Removing stm32f407xx_gpio_driver.o(.ARM.exidx.text.GPIO_IRQHandling), (8 bytes).
    Removing stm32f407xx_i2c_driver.o(.text), (0 bytes).
    Removing stm32f407xx_spi_driver.o(.text), (0 bytes).
    Removing stm32f407xx_spi_driver.o(.text.SPI_PeriClockControl), (222 bytes).
    Removing stm32f407xx_spi_driver.o(.ARM.exidx.text.SPI_PeriClockControl), (8 bytes).
    Removing stm32f407xx_spi_driver.o(.text.SPI_Init), (166 bytes).
    Removing stm32f407xx_spi_driver.o(.ARM.exidx.text.SPI_Init), (8 bytes).
    Removing stm32f407xx_spi_driver.o(.text.SPI_DeInit), (8 bytes).
    Removing stm32f407xx_spi_driver.o(.ARM.exidx.text.SPI_DeInit), (8 bytes).
    Removing stm32f407xx_spi_driver.o(.text.SPI_SendData), (96 bytes).
    Removing stm32f407xx_spi_driver.o(.ARM.exidx.text.SPI_SendData), (8 bytes).
    Removing stm32f407xx_spi_driver.o(.text.SPI_GetFlagStatus), (48 bytes).
    Removing stm32f407xx_spi_driver.o(.ARM.exidx.text.SPI_GetFlagStatus), (8 bytes).
    Removing stm32f407xx_spi_driver.o(.text.SPI_SendDataIT), (62 bytes).
    Removing stm32f407xx_spi_driver.o(.ARM.exidx.text.SPI_SendDataIT), (8 bytes).
    Removing stm32f407xx_spi_driver.o(.text.SPI_ReceiveData), (96 bytes).
    Removing stm32f407xx_spi_driver.o(.ARM.exidx.text.SPI_ReceiveData), (8 bytes).
    Removing stm32f407xx_spi_driver.o(.text.SPI_ReceiveDataIT), (62 bytes).
    Removing stm32f407xx_spi_driver.o(.ARM.exidx.text.SPI_ReceiveDataIT), (8 bytes).
    Removing stm32f407xx_spi_driver.o(.text.SPI_IRQInterruptConfig), (44 bytes).
    Removing stm32f407xx_spi_driver.o(.ARM.exidx.text.SPI_IRQInterruptConfig), (8 bytes).
    Removing stm32f407xx_spi_driver.o(.text.SPI_IRQHandling), (142 bytes).
    Removing stm32f407xx_spi_driver.o(.ARM.exidx.text.SPI_IRQHandling), (8 bytes).
    Removing stm32f407xx_spi_driver.o(.text.spi_txe_interrupt_handle), (104 bytes).
    Removing stm32f407xx_spi_driver.o(.ARM.exidx.text.spi_txe_interrupt_handle), (8 bytes).
    Removing stm32f407xx_spi_driver.o(.text.spi_rxe_interrupt_handle), (108 bytes).
    Removing stm32f407xx_spi_driver.o(.ARM.exidx.text.spi_rxe_interrupt_handle), (8 bytes).
    Removing stm32f407xx_spi_driver.o(.text.spi_ovr_interrupt_handle), (38 bytes).
    Removing stm32f407xx_spi_driver.o(.ARM.exidx.text.spi_ovr_interrupt_handle), (8 bytes).
    Removing stm32f407xx_spi_driver.o(.text.SPI_Start), (18 bytes).
    Removing stm32f407xx_spi_driver.o(.ARM.exidx.text.SPI_Start), (8 bytes).
    Removing stm32f407xx_spi_driver.o(.text.SPI_PeriControl), (46 bytes).
    Removing stm32f407xx_spi_driver.o(.ARM.exidx.text.SPI_PeriControl), (8 bytes).
    Removing stm32f407xx_spi_driver.o(.text.SPI_Stop), (18 bytes).
    Removing stm32f407xx_spi_driver.o(.ARM.exidx.text.SPI_Stop), (8 bytes).
    Removing stm32f407xx_spi_driver.o(.text.SPI_SSIConfig), (18 bytes).
    Removing stm32f407xx_spi_driver.o(.ARM.exidx.text.SPI_SSIConfig), (8 bytes).
    Removing stm32f407xx_spi_driver.o(.text.SPI_ClearOVRFlag), (20 bytes).
    Removing stm32f407xx_spi_driver.o(.ARM.exidx.text.SPI_ClearOVRFlag), (8 bytes).
    Removing stm32f407xx_spi_driver.o(.text.SPI_CloseTransmisson), (34 bytes).
    Removing stm32f407xx_spi_driver.o(.ARM.exidx.text.SPI_CloseTransmisson), (8 bytes).
    Removing stm32f407xx_spi_driver.o(.text.SPI_CloseReceiption), (34 bytes).
    Removing stm32f407xx_spi_driver.o(.ARM.exidx.text.SPI_CloseReceiption), (8 bytes).
    Removing stm32f407xx_spi_driver.o(.text.SPI_ApplicationEventCallback), (12 bytes).
    Removing stm32f407xx_spi_driver.o(.ARM.exidx.text.SPI_ApplicationEventCallback), (8 bytes).
    Removing stm32f407xx_uart_driver.o(.text), (0 bytes).
    Removing stm32f407xx_uart_driver.o(.text.USART_PeriClockControl), (458 bytes).
    Removing stm32f407xx_uart_driver.o(.ARM.exidx.text.USART_PeriClockControl), (8 bytes).
    Removing stm32f407xx_uart_driver.o(.text.USART_Init), (346 bytes).
    Removing stm32f407xx_uart_driver.o(.ARM.exidx.text.USART_Init), (8 bytes).
    Removing stm32f407xx_uart_driver.o(.text.USART_DeInit), (8 bytes).
    Removing stm32f407xx_uart_driver.o(.ARM.exidx.text.USART_DeInit), (8 bytes).
    Removing stm32f407xx_uart_driver.o(.text.USART_GetFlagStatus), (42 bytes).
    Removing stm32f407xx_uart_driver.o(.ARM.exidx.text.USART_GetFlagStatus), (8 bytes).
    Removing stm32f407xx_uart_driver.o(.text.USART_PeripheralControl), (46 bytes).
    Removing stm32f407xx_uart_driver.o(.ARM.exidx.text.USART_PeripheralControl), (8 bytes).
    Removing stm32f407xx_uart_driver.o(.text.USART_Start), (18 bytes).
    Removing stm32f407xx_uart_driver.o(.ARM.exidx.text.USART_Start), (8 bytes).
    Removing stm32f407xx_uart_driver.o(.text.USART_ClearFlag), (24 bytes).
    Removing stm32f407xx_uart_driver.o(.ARM.exidx.text.USART_ClearFlag), (8 bytes).
    Removing stm32f407xx_uart_driver.o(.text.USART_SendData), (154 bytes).
    Removing stm32f407xx_uart_driver.o(.ARM.exidx.text.USART_SendData), (8 bytes).
    Removing stm32f407xx_uart_driver.o(.text.USART_ReceiveData), (168 bytes).
    Removing stm32f407xx_uart_driver.o(.ARM.exidx.text.USART_ReceiveData), (8 bytes).
    Removing stm32f407xx_uart_driver.o(.text.USART_SendDataIT), (16 bytes).
    Removing stm32f407xx_uart_driver.o(.ARM.exidx.text.USART_SendDataIT), (8 bytes).
    Removing stm32f407xx_uart_driver.o(.text.USART_ReceiveDataIT), (16 bytes).
    Removing stm32f407xx_uart_driver.o(.ARM.exidx.text.USART_ReceiveDataIT), (8 bytes).
    Removing 002spi_tx_testing.o(.text), (0 bytes).
    Removing 001_hse_hsi_configure.o(.text), (0 bytes).
    Removing system_stm32f4xx.o(.text), (0 bytes).
    Removing system_stm32f4xx.o(.ARM.exidx.text.SystemInit), (8 bytes).
    Removing system_stm32f4xx.o(.text.SystemCoreClockUpdate), (302 bytes).
    Removing system_stm32f4xx.o(.ARM.exidx.text.SystemCoreClockUpdate), (8 bytes).
    Removing system_stm32f4xx.o(.data.SystemCoreClock), (4 bytes).
    Removing system_stm32f4xx.o(.rodata.AHBPrescTable), (16 bytes).
    Removing system_stm32f4xx.o(.rodata.APBPrescTable), (8 bytes).

132 unused section(s) (total 5036 bytes) removed from the image.

==============================================================================

Image Symbol Table

    Local Symbols

    Symbol Name                              Value     Ov Type        Size  Object(Section)

    ../clib/angel/boardlib.s                 0x00000000   Number         0  boardinit1.o ABSOLUTE
    ../clib/angel/boardlib.s                 0x00000000   Number         0  boardinit2.o ABSOLUTE
    ../clib/angel/boardlib.s                 0x00000000   Number         0  boardinit3.o ABSOLUTE
    ../clib/angel/boardlib.s                 0x00000000   Number         0  boardshut.o ABSOLUTE
    ../clib/angel/handlers.s                 0x00000000   Number         0  __scatter_zi.o ABSOLUTE
    ../clib/angel/kernel.s                   0x00000000   Number         0  __rtentry.o ABSOLUTE
    ../clib/angel/kernel.s                   0x00000000   Number         0  __rtentry2.o ABSOLUTE
    ../clib/angel/kernel.s                   0x00000000   Number         0  __rtentry4.o ABSOLUTE
    ../clib/angel/kernel.s                   0x00000000   Number         0  rtexit.o ABSOLUTE
    ../clib/angel/kernel.s                   0x00000000   Number         0  rtexit2.o ABSOLUTE
    ../clib/angel/rt.s                       0x00000000   Number         0  rt_raise.o ABSOLUTE
    ../clib/angel/scatter.s                  0x00000000   Number         0  __scatter.o ABSOLUTE
    ../clib/angel/startup.s                  0x00000000   Number         0  __main.o ABSOLUTE
    ../clib/angel/sys.s                      0x00000000   Number         0  sys_stackheap_outer.o ABSOLUTE
    ../clib/angel/sys.s                      0x00000000   Number         0  libspace.o ABSOLUTE
    ../clib/angel/sys.s                      0x00000000   Number         0  use_no_semi.o ABSOLUTE
    ../clib/angel/sys.s                      0x00000000   Number         0  indicate_semi.o ABSOLUTE
    ../clib/angel/sysapp.c                   0x00000000   Number         0  sys_exit.o ABSOLUTE
    ../clib/angel/sysapp.c                   0x00000000   Number         0  sys_exit_hlt.o ABSOLUTE
    ../clib/angel/sysapp.c                   0x00000000   Number         0  sys_command.o ABSOLUTE
    ../clib/angel/sysapp.c                   0x00000000   Number         0  sys_command_hlt.o ABSOLUTE
    ../clib/angel/sysapp.c                   0x00000000   Number         0  sys_wrch.o ABSOLUTE
    ../clib/angel/sysapp.c                   0x00000000   Number         0  sys_wrch_hlt.o ABSOLUTE
    ../clib/armsys.c                         0x00000000   Number         0  argv_veneer.o ABSOLUTE
    ../clib/armsys.c                         0x00000000   Number         0  argv_veneer.o ABSOLUTE
    ../clib/armsys.c                         0x00000000   Number         0  _get_argv_nomalloc.o ABSOLUTE
    ../clib/armsys.c                         0x00000000   Number         0  no_argv.o ABSOLUTE
    ../clib/heapalloc.c                      0x00000000   Number         0  hrguard.o ABSOLUTE
    ../clib/heapaux.c                        0x00000000   Number         0  heapauxi.o ABSOLUTE
    ../clib/libinit.s                        0x00000000   Number         0  libinit.o ABSOLUTE
    ../clib/libinit.s                        0x00000000   Number         0  libinit2.o ABSOLUTE
    ../clib/libinit.s                        0x00000000   Number         0  libshutdown.o ABSOLUTE
    ../clib/libinit.s                        0x00000000   Number         0  libshutdown2.o ABSOLUTE
    ../clib/signal.c                         0x00000000   Number         0  defsig_rtmem_outer.o ABSOLUTE
    ../clib/signal.c                         0x00000000   Number         0  defsig_rtmem_formal.o ABSOLUTE
    ../clib/signal.c                         0x00000000   Number         0  defsig_exit.o ABSOLUTE
    ../clib/signal.c                         0x00000000   Number         0  defsig_rtmem_inner.o ABSOLUTE
    ../clib/signal.c                         0x00000000   Number         0  __raise.o ABSOLUTE
    ../clib/signal.c                         0x00000000   Number         0  defsig_general.o ABSOLUTE
    ../clib/signal.c                         0x00000000   Number         0  defsig_abrt_inner.o ABSOLUTE
    ../clib/signal.c                         0x00000000   Number         0  defsig_fpe_inner.o ABSOLUTE
    ../clib/signal.c                         0x00000000   Number         0  defsig_rtred_inner.o ABSOLUTE
    ../clib/signal.c                         0x00000000   Number         0  defsig_stak_inner.o ABSOLUTE
    ../clib/signal.c                         0x00000000   Number         0  defsig_pvfn_inner.o ABSOLUTE
    ../clib/signal.c                         0x00000000   Number         0  defsig_cppl_inner.o ABSOLUTE
    ../clib/signal.c                         0x00000000   Number         0  defsig_segv_inner.o ABSOLUTE
    ../clib/signal.c                         0x00000000   Number         0  defsig_other.o ABSOLUTE
    ../clib/signal.s                         0x00000000   Number         0  defsig.o ABSOLUTE
    ../clib/stdlib.c                         0x00000000   Number         0  exit.o ABSOLUTE
    ../fplib/fpinit.s                        0x00000000   Number         0  fpinit.o ABSOLUTE
    001_HSE_HSI_Configure.c                  0x00000000   Number         0  001_hse_hsi_configure.o ABSOLUTE
    002spi_tx_Testing.c                      0x00000000   Number         0  002spi_tx_testing.o ABSOLUTE
    CortexMx.c                               0x00000000   Number         0  cortexmx.o ABSOLUTE
    CortexMx_NVIC.c                          0x00000000   Number         0  cortexmx_nvic.o ABSOLUTE
    CortexMx_SysTick_Timer.c                 0x00000000   Number         0  cortexmx_systick_timer.o ABSOLUTE
    RTE/Device/STM32F407VGTx/startup_stm32f407xx.s 0x00000000   Number         0  startup_stm32f407xx.o ABSOLUTE
    dc.s                                     0x00000000   Number         0  dc.o ABSOLUTE
    main.c                                   0x00000000   Number         0  main.o ABSOLUTE
    stm32f407xx_gpio_driver.c                0x00000000   Number         0  stm32f407xx_gpio_driver.o ABSOLUTE
    stm32f407xx_i2c_driver.c                 0x00000000   Number         0  stm32f407xx_i2c_driver.o ABSOLUTE
    stm32f407xx_spi_driver.c                 0x00000000   Number         0  stm32f407xx_spi_driver.o ABSOLUTE
    stm32f407xx_uart_driver.c                0x00000000   Number         0  stm32f407xx_uart_driver.o ABSOLUTE
    system_stm32f4xx.c                       0x00000000   Number         0  system_stm32f4xx.o ABSOLUTE
    RESET                                    0x08000000   Section      392  startup_stm32f407xx.o(RESET)
    !!!main                                  0x08000188   Section        8  __main.o(!!!main)
    !!!scatter                               0x08000190   Section       92  __scatter.o(!!!scatter)
    !!handler_null                           0x080001ec   Section        2  __scatter.o(!!handler_null)
    !!handler_zi                             0x080001f0   Section       28  __scatter_zi.o(!!handler_zi)
    .ARM.Collect$$libinit$$00000000          0x0800020c   Section        2  libinit.o(.ARM.Collect$$libinit$$00000000)
    .ARM.Collect$$libinit$$00000001          0x0800020e   Section        4  libinit2.o(.ARM.Collect$$libinit$$00000001)
    .ARM.Collect$$libinit$$00000004          0x08000212   Section        0  libinit2.o(.ARM.Collect$$libinit$$00000004)
    .ARM.Collect$$libinit$$00000006          0x08000212   Section        0  libinit2.o(.ARM.Collect$$libinit$$00000006)
    .ARM.Collect$$libinit$$0000000C          0x08000212   Section        0  libinit2.o(.ARM.Collect$$libinit$$0000000C)
    .ARM.Collect$$libinit$$0000000E          0x08000212   Section        0  libinit2.o(.ARM.Collect$$libinit$$0000000E)
    .ARM.Collect$$libinit$$00000010          0x08000212   Section        0  libinit2.o(.ARM.Collect$$libinit$$00000010)
    .ARM.Collect$$libinit$$00000013          0x08000212   Section        0  libinit2.o(.ARM.Collect$$libinit$$00000013)
    .ARM.Collect$$libinit$$00000015          0x08000212   Section        0  libinit2.o(.ARM.Collect$$libinit$$00000015)
    .ARM.Collect$$libinit$$00000017          0x08000212   Section        0  libinit2.o(.ARM.Collect$$libinit$$00000017)
    .ARM.Collect$$libinit$$00000019          0x08000212   Section        0  libinit2.o(.ARM.Collect$$libinit$$00000019)
    .ARM.Collect$$libinit$$0000001B          0x08000212   Section        0  libinit2.o(.ARM.Collect$$libinit$$0000001B)
    .ARM.Collect$$libinit$$0000001D          0x08000212   Section        0  libinit2.o(.ARM.Collect$$libinit$$0000001D)
    .ARM.Collect$$libinit$$0000001F          0x08000212   Section        0  libinit2.o(.ARM.Collect$$libinit$$0000001F)
    .ARM.Collect$$libinit$$00000021          0x08000212   Section        0  libinit2.o(.ARM.Collect$$libinit$$00000021)
    .ARM.Collect$$libinit$$00000023          0x08000212   Section        0  libinit2.o(.ARM.Collect$$libinit$$00000023)
    .ARM.Collect$$libinit$$00000025          0x08000212   Section        0  libinit2.o(.ARM.Collect$$libinit$$00000025)
    .ARM.Collect$$libinit$$00000027          0x08000212   Section        0  libinit2.o(.ARM.Collect$$libinit$$00000027)
    .ARM.Collect$$libinit$$0000002E          0x08000212   Section        0  libinit2.o(.ARM.Collect$$libinit$$0000002E)
    .ARM.Collect$$libinit$$00000030          0x08000212   Section        0  libinit2.o(.ARM.Collect$$libinit$$00000030)
    .ARM.Collect$$libinit$$00000032          0x08000212   Section        0  libinit2.o(.ARM.Collect$$libinit$$00000032)
    .ARM.Collect$$libinit$$00000034          0x08000212   Section        0  libinit2.o(.ARM.Collect$$libinit$$00000034)
    .ARM.Collect$$libinit$$00000035          0x08000212   Section        2  libinit2.o(.ARM.Collect$$libinit$$00000035)
    .ARM.Collect$$libshutdown$$00000000      0x08000214   Section        2  libshutdown.o(.ARM.Collect$$libshutdown$$00000000)
    .ARM.Collect$$libshutdown$$00000002      0x08000216   Section        0  libshutdown2.o(.ARM.Collect$$libshutdown$$00000002)
    .ARM.Collect$$libshutdown$$00000004      0x08000216   Section        0  libshutdown2.o(.ARM.Collect$$libshutdown$$00000004)
    .ARM.Collect$$libshutdown$$00000007      0x08000216   Section        0  libshutdown2.o(.ARM.Collect$$libshutdown$$00000007)
    .ARM.Collect$$libshutdown$$0000000A      0x08000216   Section        0  libshutdown2.o(.ARM.Collect$$libshutdown$$0000000A)
    .ARM.Collect$$libshutdown$$0000000C      0x08000216   Section        0  libshutdown2.o(.ARM.Collect$$libshutdown$$0000000C)
    .ARM.Collect$$libshutdown$$0000000F      0x08000216   Section        0  libshutdown2.o(.ARM.Collect$$libshutdown$$0000000F)
    .ARM.Collect$$libshutdown$$00000010      0x08000216   Section        2  libshutdown2.o(.ARM.Collect$$libshutdown$$00000010)
    .ARM.Collect$$rtentry$$00000000          0x08000218   Section        0  __rtentry.o(.ARM.Collect$$rtentry$$00000000)
    .ARM.Collect$$rtentry$$00000002          0x08000218   Section        0  __rtentry2.o(.ARM.Collect$$rtentry$$00000002)
    .ARM.Collect$$rtentry$$00000004          0x08000218   Section        6  __rtentry4.o(.ARM.Collect$$rtentry$$00000004)
    .ARM.Collect$$rtentry$$00000009          0x0800021e   Section        0  __rtentry2.o(.ARM.Collect$$rtentry$$00000009)
    .ARM.Collect$$rtentry$$0000000A          0x0800021e   Section        4  __rtentry2.o(.ARM.Collect$$rtentry$$0000000A)
    .ARM.Collect$$rtentry$$0000000C          0x08000222   Section        0  __rtentry2.o(.ARM.Collect$$rtentry$$0000000C)
    .ARM.Collect$$rtentry$$0000000D          0x08000222   Section        8  __rtentry2.o(.ARM.Collect$$rtentry$$0000000D)
    .ARM.Collect$$rtexit$$00000000           0x0800022a   Section        2  rtexit.o(.ARM.Collect$$rtexit$$00000000)
    .ARM.Collect$$rtexit$$00000002           0x0800022c   Section        0  rtexit2.o(.ARM.Collect$$rtexit$$00000002)
    .ARM.Collect$$rtexit$$00000003           0x0800022c   Section        4  rtexit2.o(.ARM.Collect$$rtexit$$00000003)
    .ARM.Collect$$rtexit$$00000004           0x08000230   Section        6  rtexit2.o(.ARM.Collect$$rtexit$$00000004)
    $v0                                      0x08000238   Number         0  startup_stm32f407xx.o(.text)
    .text                                    0x08000238   Section       64  startup_stm32f407xx.o(.text)
    .text                                    0x08000278   Section        0  heapauxi.o(.text)
    .text                                    0x0800027e   Section       74  sys_stackheap_outer.o(.text)
    .text                                    0x080002c8   Section        0  exit.o(.text)
    .text                                    0x080002dc   Section        8  libspace.o(.text)
    .text                                    0x080002e4   Section        0  sys_exit.o(.text)
    .text                                    0x080002f0   Section        2  use_no_semi.o(.text)
    .text                                    0x080002f2   Section        0  indicate_semi.o(.text)
    [Anonymous Symbol]                       0x080002f4   Section        0  stm32f407xx_gpio_driver.o(.text.GPIO_Init)
    [Anonymous Symbol]                       0x0800063c   Section        0  stm32f407xx_gpio_driver.o(.text.GPIO_PeriClockControl)
    [Anonymous Symbol]                       0x080008d8   Section        0  main.o(.text.HSI_Mesurement)
    [Anonymous Symbol]                       0x080008fc   Section        0  system_stm32f4xx.o(.text.SystemInit)
    [Anonymous Symbol]                       0x08000910   Section        0  main.o(.text.main)
    $v0                                      0x0800094c   Number         0  fpinit.o(x$fpl$fpinit)
    x$fpl$fpinit                             0x0800094c   Section       26  fpinit.o(x$fpl$fpinit)
    .bss                                     0x20000000   Section       96  libspace.o(.bss)
    Heap_Mem                                 0x20000060   Data         512  startup_stm32f407xx.o(HEAP)
    HEAP                                     0x20000060   Section      512  startup_stm32f407xx.o(HEAP)
    Stack_Mem                                0x20000260   Data        1024  startup_stm32f407xx.o(STACK)
    STACK                                    0x20000260   Section     1024  startup_stm32f407xx.o(STACK)
    __initial_sp                             0x20000660   Data           0  startup_stm32f407xx.o(STACK)

    Global Symbols

    Symbol Name                              Value     Ov Type        Size  Object(Section)

    BuildAttributes$$THM_ISAv4$E$P$D$K$B$S$7EM$VFPi3$EXTD16$VFPS$VFMA$PE$A:L22UL41UL21$X:L11$S22US41US21$IEEE1$IW$~IW$USESV6$~STKCKD$USESV7$~SHL$OSPACE$ROPI$EBA8$UX$STANDARDLIB$REQ8$PRES8$EABIv2 0x00000000   Number         0  anon$$obj.o ABSOLUTE
    __ARM_exceptions_init                     - Undefined Weak Reference
    __alloca_initialize                       - Undefined Weak Reference
    __arm_preinit_                            - Undefined Weak Reference
    __arm_relocate_pie_                       - Undefined Weak Reference
    __cpp_initialize__aeabi_                  - Undefined Weak Reference
    __cxa_finalize                            - Undefined Weak Reference
    __rt_locale                               - Undefined Weak Reference
    __sigvec_lookup                           - Undefined Weak Reference
    _atexit_init                              - Undefined Weak Reference
    _call_atexit_fns                          - Undefined Weak Reference
    _clock_init                               - Undefined Weak Reference
    _fp_trap_init                             - Undefined Weak Reference
    _fp_trap_shutdown                         - Undefined Weak Reference
    _get_lc_collate                           - Undefined Weak Reference
    _get_lc_ctype                             - Undefined Weak Reference
    _get_lc_monetary                          - Undefined Weak Reference
    _get_lc_numeric                           - Undefined Weak Reference
    _get_lc_time                              - Undefined Weak Reference
    _getenv_init                              - Undefined Weak Reference
    _handle_redirection                       - Undefined Weak Reference
    _init_alloc                               - Undefined Weak Reference
    _init_user_alloc                          - Undefined Weak Reference
    _initio                                   - Undefined Weak Reference
    _rand_init                                - Undefined Weak Reference
    _signal_finish                            - Undefined Weak Reference
    _signal_init                              - Undefined Weak Reference
    _terminate_alloc                          - Undefined Weak Reference
    _terminate_user_alloc                     - Undefined Weak Reference
    _terminateio                              - Undefined Weak Reference
    __Vectors_Size                           0x00000188   Number         0  startup_stm32f407xx.o ABSOLUTE
    __Vectors                                0x08000000   Data           4  startup_stm32f407xx.o(RESET)
    __Vectors_End                            0x08000188   Data           0  startup_stm32f407xx.o(RESET)
    __main                                   0x08000189   Thumb Code     8  __main.o(!!!main)
    __scatterload                            0x08000191   Thumb Code     0  __scatter.o(!!!scatter)
    __scatterload_rt2                        0x08000191   Thumb Code    84  __scatter.o(!!!scatter)
    __scatterload_rt2_thumb_only             0x08000191   Thumb Code     0  __scatter.o(!!!scatter)
    __scatterload_loop                       0x0800019b   Thumb Code     0  __scatter.o(!!!scatter)
    __scatterload_null                       0x080001ed   Thumb Code     2  __scatter.o(!!handler_null)
    __scatterload_zeroinit                   0x080001f1   Thumb Code    28  __scatter_zi.o(!!handler_zi)
    __rt_lib_init                            0x0800020d   Thumb Code     0  libinit.o(.ARM.Collect$$libinit$$00000000)
    __rt_lib_init_fp_1                       0x0800020f   Thumb Code     0  libinit2.o(.ARM.Collect$$libinit$$00000001)
    __rt_lib_init_alloca_1                   0x08000213   Thumb Code     0  libinit2.o(.ARM.Collect$$libinit$$00000030)
    __rt_lib_init_argv_1                     0x08000213   Thumb Code     0  libinit2.o(.ARM.Collect$$libinit$$0000002E)
    __rt_lib_init_atexit_1                   0x08000213   Thumb Code     0  libinit2.o(.ARM.Collect$$libinit$$0000001D)
    __rt_lib_init_clock_1                    0x08000213   Thumb Code     0  libinit2.o(.ARM.Collect$$libinit$$00000023)
    __rt_lib_init_cpp_1                      0x08000213   Thumb Code     0  libinit2.o(.ARM.Collect$$libinit$$00000034)
    __rt_lib_init_exceptions_1               0x08000213   Thumb Code     0  libinit2.o(.ARM.Collect$$libinit$$00000032)
    __rt_lib_init_fp_trap_1                  0x08000213   Thumb Code     0  libinit2.o(.ARM.Collect$$libinit$$00000021)
    __rt_lib_init_getenv_1                   0x08000213   Thumb Code     0  libinit2.o(.ARM.Collect$$libinit$$00000025)
    __rt_lib_init_heap_1                     0x08000213   Thumb Code     0  libinit2.o(.ARM.Collect$$libinit$$0000000C)
    __rt_lib_init_lc_collate_1               0x08000213   Thumb Code     0  libinit2.o(.ARM.Collect$$libinit$$00000013)
    __rt_lib_init_lc_ctype_1                 0x08000213   Thumb Code     0  libinit2.o(.ARM.Collect$$libinit$$00000015)
    __rt_lib_init_lc_monetary_1              0x08000213   Thumb Code     0  libinit2.o(.ARM.Collect$$libinit$$00000017)
    __rt_lib_init_lc_numeric_1               0x08000213   Thumb Code     0  libinit2.o(.ARM.Collect$$libinit$$00000019)
    __rt_lib_init_lc_time_1                  0x08000213   Thumb Code     0  libinit2.o(.ARM.Collect$$libinit$$0000001B)
    __rt_lib_init_preinit_1                  0x08000213   Thumb Code     0  libinit2.o(.ARM.Collect$$libinit$$00000006)
    __rt_lib_init_rand_1                     0x08000213   Thumb Code     0  libinit2.o(.ARM.Collect$$libinit$$00000010)
    __rt_lib_init_relocate_pie_1             0x08000213   Thumb Code     0  libinit2.o(.ARM.Collect$$libinit$$00000004)
    __rt_lib_init_return                     0x08000213   Thumb Code     0  libinit2.o(.ARM.Collect$$libinit$$00000035)
    __rt_lib_init_signal_1                   0x08000213   Thumb Code     0  libinit2.o(.ARM.Collect$$libinit$$0000001F)
    __rt_lib_init_stdio_1                    0x08000213   Thumb Code     0  libinit2.o(.ARM.Collect$$libinit$$00000027)
    __rt_lib_init_user_alloc_1               0x08000213   Thumb Code     0  libinit2.o(.ARM.Collect$$libinit$$0000000E)
    __rt_lib_shutdown                        0x08000215   Thumb Code     0  libshutdown.o(.ARM.Collect$$libshutdown$$00000000)
    __rt_lib_shutdown_cpp_1                  0x08000217   Thumb Code     0  libshutdown2.o(.ARM.Collect$$libshutdown$$00000002)
    __rt_lib_shutdown_fp_trap_1              0x08000217   Thumb Code     0  libshutdown2.o(.ARM.Collect$$libshutdown$$00000007)
    __rt_lib_shutdown_heap_1                 0x08000217   Thumb Code     0  libshutdown2.o(.ARM.Collect$$libshutdown$$0000000F)
    __rt_lib_shutdown_return                 0x08000217   Thumb Code     0  libshutdown2.o(.ARM.Collect$$libshutdown$$00000010)
    __rt_lib_shutdown_signal_1               0x08000217   Thumb Code     0  libshutdown2.o(.ARM.Collect$$libshutdown$$0000000A)
    __rt_lib_shutdown_stdio_1                0x08000217   Thumb Code     0  libshutdown2.o(.ARM.Collect$$libshutdown$$00000004)
    __rt_lib_shutdown_user_alloc_1           0x08000217   Thumb Code     0  libshutdown2.o(.ARM.Collect$$libshutdown$$0000000C)
    __rt_entry                               0x08000219   Thumb Code     0  __rtentry.o(.ARM.Collect$$rtentry$$00000000)
    __rt_entry_presh_1                       0x08000219   Thumb Code     0  __rtentry2.o(.ARM.Collect$$rtentry$$00000002)
    __rt_entry_sh                            0x08000219   Thumb Code     0  __rtentry4.o(.ARM.Collect$$rtentry$$00000004)
    __rt_entry_li                            0x0800021f   Thumb Code     0  __rtentry2.o(.ARM.Collect$$rtentry$$0000000A)
    __rt_entry_postsh_1                      0x0800021f   Thumb Code     0  __rtentry2.o(.ARM.Collect$$rtentry$$00000009)
    __rt_entry_main                          0x08000223   Thumb Code     0  __rtentry2.o(.ARM.Collect$$rtentry$$0000000D)
    __rt_entry_postli_1                      0x08000223   Thumb Code     0  __rtentry2.o(.ARM.Collect$$rtentry$$0000000C)
    __rt_exit                                0x0800022b   Thumb Code     0  rtexit.o(.ARM.Collect$$rtexit$$00000000)
    __rt_exit_ls                             0x0800022d   Thumb Code     0  rtexit2.o(.ARM.Collect$$rtexit$$00000003)
    __rt_exit_prels_1                        0x0800022d   Thumb Code     0  rtexit2.o(.ARM.Collect$$rtexit$$00000002)
    __rt_exit_exit                           0x08000231   Thumb Code     0  rtexit2.o(.ARM.Collect$$rtexit$$00000004)
    Reset_Handler                            0x08000239   Thumb Code     8  startup_stm32f407xx.o(.text)
    NMI_Handler                              0x08000241   Thumb Code     2  startup_stm32f407xx.o(.text)
    HardFault_Handler                        0x08000243   Thumb Code     2  startup_stm32f407xx.o(.text)
    MemManage_Handler                        0x08000245   Thumb Code     2  startup_stm32f407xx.o(.text)
    BusFault_Handler                         0x08000247   Thumb Code     2  startup_stm32f407xx.o(.text)
    UsageFault_Handler                       0x08000249   Thumb Code     2  startup_stm32f407xx.o(.text)
    SVC_Handler                              0x0800024b   Thumb Code     2  startup_stm32f407xx.o(.text)
    DebugMon_Handler                         0x0800024d   Thumb Code     2  startup_stm32f407xx.o(.text)
    PendSV_Handler                           0x0800024f   Thumb Code     2  startup_stm32f407xx.o(.text)
    SysTick_Handler                          0x08000251   Thumb Code     2  startup_stm32f407xx.o(.text)
    ADC_IRQHandler                           0x08000253   Thumb Code     0  startup_stm32f407xx.o(.text)
    CAN1_RX0_IRQHandler                      0x08000253   Thumb Code     0  startup_stm32f407xx.o(.text)
    CAN1_RX1_IRQHandler                      0x08000253   Thumb Code     0  startup_stm32f407xx.o(.text)
    CAN1_SCE_IRQHandler                      0x08000253   Thumb Code     0  startup_stm32f407xx.o(.text)
    CAN1_TX_IRQHandler                       0x08000253   Thumb Code     0  startup_stm32f407xx.o(.text)
    CAN2_RX0_IRQHandler                      0x08000253   Thumb Code     0  startup_stm32f407xx.o(.text)
    CAN2_RX1_IRQHandler                      0x08000253   Thumb Code     0  startup_stm32f407xx.o(.text)
    CAN2_SCE_IRQHandler                      0x08000253   Thumb Code     0  startup_stm32f407xx.o(.text)
    CAN2_TX_IRQHandler                       0x08000253   Thumb Code     0  startup_stm32f407xx.o(.text)
    DCMI_IRQHandler                          0x08000253   Thumb Code     0  startup_stm32f407xx.o(.text)
    DMA1_Stream0_IRQHandler                  0x08000253   Thumb Code     0  startup_stm32f407xx.o(.text)
    DMA1_Stream1_IRQHandler                  0x08000253   Thumb Code     0  startup_stm32f407xx.o(.text)
    DMA1_Stream2_IRQHandler                  0x08000253   Thumb Code     0  startup_stm32f407xx.o(.text)
    DMA1_Stream3_IRQHandler                  0x08000253   Thumb Code     0  startup_stm32f407xx.o(.text)
    DMA1_Stream4_IRQHandler                  0x08000253   Thumb Code     0  startup_stm32f407xx.o(.text)
    DMA1_Stream5_IRQHandler                  0x08000253   Thumb Code     0  startup_stm32f407xx.o(.text)
    DMA1_Stream6_IRQHandler                  0x08000253   Thumb Code     0  startup_stm32f407xx.o(.text)
    DMA1_Stream7_IRQHandler                  0x08000253   Thumb Code     0  startup_stm32f407xx.o(.text)
    DMA2_Stream0_IRQHandler                  0x08000253   Thumb Code     0  startup_stm32f407xx.o(.text)
    DMA2_Stream1_IRQHandler                  0x08000253   Thumb Code     0  startup_stm32f407xx.o(.text)
    DMA2_Stream2_IRQHandler                  0x08000253   Thumb Code     0  startup_stm32f407xx.o(.text)
    DMA2_Stream3_IRQHandler                  0x08000253   Thumb Code     0  startup_stm32f407xx.o(.text)
    DMA2_Stream4_IRQHandler                  0x08000253   Thumb Code     0  startup_stm32f407xx.o(.text)
    DMA2_Stream5_IRQHandler                  0x08000253   Thumb Code     0  startup_stm32f407xx.o(.text)
    DMA2_Stream6_IRQHandler                  0x08000253   Thumb Code     0  startup_stm32f407xx.o(.text)
    DMA2_Stream7_IRQHandler                  0x08000253   Thumb Code     0  startup_stm32f407xx.o(.text)
    ETH_IRQHandler                           0x08000253   Thumb Code     0  startup_stm32f407xx.o(.text)
    ETH_WKUP_IRQHandler                      0x08000253   Thumb Code     0  startup_stm32f407xx.o(.text)
    EXTI0_IRQHandler                         0x08000253   Thumb Code     0  startup_stm32f407xx.o(.text)
    EXTI15_10_IRQHandler                     0x08000253   Thumb Code     0  startup_stm32f407xx.o(.text)
    EXTI1_IRQHandler                         0x08000253   Thumb Code     0  startup_stm32f407xx.o(.text)
    EXTI2_IRQHandler                         0x08000253   Thumb Code     0  startup_stm32f407xx.o(.text)
    EXTI3_IRQHandler                         0x08000253   Thumb Code     0  startup_stm32f407xx.o(.text)
    EXTI4_IRQHandler                         0x08000253   Thumb Code     0  startup_stm32f407xx.o(.text)
    EXTI9_5_IRQHandler                       0x08000253   Thumb Code     0  startup_stm32f407xx.o(.text)
    FLASH_IRQHandler                         0x08000253   Thumb Code     0  startup_stm32f407xx.o(.text)
    FMC_IRQHandler                           0x08000253   Thumb Code     0  startup_stm32f407xx.o(.text)
    FPU_IRQHandler                           0x08000253   Thumb Code     0  startup_stm32f407xx.o(.text)
    HASH_RNG_IRQHandler                      0x08000253   Thumb Code     0  startup_stm32f407xx.o(.text)
    I2C1_ER_IRQHandler                       0x08000253   Thumb Code     0  startup_stm32f407xx.o(.text)
    I2C1_EV_IRQHandler                       0x08000253   Thumb Code     0  startup_stm32f407xx.o(.text)
    I2C2_ER_IRQHandler                       0x08000253   Thumb Code     0  startup_stm32f407xx.o(.text)
    I2C2_EV_IRQHandler                       0x08000253   Thumb Code     0  startup_stm32f407xx.o(.text)
    I2C3_ER_IRQHandler                       0x08000253   Thumb Code     0  startup_stm32f407xx.o(.text)
    I2C3_EV_IRQHandler                       0x08000253   Thumb Code     0  startup_stm32f407xx.o(.text)
    OTG_FS_IRQHandler                        0x08000253   Thumb Code     0  startup_stm32f407xx.o(.text)
    OTG_FS_WKUP_IRQHandler                   0x08000253   Thumb Code     0  startup_stm32f407xx.o(.text)
    OTG_HS_EP1_IN_IRQHandler                 0x08000253   Thumb Code     0  startup_stm32f407xx.o(.text)
    OTG_HS_EP1_OUT_IRQHandler                0x08000253   Thumb Code     0  startup_stm32f407xx.o(.text)
    OTG_HS_IRQHandler                        0x08000253   Thumb Code     0  startup_stm32f407xx.o(.text)
    OTG_HS_WKUP_IRQHandler                   0x08000253   Thumb Code     0  startup_stm32f407xx.o(.text)
    PVD_IRQHandler                           0x08000253   Thumb Code     0  startup_stm32f407xx.o(.text)
    RCC_IRQHandler                           0x08000253   Thumb Code     0  startup_stm32f407xx.o(.text)
    RTC_Alarm_IRQHandler                     0x08000253   Thumb Code     0  startup_stm32f407xx.o(.text)
    RTC_WKUP_IRQHandler                      0x08000253   Thumb Code     0  startup_stm32f407xx.o(.text)
    SDIO_IRQHandler                          0x08000253   Thumb Code     0  startup_stm32f407xx.o(.text)
    SPI1_IRQHandler                          0x08000253   Thumb Code     0  startup_stm32f407xx.o(.text)
    SPI2_IRQHandler                          0x08000253   Thumb Code     0  startup_stm32f407xx.o(.text)
    SPI3_IRQHandler                          0x08000253   Thumb Code     0  startup_stm32f407xx.o(.text)
    TAMP_STAMP_IRQHandler                    0x08000253   Thumb Code     0  startup_stm32f407xx.o(.text)
    TIM1_BRK_TIM9_IRQHandler                 0x08000253   Thumb Code     0  startup_stm32f407xx.o(.text)
    TIM1_CC_IRQHandler                       0x08000253   Thumb Code     0  startup_stm32f407xx.o(.text)
    TIM1_TRG_COM_TIM11_IRQHandler            0x08000253   Thumb Code     0  startup_stm32f407xx.o(.text)
    TIM1_UP_TIM10_IRQHandler                 0x08000253   Thumb Code     0  startup_stm32f407xx.o(.text)
    TIM2_IRQHandler                          0x08000253   Thumb Code     0  startup_stm32f407xx.o(.text)
    TIM3_IRQHandler                          0x08000253   Thumb Code     0  startup_stm32f407xx.o(.text)
    TIM4_IRQHandler                          0x08000253   Thumb Code     0  startup_stm32f407xx.o(.text)
    TIM5_IRQHandler                          0x08000253   Thumb Code     0  startup_stm32f407xx.o(.text)
    TIM6_DAC_IRQHandler                      0x08000253   Thumb Code     0  startup_stm32f407xx.o(.text)
    TIM7_IRQHandler                          0x08000253   Thumb Code     0  startup_stm32f407xx.o(.text)
    TIM8_BRK_TIM12_IRQHandler                0x08000253   Thumb Code     0  startup_stm32f407xx.o(.text)
    TIM8_CC_IRQHandler                       0x08000253   Thumb Code     0  startup_stm32f407xx.o(.text)
    TIM8_TRG_COM_TIM14_IRQHandler            0x08000253   Thumb Code     0  startup_stm32f407xx.o(.text)
    TIM8_UP_TIM13_IRQHandler                 0x08000253   Thumb Code     0  startup_stm32f407xx.o(.text)
    UART4_IRQHandler                         0x08000253   Thumb Code     0  startup_stm32f407xx.o(.text)
    UART5_IRQHandler                         0x08000253   Thumb Code     0  startup_stm32f407xx.o(.text)
    USART1_IRQHandler                        0x08000253   Thumb Code     0  startup_stm32f407xx.o(.text)
    USART2_IRQHandler                        0x08000253   Thumb Code     0  startup_stm32f407xx.o(.text)
    USART3_IRQHandler                        0x08000253   Thumb Code     0  startup_stm32f407xx.o(.text)
    USART6_IRQHandler                        0x08000253   Thumb Code     0  startup_stm32f407xx.o(.text)
    WWDG_IRQHandler                          0x08000253   Thumb Code     0  startup_stm32f407xx.o(.text)
    __user_initial_stackheap                 0x08000255   Thumb Code     0  startup_stm32f407xx.o(.text)
    __use_two_region_memory                  0x08000279   Thumb Code     2  heapauxi.o(.text)
    __rt_heap_escrow$2region                 0x0800027b   Thumb Code     2  heapauxi.o(.text)
    __rt_heap_expand$2region                 0x0800027d   Thumb Code     2  heapauxi.o(.text)
    __user_setup_stackheap                   0x0800027f   Thumb Code    74  sys_stackheap_outer.o(.text)
    exit                                     0x080002c9   Thumb Code    18  exit.o(.text)
    __user_libspace                          0x080002dd   Thumb Code     8  libspace.o(.text)
    __user_perproc_libspace                  0x080002dd   Thumb Code     0  libspace.o(.text)
    __user_perthread_libspace                0x080002dd   Thumb Code     0  libspace.o(.text)
    _sys_exit                                0x080002e5   Thumb Code     8  sys_exit.o(.text)
    __I$use$semihosting                      0x080002f1   Thumb Code     0  use_no_semi.o(.text)
    __use_no_semihosting_swi                 0x080002f1   Thumb Code     2  use_no_semi.o(.text)
    __semihosting_library_function           0x080002f3   Thumb Code     0  indicate_semi.o(.text)
    GPIO_Init                                0x080002f5   Thumb Code   838  stm32f407xx_gpio_driver.o(.text.GPIO_Init)
    GPIO_PeriClockControl                    0x0800063d   Thumb Code   668  stm32f407xx_gpio_driver.o(.text.GPIO_PeriClockControl)
    HSI_Mesurement                           0x080008d9   Thumb Code    36  main.o(.text.HSI_Mesurement)
    SystemInit                               0x080008fd   Thumb Code    18  system_stm32f4xx.o(.text.SystemInit)
    main                                     0x08000911   Thumb Code    60  main.o(.text.main)
    _fp_init                                 0x0800094d   Thumb Code    26  fpinit.o(x$fpl$fpinit)
    __fplib_config_fpu_vfp                   0x08000965   Thumb Code     0  fpinit.o(x$fpl$fpinit)
    __fplib_config_pureend_doubles           0x08000965   Thumb Code     0  fpinit.o(x$fpl$fpinit)
    Region$$Table$$Base                      0x08000968   Number         0  anon$$obj.o(Region$$Table)
    Region$$Table$$Limit                     0x08000978   Number         0  anon$$obj.o(Region$$Table)
    __libspace_start                         0x20000000   Data          96  libspace.o(.bss)
    __temporary_stack_top$libspace           0x20000060   Data           0  libspace.o(.bss)



==============================================================================

Memory Map of the image

  Image Entry point : 0x08000239

  Load Region LR_1 (Base: 0x08000000, Size: 0x00000978, Max: 0xffffffff, ABSOLUTE)

    Execution Region ER_RO (Exec base: 0x08000000, Load base: 0x08000000, Size: 0x00000978, Max: 0xffffffff, ABSOLUTE)

    Exec Addr    Load Addr    Size         Type   Attr      Idx    E Section Name        Object

    0x08000000   0x08000000   0x00000188   Data   RO          173    RESET               startup_stm32f407xx.o
    0x08000188   0x08000188   0x00000008   Code   RO          198  * !!!main             c_w.l(__main.o)
    0x08000190   0x08000190   0x0000005c   Code   RO          363    !!!scatter          c_w.l(__scatter.o)
    0x080001ec   0x080001ec   0x00000002   Code   RO          364    !!handler_null      c_w.l(__scatter.o)
    0x080001ee   0x080001ee   0x00000002   PAD
    0x080001f0   0x080001f0   0x0000001c   Code   RO          367    !!handler_zi        c_w.l(__scatter_zi.o)
    0x0800020c   0x0800020c   0x00000002   Code   RO          225    .ARM.Collect$$libinit$$00000000  c_w.l(libinit.o)
    0x0800020e   0x0800020e   0x00000004   Code   RO          231    .ARM.Collect$$libinit$$00000001  c_w.l(libinit2.o)
    0x08000212   0x08000212   0x00000000   Code   RO          234    .ARM.Collect$$libinit$$00000004  c_w.l(libinit2.o)
    0x08000212   0x08000212   0x00000000   Code   RO          236    .ARM.Collect$$libinit$$00000006  c_w.l(libinit2.o)
    0x08000212   0x08000212   0x00000000   Code   RO          239    .ARM.Collect$$libinit$$0000000C  c_w.l(libinit2.o)
    0x08000212   0x08000212   0x00000000   Code   RO          241    .ARM.Collect$$libinit$$0000000E  c_w.l(libinit2.o)
    0x08000212   0x08000212   0x00000000   Code   RO          243    .ARM.Collect$$libinit$$00000010  c_w.l(libinit2.o)
    0x08000212   0x08000212   0x00000000   Code   RO          246    .ARM.Collect$$libinit$$00000013  c_w.l(libinit2.o)
    0x08000212   0x08000212   0x00000000   Code   RO          248    .ARM.Collect$$libinit$$00000015  c_w.l(libinit2.o)
    0x08000212   0x08000212   0x00000000   Code   RO          250    .ARM.Collect$$libinit$$00000017  c_w.l(libinit2.o)
    0x08000212   0x08000212   0x00000000   Code   RO          252    .ARM.Collect$$libinit$$00000019  c_w.l(libinit2.o)
    0x08000212   0x08000212   0x00000000   Code   RO          254    .ARM.Collect$$libinit$$0000001B  c_w.l(libinit2.o)
    0x08000212   0x08000212   0x00000000   Code   RO          256    .ARM.Collect$$libinit$$0000001D  c_w.l(libinit2.o)
    0x08000212   0x08000212   0x00000000   Code   RO          258    .ARM.Collect$$libinit$$0000001F  c_w.l(libinit2.o)
    0x08000212   0x08000212   0x00000000   Code   RO          260    .ARM.Collect$$libinit$$00000021  c_w.l(libinit2.o)
    0x08000212   0x08000212   0x00000000   Code   RO          262    .ARM.Collect$$libinit$$00000023  c_w.l(libinit2.o)
    0x08000212   0x08000212   0x00000000   Code   RO          264    .ARM.Collect$$libinit$$00000025  c_w.l(libinit2.o)
    0x08000212   0x08000212   0x00000000   Code   RO          266    .ARM.Collect$$libinit$$00000027  c_w.l(libinit2.o)
    0x08000212   0x08000212   0x00000000   Code   RO          270    .ARM.Collect$$libinit$$0000002E  c_w.l(libinit2.o)
    0x08000212   0x08000212   0x00000000   Code   RO          272    .ARM.Collect$$libinit$$00000030  c_w.l(libinit2.o)
    0x08000212   0x08000212   0x00000000   Code   RO          274    .ARM.Collect$$libinit$$00000032  c_w.l(libinit2.o)
    0x08000212   0x08000212   0x00000000   Code   RO          276    .ARM.Collect$$libinit$$00000034  c_w.l(libinit2.o)
    0x08000212   0x08000212   0x00000002   Code   RO          277    .ARM.Collect$$libinit$$00000035  c_w.l(libinit2.o)
    0x08000214   0x08000214   0x00000002   Code   RO          299    .ARM.Collect$$libshutdown$$00000000  c_w.l(libshutdown.o)
    0x08000216   0x08000216   0x00000000   Code   RO          314    .ARM.Collect$$libshutdown$$00000002  c_w.l(libshutdown2.o)
    0x08000216   0x08000216   0x00000000   Code   RO          316    .ARM.Collect$$libshutdown$$00000004  c_w.l(libshutdown2.o)
    0x08000216   0x08000216   0x00000000   Code   RO          319    .ARM.Collect$$libshutdown$$00000007  c_w.l(libshutdown2.o)
    0x08000216   0x08000216   0x00000000   Code   RO          322    .ARM.Collect$$libshutdown$$0000000A  c_w.l(libshutdown2.o)
    0x08000216   0x08000216   0x00000000   Code   RO          324    .ARM.Collect$$libshutdown$$0000000C  c_w.l(libshutdown2.o)
    0x08000216   0x08000216   0x00000000   Code   RO          327    .ARM.Collect$$libshutdown$$0000000F  c_w.l(libshutdown2.o)
    0x08000216   0x08000216   0x00000002   Code   RO          328    .ARM.Collect$$libshutdown$$00000010  c_w.l(libshutdown2.o)
    0x08000218   0x08000218   0x00000000   Code   RO          200    .ARM.Collect$$rtentry$$00000000  c_w.l(__rtentry.o)
    0x08000218   0x08000218   0x00000000   Code   RO          202    .ARM.Collect$$rtentry$$00000002  c_w.l(__rtentry2.o)
    0x08000218   0x08000218   0x00000006   Code   RO          214    .ARM.Collect$$rtentry$$00000004  c_w.l(__rtentry4.o)
    0x0800021e   0x0800021e   0x00000000   Code   RO          204    .ARM.Collect$$rtentry$$00000009  c_w.l(__rtentry2.o)
    0x0800021e   0x0800021e   0x00000004   Code   RO          205    .ARM.Collect$$rtentry$$0000000A  c_w.l(__rtentry2.o)
    0x08000222   0x08000222   0x00000000   Code   RO          207    .ARM.Collect$$rtentry$$0000000C  c_w.l(__rtentry2.o)
    0x08000222   0x08000222   0x00000008   Code   RO          208    .ARM.Collect$$rtentry$$0000000D  c_w.l(__rtentry2.o)
    0x0800022a   0x0800022a   0x00000002   Code   RO          229    .ARM.Collect$$rtexit$$00000000  c_w.l(rtexit.o)
    0x0800022c   0x0800022c   0x00000000   Code   RO          279    .ARM.Collect$$rtexit$$00000002  c_w.l(rtexit2.o)
    0x0800022c   0x0800022c   0x00000004   Code   RO          280    .ARM.Collect$$rtexit$$00000003  c_w.l(rtexit2.o)
    0x08000230   0x08000230   0x00000006   Code   RO          281    .ARM.Collect$$rtexit$$00000004  c_w.l(rtexit2.o)
    0x08000236   0x08000236   0x00000002   PAD
    0x08000238   0x08000238   0x00000040   Code   RO          174  * .text               startup_stm32f407xx.o
    0x08000278   0x08000278   0x00000006   Code   RO          196    .text               c_w.l(heapauxi.o)
    0x0800027e   0x0800027e   0x0000004a   Code   RO          216    .text               c_w.l(sys_stackheap_outer.o)
    0x080002c8   0x080002c8   0x00000012   Code   RO          218    .text               c_w.l(exit.o)
    0x080002da   0x080002da   0x00000002   PAD
    0x080002dc   0x080002dc   0x00000008   Code   RO          226    .text               c_w.l(libspace.o)
    0x080002e4   0x080002e4   0x0000000c   Code   RO          289    .text               c_w.l(sys_exit.o)
    0x080002f0   0x080002f0   0x00000002   Code   RO          304    .text               c_w.l(use_no_semi.o)
    0x080002f2   0x080002f2   0x00000000   Code   RO          306    .text               c_w.l(indicate_semi.o)
    0x080002f2   0x080002f2   0x00000002   PAD
    0x080002f4   0x080002f4   0x00000346   Code   RO           66    .text.GPIO_Init     stm32f407xx_gpio_driver.o
    0x0800063a   0x0800063a   0x00000002   PAD
    0x0800063c   0x0800063c   0x0000029c   Code   RO           64    .text.GPIO_PeriClockControl  stm32f407xx_gpio_driver.o
    0x080008d8   0x080008d8   0x00000024   Code   RO            4    .text.HSI_Mesurement  main.o
    0x080008fc   0x080008fc   0x00000012   Code   RO          181    .text.SystemInit    system_stm32f4xx.o
    0x0800090e   0x0800090e   0x00000002   PAD
    0x08000910   0x08000910   0x0000003c   Code   RO            2    .text.main          main.o
    0x0800094c   0x0800094c   0x0000001a   Code   RO          287    x$fpl$fpinit        fz_wm.l(fpinit.o)
    0x08000966   0x08000966   0x00000002   PAD
    0x08000968   0x08000968   0x00000010   Data   RO          362    Region$$Table       anon$$obj.o


    Execution Region ER_RW (Exec base: 0x20000000, Load base: 0x08000978, Size: 0x00000000, Max: 0xffffffff, ABSOLUTE)

    **** No section assigned to this execution region ****


    Execution Region ER_ZI (Exec base: 0x20000000, Load base: 0x08000978, Size: 0x00000660, Max: 0xffffffff, ABSOLUTE)

    Exec Addr    Load Addr    Size         Type   Attr      Idx    E Section Name        Object

    0x20000000        -       0x00000060   Zero   RW          227    .bss                c_w.l(libspace.o)
    0x20000060        -       0x00000200   Zero   RW          172    HEAP                startup_stm32f407xx.o
    0x20000260        -       0x00000400   Zero   RW          171    STACK               startup_stm32f407xx.o


==============================================================================

Image component sizes


      Code (inc. data)   RO Data    RW Data    ZI Data      Debug   Object Name

        96          0          0          0          0       1802   main.o
        64         26        392          0       1536        904   startup_stm32f407xx.o
      1506          0          0          0          0       5203   stm32f407xx_gpio_driver.o
        18          0          0          0          0       2660   system_stm32f4xx.o

    ----------------------------------------------------------------------
      1688         26        408          0       1536      10569   Object Totals
         0          0         16          0          0          0   (incl. Generated)
         4          0          0          0          0          0   (incl. Padding)

    ----------------------------------------------------------------------

      Code (inc. data)   RO Data    RW Data    ZI Data      Debug   Library Member Name

         8          0          0          0          0         68   __main.o
         0          0          0          0          0          0   __rtentry.o
        12          0          0          0          0          0   __rtentry2.o
         6          0          0          0          0          0   __rtentry4.o
        94          8          0          0          0          0   __scatter.o
        28          0          0          0          0          0   __scatter_zi.o
        18          0          0          0          0         80   exit.o
         6          0          0          0          0        152   heapauxi.o
         0          0          0          0          0          0   indicate_semi.o
         2          0          0          0          0          0   libinit.o
         6          0          0          0          0          0   libinit2.o
         2          0          0          0          0          0   libshutdown.o
         2          0          0          0          0          0   libshutdown2.o
         8          4          0          0         96         68   libspace.o
         2          0          0          0          0          0   rtexit.o
        10          0          0          0          0          0   rtexit2.o
        12          4          0          0          0         68   sys_exit.o
        74          0          0          0          0         80   sys_stackheap_outer.o
         2          0          0          0          0         68   use_no_semi.o
        26          0          0          0          0        116   fpinit.o

    ----------------------------------------------------------------------
       328         16          0          0         96        700   Library Totals
        10          0          0          0          0          0   (incl. Padding)

    ----------------------------------------------------------------------

      Code (inc. data)   RO Data    RW Data    ZI Data      Debug   Library Name

       292         16          0          0         96        584   c_w.l
        26          0          0          0          0        116   fz_wm.l

    ----------------------------------------------------------------------
       328         16          0          0         96        700   Library Totals

    ----------------------------------------------------------------------

==============================================================================


      Code (inc. data)   RO Data    RW Data    ZI Data      Debug   

      2016         42        408          0       1632      11073   Grand Totals
      2016         42        408          0       1632      11073   ELF Image Totals
      2016         42        408          0          0          0   ROM Totals

==============================================================================

    Total RO  Size (Code + RO Data)                 2424 (   2.37kB)
    Total RW  Size (RW Data + ZI Data)              1632 (   1.59kB)
    Total ROM Size (Code + RO Data + RW Data)       2424 (   2.37kB)

==============================================================================

