<html>
<body>
<pre>
<h1>µVision Build Log</h1>
<h2>Tool Versions:</h2>
IDE-Version: µVision V5.39.0.0
Copyright (C) 2023 ARM Ltd and ARM Germany GmbH. All rights reserved.
License Information: nguyen trong_thuy, non, LIC=----
 
Tool Versions:
Toolchain:       MDK-Lite  Version: 5.39.0.0
Toolchain Path:  C:\Keil_v5\ARM\ARMCLANG\Bin
C Compiler:      ArmClang.exe V6.21
Assembler:       Armasm.exe V6.21
Linker/Locator:  ArmLink.exe V6.21
Library Manager: ArmAr.exe V6.21
Hex Converter:   FromElf.exe V6.21
CPU DLL:         SARMCM3.DLL V5.39.0.0
Dialog DLL:      DARMSTM.DLL V1.69.1.0
Target DLL:      STLink\ST-LINKIII-KEIL_SWO.dll V3.2.0.0
Dialog DLL:      TCM.DLL V1.56.4.0
 
<h2>Project:</h2>
E:\2.Embedded\microtroller\3.stm32fx\reg\stm32f1_deviot\ADC\MDK-ARM\ADC.uvprojx
Project File Date:  05/03/2024

<h2>Output:</h2>
*** Using Compiler 'V6.21', folder: 'C:\Keil_v5\ARM\ARMCLANG\Bin'
Rebuild target 'ADC'
assembling startup_stm32f103xb.s...
compiling stm32f1xx_hal_msp.c...
compiling stm32f1xx_it.c...
compiling stm32f1xx_hal_gpio_ex.c...
compiling stm32f1xx_hal.c...
compiling stm32f1xx_hal_adc_ex.c...
compiling stm32f1xx_hal_rcc_ex.c...
../Core/Src/main.c(62): warning: incompatible pointer types passing 'uint32_t *' (aka 'unsigned int *') to parameter of type 'ADC_HandleTypeDef *' (aka 'struct __ADC_HandleTypeDef *') [-Wincompatible-pointer-types]
   62 |         HAL_ADC_Start(&channel);
      |                       ^~~~~~~~
../Drivers/STM32F1xx_HAL_Driver/Inc\stm32f1xx_hal_adc.h(918): note: passing argument to parameter 'hadc' here
  918 | HAL_StatusTypeDef       HAL_ADC_Start(ADC_HandleTypeDef* hadc);
      |                                                          ^
../Core/Src/main.c(63): warning: incompatible pointer types passing 'uint32_t *' (aka 'unsigned int *') to parameter of type 'ADC_HandleTypeDef *' (aka 'struct __ADC_HandleTypeDef *') [-Wincompatible-pointer-types]
   63 |         HAL_ADC_PollForConversion(&channel,1000);
      |                                   ^~~~~~~~
../Drivers/STM32F1xx_HAL_Driver/Inc\stm32f1xx_hal_adc.h(920): note: passing argument to parameter 'hadc' here
  920 | HAL_StatusTypeDef       HAL_ADC_PollForConversion(ADC_HandleTypeDef* hadc, uint32_t Timeout);
      |                                                                      ^
../Core/Src/main.c(64): warning: incompatible pointer types passing 'uint32_t *' (aka 'unsigned int *') to parameter of type 'ADC_HandleTypeDef *' (aka 'struct __ADC_HandleTypeDef *') [-Wincompatible-pointer-types]
   64 |         uint16_t adc_va = HAL_ADC_GetValue(&channel);
      |                                            ^~~~~~~~
../Drivers/STM32F1xx_HAL_Driver/Inc\stm32f1xx_hal_adc.h(932): note: passing argument to parameter 'hadc' here
  932 | uint32_t                HAL_ADC_GetValue(ADC_HandleTypeDef* hadc);
      |                                                             ^
../Core/Src/main.c(65): warning: incompatible pointer types passing 'uint32_t *' (aka 'unsigned int *') to parameter of type 'ADC_HandleTypeDef *' (aka 'struct __ADC_HandleTypeDef *') [-Wincompatible-pointer-types]
   65 |         HAL_ADC_Stop(&channel);
      |                      ^~~~~~~~
../Drivers/STM32F1xx_HAL_Driver/Inc\stm32f1xx_hal_adc.h(919): note: passing argument to parameter 'hadc' here
  919 | HAL_StatusTypeDef       HAL_ADC_Stop(ADC_HandleTypeDef* hadc);
      |                                                         ^
4 warnings generated.
compiling main.c...
compiling stm32f1xx_hal_gpio.c...
compiling stm32f1xx_hal_rcc.c...
compiling stm32f1xx_hal_adc.c...
compiling stm32f1xx_hal_tim.c...
compiling stm32f1xx_hal_cortex.c...
compiling stm32f1xx_hal_exti.c...
compiling stm32f1xx_hal_pwr.c...
compiling stm32f1xx_hal_dma.c...
compiling stm32f1xx_hal_flash.c...
compiling stm32f1xx_hal_flash_ex.c...
compiling stm32f1xx_hal_tim_ex.c...
compiling system_stm32f1xx.c...
linking...
Program Size: Code=5052 RO-data=312 RW-data=12 ZI-data=1692  
FromELF: creating hex file...
"ADC\ADC.axf" - 0 Error(s), 4 Warning(s).

<h2>Software Packages used:</h2>

Package Vendor: ARM
                http://www.keil.com/pack/ARM.CMSIS.5.9.0.pack
                ARM::CMSIS@5.9.0
                CMSIS (Common Microcontroller Software Interface Standard)
   * Component: CORE Version: 5.6.0

Package Vendor: Keil
                https://www.keil.com/pack/Keil.STM32F1xx_DFP.2.4.1.pack
                Keil::STM32F1xx_DFP@2.4.1
                STMicroelectronics STM32F1 Series Device Support, Drivers and Examples

<h2>Collection of Component include folders:</h2>
  ./RTE/_ADC
  C:/Users/ASUS/AppData/Local/Arm/Packs/ARM/CMSIS/5.9.0/CMSIS/Core/Include
  C:/Users/ASUS/AppData/Local/Arm/Packs/Keil/STM32F1xx_DFP/2.4.1/Device/Include

<h2>Collection of Component Files used:</h2>

   * Component: ARM::CMSIS:CORE@5.6.0
      Include file:  CMSIS/Core/Include/tz_context.h
Build Time Elapsed:  00:00:01
</pre>
</body>
</html>
